Output 1:
Chet was added
They are player number 1
Pat was added
They are player number 2
Sue was added
They are player number 3
Chet is the current player
They have rolled a 3
Chet's new location is 3
The category is Rock
Rock Question 0
Answer was corrent!!!!
Chet now has 1 Gold Coins.
Pat is the current player
They have rolled a 3
Pat's new location is 3
The category is Rock
Rock Question 1
Answer was corrent!!!!
Pat now has 1 Gold Coins.
Sue is the current player
They have rolled a 2
Sue's new location is 2
The category is Sports
Sports Question 0
Answer was corrent!!!!
Sue now has 1 Gold Coins.
Chet is the current player
They have rolled a 1
Chet's new location is 4
The category is Pop
Pop Question 0
Answer was corrent!!!!
Chet now has 2 Gold Coins.
Pat is the current player
They have rolled a 2
Pat's new location is 5
The category is Science
Science Question 0
Answer was corrent!!!!
Pat now has 2 Gold Coins.
Sue is the current player
They have rolled a 2
Sue's new location is 4
The category is Pop
Pop Question 1
Answer was corrent!!!!
Sue now has 2 Gold Coins.
Chet is the current player
They have rolled a 1
Chet's new location is 5
The category is Science
Science Question 1
Answer was corrent!!!!
Chet now has 3 Gold Coins.
Pat is the current player
They have rolled a 3
Pat's new location is 8
The category is Pop
Pop Question 2
Answer was corrent!!!!
Pat now has 3 Gold Coins.
Sue is the current player
They have rolled a 3
Sue's new location is 7
The category is Rock
Rock Question 2
Answer was corrent!!!!
Sue now has 3 Gold Coins.
Chet is the current player
They have rolled a 2
Chet's new location is 7
The category is Rock
Rock Question 3
Answer was corrent!!!!
Chet now has 4 Gold Coins.
Pat is the current player
They have rolled a 1
Pat's new location is 9
The category is Science
Science Question 2
Answer was corrent!!!!
Pat now has 4 Gold Coins.
Sue is the current player
They have rolled a 4
Sue's new location is 11
The category is Rock
Rock Question 4
Answer was corrent!!!!
Sue now has 4 Gold Coins.
Chet is the current player
They have rolled a 3
Chet's new location is 10
The category is Sports
Sports Question 1
Answer was corrent!!!!
Chet now has 5 Gold Coins.
Pat is the current player
They have rolled a 1
Pat's new location is 10
The category is Sports
Sports Question 2
Answer was corrent!!!!
Pat now has 5 Gold Coins.
Sue is the current player
They have rolled a 2
Sue's new location is 1
The category is Science
Science Question 3
Answer was corrent!!!!
Sue now has 5 Gold Coins.
Chet is the current player
They have rolled a 1
Chet's new location is 11
The category is Rock
Rock Question 5
Answer was corrent!!!!
Chet now has 6 Gold Coins.


Output 2:
Chet was added
They are player number 1
Pat was added
They are player number 2
Sue was added
They are player number 3
Chet is the current player
They have rolled a 4
Chet's new location is 4
The category is Pop
Pop Question 0
Question was incorrectly answered
Chet was sent to the penalty box
Pat is the current player
They have rolled a 1
Pat's new location is 1
The category is Science
Science Question 0
Answer was corrent!!!!
Pat now has 1 Gold Coins.
Sue is the current player
They have rolled a 4
Sue's new location is 4
The category is Pop
Pop Question 1
Answer was corrent!!!!
Sue now has 1 Gold Coins.
Chet is the current player
They have rolled a 3
Chet is getting out of the penalty box
Chet's new location is 7
The category is Rock
Rock Question 0
Answer was corrent!!!!
Chet now has 1 Gold Coins.
Pat is the current player
They have rolled a 1
Pat's new location is 2
The category is Sports
Sports Question 0
Answer was corrent!!!!
Pat now has 2 Gold Coins.
Sue is the current player
They have rolled a 5
Sue's new location is 9
The category is Science
Science Question 1
Answer was corrent!!!!
Sue now has 2 Gold Coins.
Chet is the current player
They have rolled a 5
Chet's new location is 0
The category is Pop
Pop Question 2
Answer was corrent!!!!
Chet now has 2 Gold Coins.
Pat is the current player
They have rolled a 2
Pat's new location is 4
The category is Pop
Pop Question 3
Answer was corrent!!!!
Pat now has 3 Gold Coins.
Sue is the current player
They have rolled a 2
Sue's new location is 11
The category is Rock
Rock Question 1
Answer was corrent!!!!
Sue now has 3 Gold Coins.
Chet is the current player
They have rolled a 1
Chet's new location is 1
The category is Science
Science Question 2
Answer was corrent!!!!
Chet now has 3 Gold Coins.
Pat is the current player
They have rolled a 4
Pat's new location is 8
The category is Pop
Pop Question 4
Answer was corrent!!!!
Pat now has 4 Gold Coins.
Sue is the current player
They have rolled a 1
Sue's new location is 0
The category is Pop
Pop Question 5
Question was incorrectly answered
Sue was sent to the penalty box
Chet is the current player
They have rolled a 4
Chet's new location is 5
The category is Science
Science Question 3
Answer was corrent!!!!
Chet now has 4 Gold Coins.
Pat is the current player
They have rolled a 4
Pat's new location is 0
The category is Pop
Pop Question 6
Answer was corrent!!!!
Pat now has 5 Gold Coins.
Sue is the current player
They have rolled a 2
Sue is not getting out of the penalty box
Answer was corrent!!!!
Sue now has 4 Gold Coins.
Chet is the current player
They have rolled a 1
Chet's new location is 6
The category is Sports
Sports Question 1
Answer was corrent!!!!
Chet now has 5 Gold Coins.
Pat is the current player
They have rolled a 2
Pat's new location is 2
The category is Sports
Sports Question 2
Question was incorrectly answered
Pat was sent to the penalty box
Sue is the current player
They have rolled a 5
Sue is getting out of the penalty box
Sue's new location is 5
The category is Science
Science Question 4
Answer was corrent!!!!
Sue now has 5 Gold Coins.
Chet is the current player
They have rolled a 3
Chet's new location is 9
The category is Science
Science Question 5
Answer was corrent!!!!
Chet now has 6 Gold Coins.


Output 3:
Chet was added
They are player number 1
Pat was added
They are player number 2
Sue was added
They are player number 3
Chet is the current player
They have rolled a 5
Chet's new location is 5
The category is Science
Science Question 0
Answer was corrent!!!!
Chet now has 1 Gold Coins.
Pat is the current player
They have rolled a 2
Pat's new location is 2
The category is Sports
Sports Question 0
Answer was corrent!!!!
Pat now has 1 Gold Coins.
Sue is the current player
They have rolled a 3
Sue's new location is 3
The category is Rock
Rock Question 0
Answer was corrent!!!!
Sue now has 1 Gold Coins.
Chet is the current player
They have rolled a 2
Chet's new location is 7
The category is Rock
Rock Question 1
Answer was corrent!!!!
Chet now has 2 Gold Coins.
Pat is the current player
They have rolled a 5
Pat's new location is 7
The category is Rock
Rock Question 2
Answer was corrent!!!!
Pat now has 2 Gold Coins.
Sue is the current player
They have rolled a 1
Sue's new location is 4
The category is Pop
Pop Question 0
Question was incorrectly answered
Sue was sent to the penalty box
Chet is the current player
They have rolled a 1
Chet's new location is 8
The category is Pop
Pop Question 1
Answer was corrent!!!!
Chet now has 3 Gold Coins.
Pat is the current player
They have rolled a 5
Pat's new location is 0
The category is Pop
Pop Question 2
Answer was corrent!!!!
Pat now has 3 Gold Coins.
Sue is the current player
They have rolled a 3
Sue is getting out of the penalty box
Sue's new location is 7
The category is Rock
Rock Question 3
Question was incorrectly answered
Sue was sent to the penalty box
Chet is the current player
They have rolled a 4
Chet's new location is 0
The category is Pop
Pop Question 3
Answer was corrent!!!!
Chet now has 4 Gold Coins.
Pat is the current player
They have rolled a 4
Pat's new location is 4
The category is Pop
Pop Question 4
Answer was corrent!!!!
Pat now has 4 Gold Coins.
Sue is the current player
They have rolled a 3
Sue is getting out of the penalty box
Sue's new location is 10
The category is Sports
Sports Question 1
Answer was corrent!!!!
Sue now has 2 Gold Coins.
Chet is the current player
They have rolled a 4
Chet's new location is 4
The category is Pop
Pop Question 5
Answer was corrent!!!!
Chet now has 5 Gold Coins.
Pat is the current player
They have rolled a 4
Pat's new location is 8
The category is Pop
Pop Question 6
Answer was corrent!!!!
Pat now has 5 Gold Coins.
Sue is the current player
They have rolled a 4
Sue's new location is 2
The category is Sports
Sports Question 2
Answer was corrent!!!!
Sue now has 3 Gold Coins.
Chet is the current player
They have rolled a 2
Chet's new location is 6
The category is Sports
Sports Question 3
Answer was corrent!!!!
Chet now has 6 Gold Coins.


Output 4:
Chet was added
They are player number 1
Pat was added
They are player number 2
Sue was added
They are player number 3
Chet is the current player
They have rolled a 4
Chet's new location is 4
The category is Pop
Pop Question 0
Answer was corrent!!!!
Chet now has 1 Gold Coins.
Pat is the current player
They have rolled a 2
Pat's new location is 2
The category is Sports
Sports Question 0
Answer was corrent!!!!
Pat now has 1 Gold Coins.
Sue is the current player
They have rolled a 3
Sue's new location is 3
The category is Rock
Rock Question 0
Answer was corrent!!!!
Sue now has 1 Gold Coins.
Chet is the current player
They have rolled a 4
Chet's new location is 8
The category is Pop
Pop Question 1
Answer was corrent!!!!
Chet now has 2 Gold Coins.
Pat is the current player
They have rolled a 5
Pat's new location is 7
The category is Rock
Rock Question 1
Answer was corrent!!!!
Pat now has 2 Gold Coins.
Sue is the current player
They have rolled a 1
Sue's new location is 4
The category is Pop
Pop Question 2
Answer was corrent!!!!
Sue now has 2 Gold Coins.
Chet is the current player
They have rolled a 5
Chet's new location is 1
The category is Science
Science Question 0
Answer was corrent!!!!
Chet now has 3 Gold Coins.
Pat is the current player
They have rolled a 3
Pat's new location is 10
The category is Sports
Sports Question 1
Answer was corrent!!!!
Pat now has 3 Gold Coins.
Sue is the current player
They have rolled a 3
Sue's new location is 7
The category is Rock
Rock Question 2
Answer was corrent!!!!
Sue now has 3 Gold Coins.
Chet is the current player
They have rolled a 3
Chet's new location is 4
The category is Pop
Pop Question 3
Answer was corrent!!!!
Chet now has 4 Gold Coins.
Pat is the current player
They have rolled a 5
Pat's new location is 3
The category is Rock
Rock Question 3
Answer was corrent!!!!
Pat now has 4 Gold Coins.
Sue is the current player
They have rolled a 5
Sue's new location is 0
The category is Pop
Pop Question 4
Answer was corrent!!!!
Sue now has 4 Gold Coins.
Chet is the current player
They have rolled a 1
Chet's new location is 5
The category is Science
Science Question 1
Answer was corrent!!!!
Chet now has 5 Gold Coins.
Pat is the current player
They have rolled a 3
Pat's new location is 6
The category is Sports
Sports Question 2
Answer was corrent!!!!
Pat now has 5 Gold Coins.
Sue is the current player
They have rolled a 1
Sue's new location is 1
The category is Science
Science Question 2
Answer was corrent!!!!
Sue now has 5 Gold Coins.
Chet is the current player
They have rolled a 2
Chet's new location is 7
The category is Rock
Rock Question 4
Answer was corrent!!!!
Chet now has 6 Gold Coins.


Output 5:
Chet was added
They are player number 1
Pat was added
They are player number 2
Sue was added
They are player number 3
Chet is the current player
They have rolled a 2
Chet's new location is 2
The category is Sports
Sports Question 0
Answer was corrent!!!!
Chet now has 1 Gold Coins.
Pat is the current player
They have rolled a 1
Pat's new location is 1
The category is Science
Science Question 0
Answer was corrent!!!!
Pat now has 1 Gold Coins.
Sue is the current player
They have rolled a 5
Sue's new location is 5
The category is Science
Science Question 1
Answer was corrent!!!!
Sue now has 1 Gold Coins.
Chet is the current player
They have rolled a 3
Chet's new location is 5
The category is Science
Science Question 2
Answer was corrent!!!!
Chet now has 2 Gold Coins.
Pat is the current player
They have rolled a 1
Pat's new location is 2
The category is Sports
Sports Question 1
Answer was corrent!!!!
Pat now has 2 Gold Coins.
Sue is the current player
They have rolled a 1
Sue's new location is 6
The category is Sports
Sports Question 2
Answer was corrent!!!!
Sue now has 2 Gold Coins.
Chet is the current player
They have rolled a 2
Chet's new location is 7
The category is Rock
Rock Question 0
Answer was corrent!!!!
Chet now has 3 Gold Coins.
Pat is the current player
They have rolled a 1
Pat's new location is 3
The category is Rock
Rock Question 1
Answer was corrent!!!!
Pat now has 3 Gold Coins.
Sue is the current player
They have rolled a 3
Sue's new location is 9
The category is Science
Science Question 3
Answer was corrent!!!!
Sue now has 3 Gold Coins.
Chet is the current player
They have rolled a 2
Chet's new location is 9
The category is Science
Science Question 4
Answer was corrent!!!!
Chet now has 4 Gold Coins.
Pat is the current player
They have rolled a 1
Pat's new location is 4
The category is Pop
Pop Question 0
Answer was corrent!!!!
Pat now has 4 Gold Coins.
Sue is the current player
They have rolled a 3
Sue's new location is 0
The category is Pop
Pop Question 1
Answer was corrent!!!!
Sue now has 4 Gold Coins.
Chet is the current player
They have rolled a 2
Chet's new location is 11
The category is Rock
Rock Question 2
Question was incorrectly answered
Chet was sent to the penalty box
Pat is the current player
They have rolled a 5
Pat's new location is 9
The category is Science
Science Question 5
Answer was corrent!!!!
Pat now has 5 Gold Coins.
Sue is the current player
They have rolled a 2
Sue's new location is 2
The category is Sports
Sports Question 3
Answer was corrent!!!!
Sue now has 5 Gold Coins.
Chet is the current player
They have rolled a 4
Chet is not getting out of the penalty box
Answer was corrent!!!!
Chet now has 5 Gold Coins.
Pat is the current player
They have rolled a 4
Pat's new location is 1
The category is Science
Science Question 6
Answer was corrent!!!!
Pat now has 6 Gold Coins.


Output 6:
Chet was added
They are player number 1
Pat was added
They are player number 2
Sue was added
They are player number 3
Chet is the current player
They have rolled a 3
Chet's new location is 3
The category is Rock
Rock Question 0
Answer was corrent!!!!
Chet now has 1 Gold Coins.
Pat is the current player
They have rolled a 5
Pat's new location is 5
The category is Science
Science Question 0
Answer was corrent!!!!
Pat now has 1 Gold Coins.
Sue is the current player
They have rolled a 5
Sue's new location is 5
The category is Science
Science Question 1
Answer was corrent!!!!
Sue now has 1 Gold Coins.
Chet is the current player
They have rolled a 4
Chet's new location is 7
The category is Rock
Rock Question 1
Answer was corrent!!!!
Chet now has 2 Gold Coins.
Pat is the current player
They have rolled a 5
Pat's new location is 10
The category is Sports
Sports Question 0
Answer was corrent!!!!
Pat now has 2 Gold Coins.
Sue is the current player
They have rolled a 1
Sue's new location is 6
The category is Sports
Sports Question 1
Answer was corrent!!!!
Sue now has 2 Gold Coins.
Chet is the current player
They have rolled a 2
Chet's new location is 9
The category is Science
Science Question 2
Answer was corrent!!!!
Chet now has 3 Gold Coins.
Pat is the current player
They have rolled a 1
Pat's new location is 11
The category is Rock
Rock Question 2
Question was incorrectly answered
Pat was sent to the penalty box
Sue is the current player
They have rolled a 5
Sue's new location is 11
The category is Rock
Rock Question 3
Answer was corrent!!!!
Sue now has 3 Gold Coins.
Chet is the current player
They have rolled a 4
Chet's new location is 1
The category is Science
Science Question 3
Answer was corrent!!!!
Chet now has 4 Gold Coins.
Pat is the current player
They have rolled a 5
Pat is getting out of the penalty box
Pat's new location is 4
The category is Pop
Pop Question 0
Answer was corrent!!!!
Pat now has 3 Gold Coins.
Sue is the current player
They have rolled a 4
Sue's new location is 3
The category is Rock
Rock Question 4
Answer was corrent!!!!
Sue now has 4 Gold Coins.
Chet is the current player
They have rolled a 3
Chet's new location is 4
The category is Pop
Pop Question 1
Question was incorrectly answered
Chet was sent to the penalty box
Pat is the current player
They have rolled a 5
Pat's new location is 9
The category is Science
Science Question 4
Answer was corrent!!!!
Pat now has 4 Gold Coins.
Sue is the current player
They have rolled a 2
Sue's new location is 5
The category is Science
Science Question 5
Answer was corrent!!!!
Sue now has 5 Gold Coins.
Chet is the current player
They have rolled a 1
Chet is getting out of the penalty box
Chet's new location is 5
The category is Science
Science Question 6
Answer was corrent!!!!
Chet now has 5 Gold Coins.
Pat is the current player
They have rolled a 5
Pat's new location is 2
The category is Sports
Sports Question 2
Answer was corrent!!!!
Pat now has 5 Gold Coins.
Sue is the current player
They have rolled a 3
Sue's new location is 8
The category is Pop
Pop Question 2
Answer was corrent!!!!
Sue now has 6 Gold Coins.


Output 7:
Chet was added
They are player number 1
Pat was added
They are player number 2
Sue was added
They are player number 3
Chet is the current player
They have rolled a 4
Chet's new location is 4
The category is Pop
Pop Question 0
Answer was corrent!!!!
Chet now has 1 Gold Coins.
Pat is the current player
They have rolled a 5
Pat's new location is 5
The category is Science
Science Question 0
Answer was corrent!!!!
Pat now has 1 Gold Coins.
Sue is the current player
They have rolled a 4
Sue's new location is 4
The category is Pop
Pop Question 1
Answer was corrent!!!!
Sue now has 1 Gold Coins.
Chet is the current player
They have rolled a 1
Chet's new location is 5
The category is Science
Science Question 1
Answer was corrent!!!!
Chet now has 2 Gold Coins.
Pat is the current player
They have rolled a 4
Pat's new location is 9
The category is Science
Science Question 2
Question was incorrectly answered
Pat was sent to the penalty box
Sue is the current player
They have rolled a 1
Sue's new location is 5
The category is Science
Science Question 3
Answer was corrent!!!!
Sue now has 2 Gold Coins.
Chet is the current player
They have rolled a 5
Chet's new location is 10
The category is Sports
Sports Question 0
Answer was corrent!!!!
Chet now has 3 Gold Coins.
Pat is the current player
They have rolled a 3
Pat is getting out of the penalty box
Pat's new location is 0
The category is Pop
Pop Question 2
Answer was corrent!!!!
Pat now has 2 Gold Coins.
Sue is the current player
They have rolled a 5
Sue's new location is 10
The category is Sports
Sports Question 1
Answer was corrent!!!!
Sue now has 3 Gold Coins.
Chet is the current player
They have rolled a 2
Chet's new location is 0
The category is Pop
Pop Question 3
Answer was corrent!!!!
Chet now has 4 Gold Coins.
Pat is the current player
They have rolled a 4
Pat's new location is 4
The category is Pop
Pop Question 4
Answer was corrent!!!!
Pat now has 3 Gold Coins.
Sue is the current player
They have rolled a 3
Sue's new location is 1
The category is Science
Science Question 4
Answer was corrent!!!!
Sue now has 4 Gold Coins.
Chet is the current player
They have rolled a 1
Chet's new location is 1
The category is Science
Science Question 5
Answer was corrent!!!!
Chet now has 5 Gold Coins.
Pat is the current player
They have rolled a 3
Pat's new location is 7
The category is Rock
Rock Question 0
Answer was corrent!!!!
Pat now has 4 Gold Coins.
Sue is the current player
They have rolled a 4
Sue's new location is 5
The category is Science
Science Question 6
Answer was corrent!!!!
Sue now has 5 Gold Coins.
Chet is the current player
They have rolled a 2
Chet's new location is 3
The category is Rock
Rock Question 1
Answer was corrent!!!!
Chet now has 6 Gold Coins.


Output 8:
Chet was added
They are player number 1
Pat was added
They are player number 2
Sue was added
They are player number 3
Chet is the current player
They have rolled a 5
Chet's new location is 5
The category is Science
Science Question 0
Answer was corrent!!!!
Chet now has 1 Gold Coins.
Pat is the current player
They have rolled a 2
Pat's new location is 2
The category is Sports
Sports Question 0
Answer was corrent!!!!
Pat now has 1 Gold Coins.
Sue is the current player
They have rolled a 2
Sue's new location is 2
The category is Sports
Sports Question 1
Question was incorrectly answered
Sue was sent to the penalty box
Chet is the current player
They have rolled a 5
Chet's new location is 10
The category is Sports
Sports Question 2
Answer was corrent!!!!
Chet now has 2 Gold Coins.
Pat is the current player
They have rolled a 4
Pat's new location is 6
The category is Sports
Sports Question 3
Answer was corrent!!!!
Pat now has 2 Gold Coins.
Sue is the current player
They have rolled a 1
Sue is getting out of the penalty box
Sue's new location is 3
The category is Rock
Rock Question 0
Answer was corrent!!!!
Sue now has 1 Gold Coins.
Chet is the current player
They have rolled a 2
Chet's new location is 0
The category is Pop
Pop Question 0
Answer was corrent!!!!
Chet now has 3 Gold Coins.
Pat is the current player
They have rolled a 5
Pat's new location is 11
The category is Rock
Rock Question 1
Question was incorrectly answered
Pat was sent to the penalty box
Sue is the current player
They have rolled a 1
Sue's new location is 4
The category is Pop
Pop Question 1
Answer was corrent!!!!
Sue now has 2 Gold Coins.
Chet is the current player
They have rolled a 5
Chet's new location is 5
The category is Science
Science Question 1
Answer was corrent!!!!
Chet now has 4 Gold Coins.
Pat is the current player
They have rolled a 3
Pat is getting out of the penalty box
Pat's new location is 2
The category is Sports
Sports Question 4
Answer was corrent!!!!
Pat now has 3 Gold Coins.
Sue is the current player
They have rolled a 5
Sue's new location is 9
The category is Science
Science Question 2
Answer was corrent!!!!
Sue now has 3 Gold Coins.
Chet is the current player
They have rolled a 1
Chet's new location is 6
The category is Sports
Sports Question 5
Answer was corrent!!!!
Chet now has 5 Gold Coins.
Pat is the current player
They have rolled a 3
Pat's new location is 5
The category is Science
Science Question 3
Answer was corrent!!!!
Pat now has 4 Gold Coins.
Sue is the current player
They have rolled a 5
Sue's new location is 2
The category is Sports
Sports Question 6
Answer was corrent!!!!
Sue now has 4 Gold Coins.
Chet is the current player
They have rolled a 2
Chet's new location is 8
The category is Pop
Pop Question 2
Question was incorrectly answered
Chet was sent to the penalty box
Pat is the current player
They have rolled a 2
Pat's new location is 7
The category is Rock
Rock Question 2
Answer was corrent!!!!
Pat now has 5 Gold Coins.
Sue is the current player
They have rolled a 4
Sue's new location is 6
The category is Sports
Sports Question 7
Answer was corrent!!!!
Sue now has 5 Gold Coins.
Chet is the current player
They have rolled a 3
Chet is getting out of the penalty box
Chet's new location is 11
The category is Rock
Rock Question 3
Answer was corrent!!!!
Chet now has 6 Gold Coins.


Output 9:
Chet was added
They are player number 1
Pat was added
They are player number 2
Sue was added
They are player number 3
Chet is the current player
They have rolled a 2
Chet's new location is 2
The category is Sports
Sports Question 0
Question was incorrectly answered
Chet was sent to the penalty box
Pat is the current player
They have rolled a 3
Pat's new location is 3
The category is Rock
Rock Question 0
Answer was corrent!!!!
Pat now has 1 Gold Coins.
Sue is the current player
They have rolled a 5
Sue's new location is 5
The category is Science
Science Question 0
Answer was corrent!!!!
Sue now has 1 Gold Coins.
Chet is the current player
They have rolled a 2
Chet is not getting out of the penalty box
Answer was corrent!!!!
Chet now has 1 Gold Coins.
Pat is the current player
They have rolled a 2
Pat's new location is 5
The category is Science
Science Question 1
Answer was corrent!!!!
Pat now has 2 Gold Coins.
Sue is the current player
They have rolled a 1
Sue's new location is 6
The category is Sports
Sports Question 1
Answer was corrent!!!!
Sue now has 2 Gold Coins.
Chet is the current player
They have rolled a 1
Chet is getting out of the penalty box
Chet's new location is 3
The category is Rock
Rock Question 1
Answer was corrent!!!!
Chet now has 2 Gold Coins.
Pat is the current player
They have rolled a 4
Pat's new location is 9
The category is Science
Science Question 2
Question was incorrectly answered
Pat was sent to the penalty box
Sue is the current player
They have rolled a 2
Sue's new location is 8
The category is Pop
Pop Question 0
Answer was corrent!!!!
Sue now has 3 Gold Coins.
Chet is the current player
They have rolled a 1
Chet's new location is 4
The category is Pop
Pop Question 1
Question was incorrectly answered
Chet was sent to the penalty box
Pat is the current player
They have rolled a 4
Pat is not getting out of the penalty box
Answer was corrent!!!!
Pat now has 3 Gold Coins.
Sue is the current player
They have rolled a 4
Sue's new location is 0
The category is Pop
Pop Question 2
Answer was corrent!!!!
Sue now has 4 Gold Coins.
Chet is the current player
They have rolled a 5
Chet is getting out of the penalty box
Chet's new location is 9
The category is Science
Science Question 3
Answer was corrent!!!!
Chet now has 3 Gold Coins.
Pat is the current player
They have rolled a 1
Pat is getting out of the penalty box
Pat's new location is 10
The category is Sports
Sports Question 2
Answer was corrent!!!!
Pat now has 4 Gold Coins.
Sue is the current player
They have rolled a 1
Sue's new location is 1
The category is Science
Science Question 4
Answer was corrent!!!!
Sue now has 5 Gold Coins.
Chet is the current player
They have rolled a 2
Chet's new location is 11
The category is Rock
Rock Question 2
Answer was corrent!!!!
Chet now has 4 Gold Coins.
Pat is the current player
They have rolled a 3
Pat's new location is 1
The category is Science
Science Question 5
Answer was corrent!!!!
Pat now has 5 Gold Coins.
Sue is the current player
They have rolled a 3
Sue's new location is 4
The category is Pop
Pop Question 3
Answer was corrent!!!!
Sue now has 6 Gold Coins.


Output 10:
Chet was added
They are player number 1
Pat was added
They are player number 2
Sue was added
They are player number 3
Chet is the current player
They have rolled a 2
Chet's new location is 2
The category is Sports
Sports Question 0
Answer was corrent!!!!
Chet now has 1 Gold Coins.
Pat is the current player
They have rolled a 1
Pat's new location is 1
The category is Science
Science Question 0
Answer was corrent!!!!
Pat now has 1 Gold Coins.
Sue is the current player
They have rolled a 1
Sue's new location is 1
The category is Science
Science Question 1
Answer was corrent!!!!
Sue now has 1 Gold Coins.
Chet is the current player
They have rolled a 1
Chet's new location is 3
The category is Rock
Rock Question 0
Answer was corrent!!!!
Chet now has 2 Gold Coins.
Pat is the current player
They have rolled a 1
Pat's new location is 2
The category is Sports
Sports Question 1
Answer was corrent!!!!
Pat now has 2 Gold Coins.
Sue is the current player
They have rolled a 1
Sue's new location is 2
The category is Sports
Sports Question 2
Answer was corrent!!!!
Sue now has 2 Gold Coins.
Chet is the current player
They have rolled a 5
Chet's new location is 8
The category is Pop
Pop Question 0
Answer was corrent!!!!
Chet now has 3 Gold Coins.
Pat is the current player
They have rolled a 4
Pat's new location is 6
The category is Sports
Sports Question 3
Answer was corrent!!!!
Pat now has 3 Gold Coins.
Sue is the current player
They have rolled a 5
Sue's new location is 7
The category is Rock
Rock Question 1
Answer was corrent!!!!
Sue now has 3 Gold Coins.
Chet is the current player
They have rolled a 5
Chet's new location is 1
The category is Science
Science Question 2
Answer was corrent!!!!
Chet now has 4 Gold Coins.
Pat is the current player
They have rolled a 1
Pat's new location is 7
The category is Rock
Rock Question 2
Answer was corrent!!!!
Pat now has 4 Gold Coins.
Sue is the current player
They have rolled a 3
Sue's new location is 10
The category is Sports
Sports Question 4
Answer was corrent!!!!
Sue now has 4 Gold Coins.
Chet is the current player
They have rolled a 1
Chet's new location is 2
The category is Sports
Sports Question 5
Answer was corrent!!!!
Chet now has 5 Gold Coins.
Pat is the current player
They have rolled a 2
Pat's new location is 9
The category is Science
Science Question 3
Answer was corrent!!!!
Pat now has 5 Gold Coins.
Sue is the current player
They have rolled a 5
Sue's new location is 3
The category is Rock
Rock Question 3
Question was incorrectly answered
Sue was sent to the penalty box
Chet is the current player
They have rolled a 1
Chet's new location is 3
The category is Rock
Rock Question 4
Answer was corrent!!!!
Chet now has 6 Gold Coins.


Output 11:
Chet was added
They are player number 1
Pat was added
They are player number 2
Sue was added
They are player number 3
Chet is the current player
They have rolled a 3
Chet's new location is 3
The category is Rock
Rock Question 0
Answer was corrent!!!!
Chet now has 1 Gold Coins.
Pat is the current player
They have rolled a 1
Pat's new location is 1
The category is Science
Science Question 0
Answer was corrent!!!!
Pat now has 1 Gold Coins.
Sue is the current player
They have rolled a 3
Sue's new location is 3
The category is Rock
Rock Question 1
Answer was corrent!!!!
Sue now has 1 Gold Coins.
Chet is the current player
They have rolled a 5
Chet's new location is 8
The category is Pop
Pop Question 0
Answer was corrent!!!!
Chet now has 2 Gold Coins.
Pat is the current player
They have rolled a 4
Pat's new location is 5
The category is Science
Science Question 1
Answer was corrent!!!!
Pat now has 2 Gold Coins.
Sue is the current player
They have rolled a 3
Sue's new location is 6
The category is Sports
Sports Question 0
Answer was corrent!!!!
Sue now has 2 Gold Coins.
Chet is the current player
They have rolled a 5
Chet's new location is 1
The category is Science
Science Question 2
Answer was corrent!!!!
Chet now has 3 Gold Coins.
Pat is the current player
They have rolled a 1
Pat's new location is 6
The category is Sports
Sports Question 1
Answer was corrent!!!!
Pat now has 3 Gold Coins.
Sue is the current player
They have rolled a 2
Sue's new location is 8
The category is Pop
Pop Question 1
Answer was corrent!!!!
Sue now has 3 Gold Coins.
Chet is the current player
They have rolled a 5
Chet's new location is 6
The category is Sports
Sports Question 2
Answer was corrent!!!!
Chet now has 4 Gold Coins.
Pat is the current player
They have rolled a 4
Pat's new location is 10
The category is Sports
Sports Question 3
Answer was corrent!!!!
Pat now has 4 Gold Coins.
Sue is the current player
They have rolled a 2
Sue's new location is 10
The category is Sports
Sports Question 4
Answer was corrent!!!!
Sue now has 4 Gold Coins.
Chet is the current player
They have rolled a 4
Chet's new location is 10
The category is Sports
Sports Question 5
Answer was corrent!!!!
Chet now has 5 Gold Coins.
Pat is the current player
They have rolled a 5
Pat's new location is 3
The category is Rock
Rock Question 2
Answer was corrent!!!!
Pat now has 5 Gold Coins.
Sue is the current player
They have rolled a 2
Sue's new location is 0
The category is Pop
Pop Question 2
Answer was corrent!!!!
Sue now has 5 Gold Coins.
Chet is the current player
They have rolled a 5
Chet's new location is 3
The category is Rock
Rock Question 3
Question was incorrectly answered
Chet was sent to the penalty box
Pat is the current player
They have rolled a 4
Pat's new location is 7
The category is Rock
Rock Question 4
Answer was corrent!!!!
Pat now has 6 Gold Coins.


Output 12:
Chet was added
They are player number 1
Pat was added
They are player number 2
Sue was added
They are player number 3
Chet is the current player
They have rolled a 3
Chet's new location is 3
The category is Rock
Rock Question 0
Answer was corrent!!!!
Chet now has 1 Gold Coins.
Pat is the current player
They have rolled a 5
Pat's new location is 5
The category is Science
Science Question 0
Answer was corrent!!!!
Pat now has 1 Gold Coins.
Sue is the current player
They have rolled a 3
Sue's new location is 3
The category is Rock
Rock Question 1
Answer was corrent!!!!
Sue now has 1 Gold Coins.
Chet is the current player
They have rolled a 2
Chet's new location is 5
The category is Science
Science Question 1
Answer was corrent!!!!
Chet now has 2 Gold Coins.
Pat is the current player
They have rolled a 3
Pat's new location is 8
The category is Pop
Pop Question 0
Answer was corrent!!!!
Pat now has 2 Gold Coins.
Sue is the current player
They have rolled a 2
Sue's new location is 5
The category is Science
Science Question 2
Question was incorrectly answered
Sue was sent to the penalty box
Chet is the current player
They have rolled a 3
Chet's new location is 8
The category is Pop
Pop Question 1
Question was incorrectly answered
Chet was sent to the penalty box
Pat is the current player
They have rolled a 2
Pat's new location is 10
The category is Sports
Sports Question 0
Answer was corrent!!!!
Pat now has 3 Gold Coins.
Sue is the current player
They have rolled a 4
Sue is not getting out of the penalty box
Answer was corrent!!!!
Sue now has 2 Gold Coins.
Chet is the current player
They have rolled a 5
Chet is getting out of the penalty box
Chet's new location is 1
The category is Science
Science Question 3
Answer was corrent!!!!
Chet now has 3 Gold Coins.
Pat is the current player
They have rolled a 3
Pat's new location is 1
The category is Science
Science Question 4
Answer was corrent!!!!
Pat now has 4 Gold Coins.
Sue is the current player
They have rolled a 3
Sue is getting out of the penalty box
Sue's new location is 8
The category is Pop
Pop Question 2
Answer was corrent!!!!
Sue now has 3 Gold Coins.
Chet is the current player
They have rolled a 5
Chet's new location is 6
The category is Sports
Sports Question 1
Question was incorrectly answered
Chet was sent to the penalty box
Pat is the current player
They have rolled a 3
Pat's new location is 4
The category is Pop
Pop Question 3
Answer was corrent!!!!
Pat now has 5 Gold Coins.
Sue is the current player
They have rolled a 3
Sue's new location is 11
The category is Rock
Rock Question 2
Answer was corrent!!!!
Sue now has 4 Gold Coins.
Chet is the current player
They have rolled a 4
Chet is not getting out of the penalty box
Answer was corrent!!!!
Chet now has 4 Gold Coins.
Pat is the current player
They have rolled a 5
Pat's new location is 9
The category is Science
Science Question 5
Answer was corrent!!!!
Pat now has 6 Gold Coins.


Output 13:
Chet was added
They are player number 1
Pat was added
They are player number 2
Sue was added
They are player number 3
Chet is the current player
They have rolled a 5
Chet's new location is 5
The category is Science
Science Question 0
Answer was corrent!!!!
Chet now has 1 Gold Coins.
Pat is the current player
They have rolled a 5
Pat's new location is 5
The category is Science
Science Question 1
Answer was corrent!!!!
Pat now has 1 Gold Coins.
Sue is the current player
They have rolled a 1
Sue's new location is 1
The category is Science
Science Question 2
Answer was corrent!!!!
Sue now has 1 Gold Coins.
Chet is the current player
They have rolled a 2
Chet's new location is 7
The category is Rock
Rock Question 0
Answer was corrent!!!!
Chet now has 2 Gold Coins.
Pat is the current player
They have rolled a 5
Pat's new location is 10
The category is Sports
Sports Question 0
Answer was corrent!!!!
Pat now has 2 Gold Coins.
Sue is the current player
They have rolled a 3
Sue's new location is 4
The category is Pop
Pop Question 0
Answer was corrent!!!!
Sue now has 2 Gold Coins.
Chet is the current player
They have rolled a 4
Chet's new location is 11
The category is Rock
Rock Question 1
Answer was corrent!!!!
Chet now has 3 Gold Coins.
Pat is the current player
They have rolled a 3
Pat's new location is 1
The category is Science
Science Question 3
Answer was corrent!!!!
Pat now has 3 Gold Coins.
Sue is the current player
They have rolled a 5
Sue's new location is 9
The category is Science
Science Question 4
Answer was corrent!!!!
Sue now has 3 Gold Coins.
Chet is the current player
They have rolled a 5
Chet's new location is 4
The category is Pop
Pop Question 1
Answer was corrent!!!!
Chet now has 4 Gold Coins.
Pat is the current player
They have rolled a 2
Pat's new location is 3
The category is Rock
Rock Question 2
Answer was corrent!!!!
Pat now has 4 Gold Coins.
Sue is the current player
They have rolled a 1
Sue's new location is 10
The category is Sports
Sports Question 1
Answer was corrent!!!!
Sue now has 4 Gold Coins.
Chet is the current player
They have rolled a 5
Chet's new location is 9
The category is Science
Science Question 5
Question was incorrectly answered
Chet was sent to the penalty box
Pat is the current player
They have rolled a 5
Pat's new location is 8
The category is Pop
Pop Question 2
Answer was corrent!!!!
Pat now has 5 Gold Coins.
Sue is the current player
They have rolled a 2
Sue's new location is 0
The category is Pop
Pop Question 3
Answer was corrent!!!!
Sue now has 5 Gold Coins.
Chet is the current player
They have rolled a 5
Chet is getting out of the penalty box
Chet's new location is 2
The category is Sports
Sports Question 2
Answer was corrent!!!!
Chet now has 5 Gold Coins.
Pat is the current player
They have rolled a 5
Pat's new location is 1
The category is Science
Science Question 6
Question was incorrectly answered
Pat was sent to the penalty box
Sue is the current player
They have rolled a 1
Sue's new location is 1
The category is Science
Science Question 7
Answer was corrent!!!!
Sue now has 6 Gold Coins.


Output 14:
Chet was added
They are player number 1
Pat was added
They are player number 2
Sue was added
They are player number 3
Chet is the current player
They have rolled a 5
Chet's new location is 5
The category is Science
Science Question 0
Answer was corrent!!!!
Chet now has 1 Gold Coins.
Pat is the current player
They have rolled a 2
Pat's new location is 2
The category is Sports
Sports Question 0
Answer was corrent!!!!
Pat now has 1 Gold Coins.
Sue is the current player
They have rolled a 2
Sue's new location is 2
The category is Sports
Sports Question 1
Answer was corrent!!!!
Sue now has 1 Gold Coins.
Chet is the current player
They have rolled a 1
Chet's new location is 6
The category is Sports
Sports Question 2
Answer was corrent!!!!
Chet now has 2 Gold Coins.
Pat is the current player
They have rolled a 5
Pat's new location is 7
The category is Rock
Rock Question 0
Answer was corrent!!!!
Pat now has 2 Gold Coins.
Sue is the current player
They have rolled a 3
Sue's new location is 5
The category is Science
Science Question 1
Question was incorrectly answered
Sue was sent to the penalty box
Chet is the current player
They have rolled a 3
Chet's new location is 9
The category is Science
Science Question 2
Answer was corrent!!!!
Chet now has 3 Gold Coins.
Pat is the current player
They have rolled a 3
Pat's new location is 10
The category is Sports
Sports Question 3
Answer was corrent!!!!
Pat now has 3 Gold Coins.
Sue is the current player
They have rolled a 3
Sue is getting out of the penalty box
Sue's new location is 8
The category is Pop
Pop Question 0
Answer was corrent!!!!
Sue now has 2 Gold Coins.
Chet is the current player
They have rolled a 2
Chet's new location is 11
The category is Rock
Rock Question 1
Answer was corrent!!!!
Chet now has 4 Gold Coins.
Pat is the current player
They have rolled a 3
Pat's new location is 1
The category is Science
Science Question 3
Answer was corrent!!!!
Pat now has 4 Gold Coins.
Sue is the current player
They have rolled a 1
Sue's new location is 9
The category is Science
Science Question 4
Answer was corrent!!!!
Sue now has 3 Gold Coins.
Chet is the current player
They have rolled a 5
Chet's new location is 4
The category is Pop
Pop Question 1
Answer was corrent!!!!
Chet now has 5 Gold Coins.
Pat is the current player
They have rolled a 5
Pat's new location is 6
The category is Sports
Sports Question 4
Answer was corrent!!!!
Pat now has 5 Gold Coins.
Sue is the current player
They have rolled a 5
Sue's new location is 2
The category is Sports
Sports Question 5
Answer was corrent!!!!
Sue now has 4 Gold Coins.
Chet is the current player
They have rolled a 4
Chet's new location is 8
The category is Pop
Pop Question 2
Answer was corrent!!!!
Chet now has 6 Gold Coins.


Output 15:
Chet was added
They are player number 1
Pat was added
They are player number 2
Sue was added
They are player number 3
Chet is the current player
They have rolled a 1
Chet's new location is 1
The category is Science
Science Question 0
Answer was corrent!!!!
Chet now has 1 Gold Coins.
Pat is the current player
They have rolled a 3
Pat's new location is 3
The category is Rock
Rock Question 0
Answer was corrent!!!!
Pat now has 1 Gold Coins.
Sue is the current player
They have rolled a 2
Sue's new location is 2
The category is Sports
Sports Question 0
Answer was corrent!!!!
Sue now has 1 Gold Coins.
Chet is the current player
They have rolled a 1
Chet's new location is 2
The category is Sports
Sports Question 1
Answer was corrent!!!!
Chet now has 2 Gold Coins.
Pat is the current player
They have rolled a 4
Pat's new location is 7
The category is Rock
Rock Question 1
Answer was corrent!!!!
Pat now has 2 Gold Coins.
Sue is the current player
They have rolled a 3
Sue's new location is 5
The category is Science
Science Question 1
Answer was corrent!!!!
Sue now has 2 Gold Coins.
Chet is the current player
They have rolled a 3
Chet's new location is 5
The category is Science
Science Question 2
Answer was corrent!!!!
Chet now has 3 Gold Coins.
Pat is the current player
They have rolled a 3
Pat's new location is 10
The category is Sports
Sports Question 2
Answer was corrent!!!!
Pat now has 3 Gold Coins.
Sue is the current player
They have rolled a 5
Sue's new location is 10
The category is Sports
Sports Question 3
Answer was corrent!!!!
Sue now has 3 Gold Coins.
Chet is the current player
They have rolled a 3
Chet's new location is 8
The category is Pop
Pop Question 0
Answer was corrent!!!!
Chet now has 4 Gold Coins.
Pat is the current player
They have rolled a 2
Pat's new location is 0
The category is Pop
Pop Question 1
Answer was corrent!!!!
Pat now has 4 Gold Coins.
Sue is the current player
They have rolled a 1
Sue's new location is 11
The category is Rock
Rock Question 2
Answer was corrent!!!!
Sue now has 4 Gold Coins.
Chet is the current player
They have rolled a 1
Chet's new location is 9
The category is Science
Science Question 3
Question was incorrectly answered
Chet was sent to the penalty box
Pat is the current player
They have rolled a 5
Pat's new location is 5
The category is Science
Science Question 4
Answer was corrent!!!!
Pat now has 5 Gold Coins.
Sue is the current player
They have rolled a 1
Sue's new location is 0
The category is Pop
Pop Question 2
Answer was corrent!!!!
Sue now has 5 Gold Coins.
Chet is the current player
They have rolled a 5
Chet is getting out of the penalty box
Chet's new location is 2
The category is Sports
Sports Question 4
Question was incorrectly answered
Chet was sent to the penalty box
Pat is the current player
They have rolled a 2
Pat's new location is 7
The category is Rock
Rock Question 3
Question was incorrectly answered
Pat was sent to the penalty box
Sue is the current player
They have rolled a 5
Sue's new location is 5
The category is Science
Science Question 5
Answer was corrent!!!!
Sue now has 6 Gold Coins.


Output 16:
Chet was added
They are player number 1
Pat was added
They are player number 2
Sue was added
They are player number 3
Chet is the current player
They have rolled a 1
Chet's new location is 1
The category is Science
Science Question 0
Answer was corrent!!!!
Chet now has 1 Gold Coins.
Pat is the current player
They have rolled a 5
Pat's new location is 5
The category is Science
Science Question 1
Answer was corrent!!!!
Pat now has 1 Gold Coins.
Sue is the current player
They have rolled a 3
Sue's new location is 3
The category is Rock
Rock Question 0
Answer was corrent!!!!
Sue now has 1 Gold Coins.
Chet is the current player
They have rolled a 5
Chet's new location is 6
The category is Sports
Sports Question 0
Answer was corrent!!!!
Chet now has 2 Gold Coins.
Pat is the current player
They have rolled a 3
Pat's new location is 8
The category is Pop
Pop Question 0
Answer was corrent!!!!
Pat now has 2 Gold Coins.
Sue is the current player
They have rolled a 1
Sue's new location is 4
The category is Pop
Pop Question 1
Answer was corrent!!!!
Sue now has 2 Gold Coins.
Chet is the current player
They have rolled a 3
Chet's new location is 9
The category is Science
Science Question 2
Answer was corrent!!!!
Chet now has 3 Gold Coins.
Pat is the current player
They have rolled a 5
Pat's new location is 1
The category is Science
Science Question 3
Answer was corrent!!!!
Pat now has 3 Gold Coins.
Sue is the current player
They have rolled a 1
Sue's new location is 5
The category is Science
Science Question 4
Answer was corrent!!!!
Sue now has 3 Gold Coins.
Chet is the current player
They have rolled a 3
Chet's new location is 0
The category is Pop
Pop Question 2
Answer was corrent!!!!
Chet now has 4 Gold Coins.
Pat is the current player
They have rolled a 3
Pat's new location is 4
The category is Pop
Pop Question 3
Answer was corrent!!!!
Pat now has 4 Gold Coins.
Sue is the current player
They have rolled a 5
Sue's new location is 10
The category is Sports
Sports Question 1
Answer was corrent!!!!
Sue now has 4 Gold Coins.
Chet is the current player
They have rolled a 4
Chet's new location is 4
The category is Pop
Pop Question 4
Answer was corrent!!!!
Chet now has 5 Gold Coins.
Pat is the current player
They have rolled a 3
Pat's new location is 7
The category is Rock
Rock Question 1
Answer was corrent!!!!
Pat now has 5 Gold Coins.
Sue is the current player
They have rolled a 2
Sue's new location is 0
The category is Pop
Pop Question 5
Answer was corrent!!!!
Sue now has 5 Gold Coins.
Chet is the current player
They have rolled a 3
Chet's new location is 7
The category is Rock
Rock Question 2
Answer was corrent!!!!
Chet now has 6 Gold Coins.


Output 17:
Chet was added
They are player number 1
Pat was added
They are player number 2
Sue was added
They are player number 3
Chet is the current player
They have rolled a 3
Chet's new location is 3
The category is Rock
Rock Question 0
Question was incorrectly answered
Chet was sent to the penalty box
Pat is the current player
They have rolled a 5
Pat's new location is 5
The category is Science
Science Question 0
Answer was corrent!!!!
Pat now has 1 Gold Coins.
Sue is the current player
They have rolled a 4
Sue's new location is 4
The category is Pop
Pop Question 0
Answer was corrent!!!!
Sue now has 1 Gold Coins.
Chet is the current player
They have rolled a 1
Chet is getting out of the penalty box
Chet's new location is 4
The category is Pop
Pop Question 1
Answer was corrent!!!!
Chet now has 1 Gold Coins.
Pat is the current player
They have rolled a 3
Pat's new location is 8
The category is Pop
Pop Question 2
Answer was corrent!!!!
Pat now has 2 Gold Coins.
Sue is the current player
They have rolled a 1
Sue's new location is 5
The category is Science
Science Question 1
Answer was corrent!!!!
Sue now has 2 Gold Coins.
Chet is the current player
They have rolled a 2
Chet's new location is 6
The category is Sports
Sports Question 0
Answer was corrent!!!!
Chet now has 2 Gold Coins.
Pat is the current player
They have rolled a 5
Pat's new location is 1
The category is Science
Science Question 2
Question was incorrectly answered
Pat was sent to the penalty box
Sue is the current player
They have rolled a 5
Sue's new location is 10
The category is Sports
Sports Question 1
Answer was corrent!!!!
Sue now has 3 Gold Coins.
Chet is the current player
They have rolled a 5
Chet's new location is 11
The category is Rock
Rock Question 1
Answer was corrent!!!!
Chet now has 3 Gold Coins.
Pat is the current player
They have rolled a 4
Pat is not getting out of the penalty box
Answer was corrent!!!!
Pat now has 3 Gold Coins.
Sue is the current player
They have rolled a 2
Sue's new location is 0
The category is Pop
Pop Question 3
Answer was corrent!!!!
Sue now has 4 Gold Coins.
Chet is the current player
They have rolled a 5
Chet's new location is 4
The category is Pop
Pop Question 4
Answer was corrent!!!!
Chet now has 4 Gold Coins.
Pat is the current player
They have rolled a 2
Pat is not getting out of the penalty box
Answer was corrent!!!!
Pat now has 4 Gold Coins.
Sue is the current player
They have rolled a 3
Sue's new location is 3
The category is Rock
Rock Question 2
Answer was corrent!!!!
Sue now has 5 Gold Coins.
Chet is the current player
They have rolled a 3
Chet's new location is 7
The category is Rock
Rock Question 3
Answer was corrent!!!!
Chet now has 5 Gold Coins.
Pat is the current player
They have rolled a 1
Pat is getting out of the penalty box
Pat's new location is 2
The category is Sports
Sports Question 2
Answer was corrent!!!!
Pat now has 5 Gold Coins.
Sue is the current player
They have rolled a 2
Sue's new location is 5
The category is Science
Science Question 3
Answer was corrent!!!!
Sue now has 6 Gold Coins.


Output 18:
Chet was added
They are player number 1
Pat was added
They are player number 2
Sue was added
They are player number 3
Chet is the current player
They have rolled a 5
Chet's new location is 5
The category is Science
Science Question 0
Answer was corrent!!!!
Chet now has 1 Gold Coins.
Pat is the current player
They have rolled a 1
Pat's new location is 1
The category is Science
Science Question 1
Answer was corrent!!!!
Pat now has 1 Gold Coins.
Sue is the current player
They have rolled a 5
Sue's new location is 5
The category is Science
Science Question 2
Answer was corrent!!!!
Sue now has 1 Gold Coins.
Chet is the current player
They have rolled a 2
Chet's new location is 7
The category is Rock
Rock Question 0
Answer was corrent!!!!
Chet now has 2 Gold Coins.
Pat is the current player
They have rolled a 5
Pat's new location is 6
The category is Sports
Sports Question 0
Answer was corrent!!!!
Pat now has 2 Gold Coins.
Sue is the current player
They have rolled a 5
Sue's new location is 10
The category is Sports
Sports Question 1
Answer was corrent!!!!
Sue now has 2 Gold Coins.
Chet is the current player
They have rolled a 4
Chet's new location is 11
The category is Rock
Rock Question 1
Question was incorrectly answered
Chet was sent to the penalty box
Pat is the current player
They have rolled a 2
Pat's new location is 8
The category is Pop
Pop Question 0
Question was incorrectly answered
Pat was sent to the penalty box
Sue is the current player
They have rolled a 5
Sue's new location is 3
The category is Rock
Rock Question 2
Answer was corrent!!!!
Sue now has 3 Gold Coins.
Chet is the current player
They have rolled a 3
Chet is getting out of the penalty box
Chet's new location is 2
The category is Sports
Sports Question 2
Answer was corrent!!!!
Chet now has 3 Gold Coins.
Pat is the current player
They have rolled a 2
Pat is not getting out of the penalty box
Answer was corrent!!!!
Pat now has 3 Gold Coins.
Sue is the current player
They have rolled a 3
Sue's new location is 6
The category is Sports
Sports Question 3
Answer was corrent!!!!
Sue now has 4 Gold Coins.
Chet is the current player
They have rolled a 4
Chet's new location is 6
The category is Sports
Sports Question 4
Answer was corrent!!!!
Chet now has 4 Gold Coins.
Pat is the current player
They have rolled a 3
Pat is getting out of the penalty box
Pat's new location is 11
The category is Rock
Rock Question 3
Question was incorrectly answered
Pat was sent to the penalty box
Sue is the current player
They have rolled a 3
Sue's new location is 9
The category is Science
Science Question 3
Answer was corrent!!!!
Sue now has 5 Gold Coins.
Chet is the current player
They have rolled a 4
Chet's new location is 10
The category is Sports
Sports Question 5
Answer was corrent!!!!
Chet now has 5 Gold Coins.
Pat is the current player
They have rolled a 1
Pat is getting out of the penalty box
Pat's new location is 0
The category is Pop
Pop Question 1
Answer was corrent!!!!
Pat now has 4 Gold Coins.
Sue is the current player
They have rolled a 5
Sue's new location is 2
The category is Sports
Sports Question 6
Answer was corrent!!!!
Sue now has 6 Gold Coins.


Output 19:
Chet was added
They are player number 1
Pat was added
They are player number 2
Sue was added
They are player number 3
Chet is the current player
They have rolled a 3
Chet's new location is 3
The category is Rock
Rock Question 0
Answer was corrent!!!!
Chet now has 1 Gold Coins.
Pat is the current player
They have rolled a 2
Pat's new location is 2
The category is Sports
Sports Question 0
Answer was corrent!!!!
Pat now has 1 Gold Coins.
Sue is the current player
They have rolled a 4
Sue's new location is 4
The category is Pop
Pop Question 0
Answer was corrent!!!!
Sue now has 1 Gold Coins.
Chet is the current player
They have rolled a 1
Chet's new location is 4
The category is Pop
Pop Question 1
Answer was corrent!!!!
Chet now has 2 Gold Coins.
Pat is the current player
They have rolled a 5
Pat's new location is 7
The category is Rock
Rock Question 1
Answer was corrent!!!!
Pat now has 2 Gold Coins.
Sue is the current player
They have rolled a 4
Sue's new location is 8
The category is Pop
Pop Question 2
Answer was corrent!!!!
Sue now has 2 Gold Coins.
Chet is the current player
They have rolled a 2
Chet's new location is 6
The category is Sports
Sports Question 1
Answer was corrent!!!!
Chet now has 3 Gold Coins.
Pat is the current player
They have rolled a 2
Pat's new location is 9
The category is Science
Science Question 0
Answer was corrent!!!!
Pat now has 3 Gold Coins.
Sue is the current player
They have rolled a 5
Sue's new location is 1
The category is Science
Science Question 1
Answer was corrent!!!!
Sue now has 3 Gold Coins.
Chet is the current player
They have rolled a 1
Chet's new location is 7
The category is Rock
Rock Question 2
Question was incorrectly answered
Chet was sent to the penalty box
Pat is the current player
They have rolled a 2
Pat's new location is 11
The category is Rock
Rock Question 3
Answer was corrent!!!!
Pat now has 4 Gold Coins.
Sue is the current player
They have rolled a 2
Sue's new location is 3
The category is Rock
Rock Question 4
Answer was corrent!!!!
Sue now has 4 Gold Coins.
Chet is the current player
They have rolled a 1
Chet is getting out of the penalty box
Chet's new location is 8
The category is Pop
Pop Question 3
Answer was corrent!!!!
Chet now has 4 Gold Coins.
Pat is the current player
They have rolled a 4
Pat's new location is 3
The category is Rock
Rock Question 5
Answer was corrent!!!!
Pat now has 5 Gold Coins.
Sue is the current player
They have rolled a 3
Sue's new location is 6
The category is Sports
Sports Question 2
Question was incorrectly answered
Sue was sent to the penalty box
Chet is the current player
They have rolled a 5
Chet's new location is 1
The category is Science
Science Question 2
Answer was corrent!!!!
Chet now has 5 Gold Coins.
Pat is the current player
They have rolled a 3
Pat's new location is 6
The category is Sports
Sports Question 3
Answer was corrent!!!!
Pat now has 6 Gold Coins.


Output 20:
Chet was added
They are player number 1
Pat was added
They are player number 2
Sue was added
They are player number 3
Chet is the current player
They have rolled a 4
Chet's new location is 4
The category is Pop
Pop Question 0
Answer was corrent!!!!
Chet now has 1 Gold Coins.
Pat is the current player
They have rolled a 5
Pat's new location is 5
The category is Science
Science Question 0
Question was incorrectly answered
Pat was sent to the penalty box
Sue is the current player
They have rolled a 5
Sue's new location is 5
The category is Science
Science Question 1
Answer was corrent!!!!
Sue now has 1 Gold Coins.
Chet is the current player
They have rolled a 3
Chet's new location is 7
The category is Rock
Rock Question 0
Answer was corrent!!!!
Chet now has 2 Gold Coins.
Pat is the current player
They have rolled a 5
Pat is getting out of the penalty box
Pat's new location is 10
The category is Sports
Sports Question 0
Answer was corrent!!!!
Pat now has 1 Gold Coins.
Sue is the current player
They have rolled a 3
Sue's new location is 8
The category is Pop
Pop Question 1
Answer was corrent!!!!
Sue now has 2 Gold Coins.
Chet is the current player
They have rolled a 1
Chet's new location is 8
The category is Pop
Pop Question 2
Answer was corrent!!!!
Chet now has 3 Gold Coins.
Pat is the current player
They have rolled a 2
Pat's new location is 0
The category is Pop
Pop Question 3
Answer was corrent!!!!
Pat now has 2 Gold Coins.
Sue is the current player
They have rolled a 3
Sue's new location is 11
The category is Rock
Rock Question 1
Answer was corrent!!!!
Sue now has 3 Gold Coins.
Chet is the current player
They have rolled a 3
Chet's new location is 11
The category is Rock
Rock Question 2
Answer was corrent!!!!
Chet now has 4 Gold Coins.
Pat is the current player
They have rolled a 5
Pat's new location is 5
The category is Science
Science Question 2
Answer was corrent!!!!
Pat now has 3 Gold Coins.
Sue is the current player
They have rolled a 2
Sue's new location is 1
The category is Science
Science Question 3
Answer was corrent!!!!
Sue now has 4 Gold Coins.
Chet is the current player
They have rolled a 4
Chet's new location is 3
The category is Rock
Rock Question 3
Answer was corrent!!!!
Chet now has 5 Gold Coins.
Pat is the current player
They have rolled a 1
Pat's new location is 6
The category is Sports
Sports Question 1
Answer was corrent!!!!
Pat now has 4 Gold Coins.
Sue is the current player
They have rolled a 5
Sue's new location is 6
The category is Sports
Sports Question 2
Answer was corrent!!!!
Sue now has 5 Gold Coins.
Chet is the current player
They have rolled a 5
Chet's new location is 8
The category is Pop
Pop Question 4
Answer was corrent!!!!
Chet now has 6 Gold Coins.


Output 21:
Chet was added
They are player number 1
Pat was added
They are player number 2
Sue was added
They are player number 3
Chet is the current player
They have rolled a 1
Chet's new location is 1
The category is Science
Science Question 0
Answer was corrent!!!!
Chet now has 1 Gold Coins.
Pat is the current player
They have rolled a 2
Pat's new location is 2
The category is Sports
Sports Question 0
Answer was corrent!!!!
Pat now has 1 Gold Coins.
Sue is the current player
They have rolled a 2
Sue's new location is 2
The category is Sports
Sports Question 1
Answer was corrent!!!!
Sue now has 1 Gold Coins.
Chet is the current player
They have rolled a 1
Chet's new location is 2
The category is Sports
Sports Question 2
Answer was corrent!!!!
Chet now has 2 Gold Coins.
Pat is the current player
They have rolled a 5
Pat's new location is 7
The category is Rock
Rock Question 0
Answer was corrent!!!!
Pat now has 2 Gold Coins.
Sue is the current player
They have rolled a 4
Sue's new location is 6
The category is Sports
Sports Question 3
Answer was corrent!!!!
Sue now has 2 Gold Coins.
Chet is the current player
They have rolled a 3
Chet's new location is 5
The category is Science
Science Question 1
Answer was corrent!!!!
Chet now has 3 Gold Coins.
Pat is the current player
They have rolled a 2
Pat's new location is 9
The category is Science
Science Question 2
Answer was corrent!!!!
Pat now has 3 Gold Coins.
Sue is the current player
They have rolled a 5
Sue's new location is 11
The category is Rock
Rock Question 1
Answer was corrent!!!!
Sue now has 3 Gold Coins.
Chet is the current player
They have rolled a 3
Chet's new location is 8
The category is Pop
Pop Question 0
Answer was corrent!!!!
Chet now has 4 Gold Coins.
Pat is the current player
They have rolled a 2
Pat's new location is 11
The category is Rock
Rock Question 2
Answer was corrent!!!!
Pat now has 4 Gold Coins.
Sue is the current player
They have rolled a 2
Sue's new location is 1
The category is Science
Science Question 3
Answer was corrent!!!!
Sue now has 4 Gold Coins.
Chet is the current player
They have rolled a 1
Chet's new location is 9
The category is Science
Science Question 4
Answer was corrent!!!!
Chet now has 5 Gold Coins.
Pat is the current player
They have rolled a 1
Pat's new location is 0
The category is Pop
Pop Question 1
Answer was corrent!!!!
Pat now has 5 Gold Coins.
Sue is the current player
They have rolled a 2
Sue's new location is 3
The category is Rock
Rock Question 3
Answer was corrent!!!!
Sue now has 5 Gold Coins.
Chet is the current player
They have rolled a 5
Chet's new location is 2
The category is Sports
Sports Question 4
Answer was corrent!!!!
Chet now has 6 Gold Coins.


Output 22:
Chet was added
They are player number 1
Pat was added
They are player number 2
Sue was added
They are player number 3
Chet is the current player
They have rolled a 2
Chet's new location is 2
The category is Sports
Sports Question 0
Answer was corrent!!!!
Chet now has 1 Gold Coins.
Pat is the current player
They have rolled a 1
Pat's new location is 1
The category is Science
Science Question 0
Answer was corrent!!!!
Pat now has 1 Gold Coins.
Sue is the current player
They have rolled a 1
Sue's new location is 1
The category is Science
Science Question 1
Answer was corrent!!!!
Sue now has 1 Gold Coins.
Chet is the current player
They have rolled a 5
Chet's new location is 7
The category is Rock
Rock Question 0
Answer was corrent!!!!
Chet now has 2 Gold Coins.
Pat is the current player
They have rolled a 5
Pat's new location is 6
The category is Sports
Sports Question 1
Answer was corrent!!!!
Pat now has 2 Gold Coins.
Sue is the current player
They have rolled a 3
Sue's new location is 4
The category is Pop
Pop Question 0
Answer was corrent!!!!
Sue now has 2 Gold Coins.
Chet is the current player
They have rolled a 1
Chet's new location is 8
The category is Pop
Pop Question 1
Answer was corrent!!!!
Chet now has 3 Gold Coins.
Pat is the current player
They have rolled a 3
Pat's new location is 9
The category is Science
Science Question 2
Answer was corrent!!!!
Pat now has 3 Gold Coins.
Sue is the current player
They have rolled a 3
Sue's new location is 7
The category is Rock
Rock Question 1
Answer was corrent!!!!
Sue now has 3 Gold Coins.
Chet is the current player
They have rolled a 4
Chet's new location is 0
The category is Pop
Pop Question 2
Answer was corrent!!!!
Chet now has 4 Gold Coins.
Pat is the current player
They have rolled a 2
Pat's new location is 11
The category is Rock
Rock Question 2
Answer was corrent!!!!
Pat now has 4 Gold Coins.
Sue is the current player
They have rolled a 2
Sue's new location is 9
The category is Science
Science Question 3
Answer was corrent!!!!
Sue now has 4 Gold Coins.
Chet is the current player
They have rolled a 2
Chet's new location is 2
The category is Sports
Sports Question 2
Answer was corrent!!!!
Chet now has 5 Gold Coins.
Pat is the current player
They have rolled a 1
Pat's new location is 0
The category is Pop
Pop Question 3
Answer was corrent!!!!
Pat now has 5 Gold Coins.
Sue is the current player
They have rolled a 4
Sue's new location is 1
The category is Science
Science Question 4
Answer was corrent!!!!
Sue now has 5 Gold Coins.
Chet is the current player
They have rolled a 3
Chet's new location is 5
The category is Science
Science Question 5
Answer was corrent!!!!
Chet now has 6 Gold Coins.


Output 23:
Chet was added
They are player number 1
Pat was added
They are player number 2
Sue was added
They are player number 3
Chet is the current player
They have rolled a 5
Chet's new location is 5
The category is Science
Science Question 0
Question was incorrectly answered
Chet was sent to the penalty box
Pat is the current player
They have rolled a 4
Pat's new location is 4
The category is Pop
Pop Question 0
Answer was corrent!!!!
Pat now has 1 Gold Coins.
Sue is the current player
They have rolled a 3
Sue's new location is 3
The category is Rock
Rock Question 0
Answer was corrent!!!!
Sue now has 1 Gold Coins.
Chet is the current player
They have rolled a 4
Chet is not getting out of the penalty box
Answer was corrent!!!!
Chet now has 1 Gold Coins.
Pat is the current player
They have rolled a 5
Pat's new location is 9
The category is Science
Science Question 1
Answer was corrent!!!!
Pat now has 2 Gold Coins.
Sue is the current player
They have rolled a 3
Sue's new location is 6
The category is Sports
Sports Question 0
Answer was corrent!!!!
Sue now has 2 Gold Coins.
Chet is the current player
They have rolled a 5
Chet is getting out of the penalty box
Chet's new location is 10
The category is Sports
Sports Question 1
Answer was corrent!!!!
Chet now has 2 Gold Coins.
Pat is the current player
They have rolled a 5
Pat's new location is 2
The category is Sports
Sports Question 2
Question was incorrectly answered
Pat was sent to the penalty box
Sue is the current player
They have rolled a 4
Sue's new location is 10
The category is Sports
Sports Question 3
Answer was corrent!!!!
Sue now has 3 Gold Coins.
Chet is the current player
They have rolled a 5
Chet's new location is 3
The category is Rock
Rock Question 1
Answer was corrent!!!!
Chet now has 3 Gold Coins.
Pat is the current player
They have rolled a 1
Pat is getting out of the penalty box
Pat's new location is 3
The category is Rock
Rock Question 2
Answer was corrent!!!!
Pat now has 3 Gold Coins.
Sue is the current player
They have rolled a 2
Sue's new location is 0
The category is Pop
Pop Question 1
Answer was corrent!!!!
Sue now has 4 Gold Coins.
Chet is the current player
They have rolled a 1
Chet's new location is 4
The category is Pop
Pop Question 2
Answer was corrent!!!!
Chet now has 4 Gold Coins.
Pat is the current player
They have rolled a 4
Pat's new location is 7
The category is Rock
Rock Question 3
Answer was corrent!!!!
Pat now has 4 Gold Coins.
Sue is the current player
They have rolled a 3
Sue's new location is 3
The category is Rock
Rock Question 4
Answer was corrent!!!!
Sue now has 5 Gold Coins.
Chet is the current player
They have rolled a 5
Chet's new location is 9
The category is Science
Science Question 2
Answer was corrent!!!!
Chet now has 5 Gold Coins.
Pat is the current player
They have rolled a 1
Pat's new location is 8
The category is Pop
Pop Question 3
Answer was corrent!!!!
Pat now has 5 Gold Coins.
Sue is the current player
They have rolled a 1
Sue's new location is 4
The category is Pop
Pop Question 4
Answer was corrent!!!!
Sue now has 6 Gold Coins.


Output 24:
Chet was added
They are player number 1
Pat was added
They are player number 2
Sue was added
They are player number 3
Chet is the current player
They have rolled a 2
Chet's new location is 2
The category is Sports
Sports Question 0
Answer was corrent!!!!
Chet now has 1 Gold Coins.
Pat is the current player
They have rolled a 4
Pat's new location is 4
The category is Pop
Pop Question 0
Answer was corrent!!!!
Pat now has 1 Gold Coins.
Sue is the current player
They have rolled a 5
Sue's new location is 5
The category is Science
Science Question 0
Answer was corrent!!!!
Sue now has 1 Gold Coins.
Chet is the current player
They have rolled a 1
Chet's new location is 3
The category is Rock
Rock Question 0
Answer was corrent!!!!
Chet now has 2 Gold Coins.
Pat is the current player
They have rolled a 4
Pat's new location is 8
The category is Pop
Pop Question 1
Answer was corrent!!!!
Pat now has 2 Gold Coins.
Sue is the current player
They have rolled a 5
Sue's new location is 10
The category is Sports
Sports Question 1
Answer was corrent!!!!
Sue now has 2 Gold Coins.
Chet is the current player
They have rolled a 4
Chet's new location is 7
The category is Rock
Rock Question 1
Answer was corrent!!!!
Chet now has 3 Gold Coins.
Pat is the current player
They have rolled a 4
Pat's new location is 0
The category is Pop
Pop Question 2
Answer was corrent!!!!
Pat now has 3 Gold Coins.
Sue is the current player
They have rolled a 2
Sue's new location is 0
The category is Pop
Pop Question 3
Answer was corrent!!!!
Sue now has 3 Gold Coins.
Chet is the current player
They have rolled a 3
Chet's new location is 10
The category is Sports
Sports Question 2
Answer was corrent!!!!
Chet now has 4 Gold Coins.
Pat is the current player
They have rolled a 1
Pat's new location is 1
The category is Science
Science Question 1
Answer was corrent!!!!
Pat now has 4 Gold Coins.
Sue is the current player
They have rolled a 4
Sue's new location is 4
The category is Pop
Pop Question 4
Answer was corrent!!!!
Sue now has 4 Gold Coins.
Chet is the current player
They have rolled a 4
Chet's new location is 2
The category is Sports
Sports Question 3
Answer was corrent!!!!
Chet now has 5 Gold Coins.
Pat is the current player
They have rolled a 4
Pat's new location is 5
The category is Science
Science Question 2
Answer was corrent!!!!
Pat now has 5 Gold Coins.
Sue is the current player
They have rolled a 5
Sue's new location is 9
The category is Science
Science Question 3
Answer was corrent!!!!
Sue now has 5 Gold Coins.
Chet is the current player
They have rolled a 4
Chet's new location is 6
The category is Sports
Sports Question 4
Answer was corrent!!!!
Chet now has 6 Gold Coins.


Output 25:
Chet was added
They are player number 1
Pat was added
They are player number 2
Sue was added
They are player number 3
Chet is the current player
They have rolled a 1
Chet's new location is 1
The category is Science
Science Question 0
Question was incorrectly answered
Chet was sent to the penalty box
Pat is the current player
They have rolled a 2
Pat's new location is 2
The category is Sports
Sports Question 0
Answer was corrent!!!!
Pat now has 1 Gold Coins.
Sue is the current player
They have rolled a 3
Sue's new location is 3
The category is Rock
Rock Question 0
Answer was corrent!!!!
Sue now has 1 Gold Coins.
Chet is the current player
They have rolled a 3
Chet is getting out of the penalty box
Chet's new location is 4
The category is Pop
Pop Question 0
Answer was corrent!!!!
Chet now has 1 Gold Coins.
Pat is the current player
They have rolled a 5
Pat's new location is 7
The category is Rock
Rock Question 1
Answer was corrent!!!!
Pat now has 2 Gold Coins.
Sue is the current player
They have rolled a 1
Sue's new location is 4
The category is Pop
Pop Question 1
Answer was corrent!!!!
Sue now has 2 Gold Coins.
Chet is the current player
They have rolled a 2
Chet's new location is 6
The category is Sports
Sports Question 1
Answer was corrent!!!!
Chet now has 2 Gold Coins.
Pat is the current player
They have rolled a 3
Pat's new location is 10
The category is Sports
Sports Question 2
Question was incorrectly answered
Pat was sent to the penalty box
Sue is the current player
They have rolled a 3
Sue's new location is 7
The category is Rock
Rock Question 2
Answer was corrent!!!!
Sue now has 3 Gold Coins.
Chet is the current player
They have rolled a 1
Chet's new location is 7
The category is Rock
Rock Question 3
Answer was corrent!!!!
Chet now has 3 Gold Coins.
Pat is the current player
They have rolled a 2
Pat is not getting out of the penalty box
Answer was corrent!!!!
Pat now has 3 Gold Coins.
Sue is the current player
They have rolled a 1
Sue's new location is 8
The category is Pop
Pop Question 2
Answer was corrent!!!!
Sue now has 4 Gold Coins.
Chet is the current player
They have rolled a 3
Chet's new location is 10
The category is Sports
Sports Question 3
Answer was corrent!!!!
Chet now has 4 Gold Coins.
Pat is the current player
They have rolled a 5
Pat is getting out of the penalty box
Pat's new location is 3
The category is Rock
Rock Question 4
Answer was corrent!!!!
Pat now has 4 Gold Coins.
Sue is the current player
They have rolled a 3
Sue's new location is 11
The category is Rock
Rock Question 5
Question was incorrectly answered
Sue was sent to the penalty box
Chet is the current player
They have rolled a 5
Chet's new location is 3
The category is Rock
Rock Question 6
Answer was corrent!!!!
Chet now has 5 Gold Coins.
Pat is the current player
They have rolled a 3
Pat's new location is 6
The category is Sports
Sports Question 4
Question was incorrectly answered
Pat was sent to the penalty box
Sue is the current player
They have rolled a 2
Sue is not getting out of the penalty box
Question was incorrectly answered
Sue was sent to the penalty box
Chet is the current player
They have rolled a 3
Chet's new location is 6
The category is Sports
Sports Question 5
Answer was corrent!!!!
Chet now has 6 Gold Coins.


Output 26:
Chet was added
They are player number 1
Pat was added
They are player number 2
Sue was added
They are player number 3
Chet is the current player
They have rolled a 1
Chet's new location is 1
The category is Science
Science Question 0
Answer was corrent!!!!
Chet now has 1 Gold Coins.
Pat is the current player
They have rolled a 3
Pat's new location is 3
The category is Rock
Rock Question 0
Answer was corrent!!!!
Pat now has 1 Gold Coins.
Sue is the current player
They have rolled a 2
Sue's new location is 2
The category is Sports
Sports Question 0
Answer was corrent!!!!
Sue now has 1 Gold Coins.
Chet is the current player
They have rolled a 2
Chet's new location is 3
The category is Rock
Rock Question 1
Answer was corrent!!!!
Chet now has 2 Gold Coins.
Pat is the current player
They have rolled a 5
Pat's new location is 8
The category is Pop
Pop Question 0
Answer was corrent!!!!
Pat now has 2 Gold Coins.
Sue is the current player
They have rolled a 2
Sue's new location is 4
The category is Pop
Pop Question 1
Answer was corrent!!!!
Sue now has 2 Gold Coins.
Chet is the current player
They have rolled a 2
Chet's new location is 5
The category is Science
Science Question 1
Answer was corrent!!!!
Chet now has 3 Gold Coins.
Pat is the current player
They have rolled a 2
Pat's new location is 10
The category is Sports
Sports Question 1
Answer was corrent!!!!
Pat now has 3 Gold Coins.
Sue is the current player
They have rolled a 1
Sue's new location is 5
The category is Science
Science Question 2
Answer was corrent!!!!
Sue now has 3 Gold Coins.
Chet is the current player
They have rolled a 2
Chet's new location is 7
The category is Rock
Rock Question 2
Answer was corrent!!!!
Chet now has 4 Gold Coins.
Pat is the current player
They have rolled a 4
Pat's new location is 2
The category is Sports
Sports Question 2
Answer was corrent!!!!
Pat now has 4 Gold Coins.
Sue is the current player
They have rolled a 1
Sue's new location is 6
The category is Sports
Sports Question 3
Answer was corrent!!!!
Sue now has 4 Gold Coins.
Chet is the current player
They have rolled a 2
Chet's new location is 9
The category is Science
Science Question 3
Answer was corrent!!!!
Chet now has 5 Gold Coins.
Pat is the current player
They have rolled a 5
Pat's new location is 7
The category is Rock
Rock Question 3
Answer was corrent!!!!
Pat now has 5 Gold Coins.
Sue is the current player
They have rolled a 5
Sue's new location is 11
The category is Rock
Rock Question 4
Answer was corrent!!!!
Sue now has 5 Gold Coins.
Chet is the current player
They have rolled a 4
Chet's new location is 1
The category is Science
Science Question 4
Answer was corrent!!!!
Chet now has 6 Gold Coins.


Output 27:
Chet was added
They are player number 1
Pat was added
They are player number 2
Sue was added
They are player number 3
Chet is the current player
They have rolled a 4
Chet's new location is 4
The category is Pop
Pop Question 0
Question was incorrectly answered
Chet was sent to the penalty box
Pat is the current player
They have rolled a 2
Pat's new location is 2
The category is Sports
Sports Question 0
Answer was corrent!!!!
Pat now has 1 Gold Coins.
Sue is the current player
They have rolled a 2
Sue's new location is 2
The category is Sports
Sports Question 1
Answer was corrent!!!!
Sue now has 1 Gold Coins.
Chet is the current player
They have rolled a 3
Chet is getting out of the penalty box
Chet's new location is 7
The category is Rock
Rock Question 0
Answer was corrent!!!!
Chet now has 1 Gold Coins.
Pat is the current player
They have rolled a 2
Pat's new location is 4
The category is Pop
Pop Question 1
Answer was corrent!!!!
Pat now has 2 Gold Coins.
Sue is the current player
They have rolled a 1
Sue's new location is 3
The category is Rock
Rock Question 1
Answer was corrent!!!!
Sue now has 2 Gold Coins.
Chet is the current player
They have rolled a 4
Chet's new location is 11
The category is Rock
Rock Question 2
Answer was corrent!!!!
Chet now has 2 Gold Coins.
Pat is the current player
They have rolled a 1
Pat's new location is 5
The category is Science
Science Question 0
Answer was corrent!!!!
Pat now has 3 Gold Coins.
Sue is the current player
They have rolled a 3
Sue's new location is 6
The category is Sports
Sports Question 2
Answer was corrent!!!!
Sue now has 3 Gold Coins.
Chet is the current player
They have rolled a 5
Chet's new location is 4
The category is Pop
Pop Question 2
Answer was corrent!!!!
Chet now has 3 Gold Coins.
Pat is the current player
They have rolled a 5
Pat's new location is 10
The category is Sports
Sports Question 3
Question was incorrectly answered
Pat was sent to the penalty box
Sue is the current player
They have rolled a 4
Sue's new location is 10
The category is Sports
Sports Question 4
Answer was corrent!!!!
Sue now has 4 Gold Coins.
Chet is the current player
They have rolled a 2
Chet's new location is 6
The category is Sports
Sports Question 5
Answer was corrent!!!!
Chet now has 4 Gold Coins.
Pat is the current player
They have rolled a 2
Pat is not getting out of the penalty box
Answer was corrent!!!!
Pat now has 4 Gold Coins.
Sue is the current player
They have rolled a 5
Sue's new location is 3
The category is Rock
Rock Question 3
Question was incorrectly answered
Sue was sent to the penalty box
Chet is the current player
They have rolled a 5
Chet's new location is 11
The category is Rock
Rock Question 4
Answer was corrent!!!!
Chet now has 5 Gold Coins.
Pat is the current player
They have rolled a 3
Pat is getting out of the penalty box
Pat's new location is 1
The category is Science
Science Question 1
Answer was corrent!!!!
Pat now has 5 Gold Coins.
Sue is the current player
They have rolled a 1
Sue is getting out of the penalty box
Sue's new location is 4
The category is Pop
Pop Question 3
Answer was corrent!!!!
Sue now has 5 Gold Coins.
Chet is the current player
They have rolled a 1
Chet's new location is 0
The category is Pop
Pop Question 4
Answer was corrent!!!!
Chet now has 6 Gold Coins.


Output 28:
Chet was added
They are player number 1
Pat was added
They are player number 2
Sue was added
They are player number 3
Chet is the current player
They have rolled a 5
Chet's new location is 5
The category is Science
Science Question 0
Question was incorrectly answered
Chet was sent to the penalty box
Pat is the current player
They have rolled a 5
Pat's new location is 5
The category is Science
Science Question 1
Answer was corrent!!!!
Pat now has 1 Gold Coins.
Sue is the current player
They have rolled a 5
Sue's new location is 5
The category is Science
Science Question 2
Answer was corrent!!!!
Sue now has 1 Gold Coins.
Chet is the current player
They have rolled a 5
Chet is getting out of the penalty box
Chet's new location is 10
The category is Sports
Sports Question 0
Answer was corrent!!!!
Chet now has 1 Gold Coins.
Pat is the current player
They have rolled a 2
Pat's new location is 7
The category is Rock
Rock Question 0
Answer was corrent!!!!
Pat now has 2 Gold Coins.
Sue is the current player
They have rolled a 1
Sue's new location is 6
The category is Sports
Sports Question 1
Answer was corrent!!!!
Sue now has 2 Gold Coins.
Chet is the current player
They have rolled a 3
Chet's new location is 1
The category is Science
Science Question 3
Answer was corrent!!!!
Chet now has 2 Gold Coins.
Pat is the current player
They have rolled a 5
Pat's new location is 0
The category is Pop
Pop Question 0
Answer was corrent!!!!
Pat now has 3 Gold Coins.
Sue is the current player
They have rolled a 3
Sue's new location is 9
The category is Science
Science Question 4
Answer was corrent!!!!
Sue now has 3 Gold Coins.
Chet is the current player
They have rolled a 3
Chet's new location is 4
The category is Pop
Pop Question 1
Answer was corrent!!!!
Chet now has 3 Gold Coins.
Pat is the current player
They have rolled a 3
Pat's new location is 3
The category is Rock
Rock Question 1
Answer was corrent!!!!
Pat now has 4 Gold Coins.
Sue is the current player
They have rolled a 5
Sue's new location is 2
The category is Sports
Sports Question 2
Answer was corrent!!!!
Sue now has 4 Gold Coins.
Chet is the current player
They have rolled a 3
Chet's new location is 7
The category is Rock
Rock Question 2
Question was incorrectly answered
Chet was sent to the penalty box
Pat is the current player
They have rolled a 1
Pat's new location is 4
The category is Pop
Pop Question 2
Question was incorrectly answered
Pat was sent to the penalty box
Sue is the current player
They have rolled a 5
Sue's new location is 7
The category is Rock
Rock Question 3
Answer was corrent!!!!
Sue now has 5 Gold Coins.
Chet is the current player
They have rolled a 1
Chet is getting out of the penalty box
Chet's new location is 8
The category is Pop
Pop Question 3
Answer was corrent!!!!
Chet now has 4 Gold Coins.
Pat is the current player
They have rolled a 1
Pat is getting out of the penalty box
Pat's new location is 5
The category is Science
Science Question 5
Answer was corrent!!!!
Pat now has 5 Gold Coins.
Sue is the current player
They have rolled a 2
Sue's new location is 9
The category is Science
Science Question 6
Answer was corrent!!!!
Sue now has 6 Gold Coins.


Output 29:
Chet was added
They are player number 1
Pat was added
They are player number 2
Sue was added
They are player number 3
Chet is the current player
They have rolled a 3
Chet's new location is 3
The category is Rock
Rock Question 0
Answer was corrent!!!!
Chet now has 1 Gold Coins.
Pat is the current player
They have rolled a 5
Pat's new location is 5
The category is Science
Science Question 0
Answer was corrent!!!!
Pat now has 1 Gold Coins.
Sue is the current player
They have rolled a 4
Sue's new location is 4
The category is Pop
Pop Question 0
Answer was corrent!!!!
Sue now has 1 Gold Coins.
Chet is the current player
They have rolled a 2
Chet's new location is 5
The category is Science
Science Question 1
Answer was corrent!!!!
Chet now has 2 Gold Coins.
Pat is the current player
They have rolled a 3
Pat's new location is 8
The category is Pop
Pop Question 1
Answer was corrent!!!!
Pat now has 2 Gold Coins.
Sue is the current player
They have rolled a 3
Sue's new location is 7
The category is Rock
Rock Question 1
Question was incorrectly answered
Sue was sent to the penalty box
Chet is the current player
They have rolled a 2
Chet's new location is 7
The category is Rock
Rock Question 2
Question was incorrectly answered
Chet was sent to the penalty box
Pat is the current player
They have rolled a 2
Pat's new location is 10
The category is Sports
Sports Question 0
Answer was corrent!!!!
Pat now has 3 Gold Coins.
Sue is the current player
They have rolled a 1
Sue is getting out of the penalty box
Sue's new location is 8
The category is Pop
Pop Question 2
Answer was corrent!!!!
Sue now has 2 Gold Coins.
Chet is the current player
They have rolled a 3
Chet is getting out of the penalty box
Chet's new location is 10
The category is Sports
Sports Question 1
Answer was corrent!!!!
Chet now has 3 Gold Coins.
Pat is the current player
They have rolled a 3
Pat's new location is 1
The category is Science
Science Question 2
Answer was corrent!!!!
Pat now has 4 Gold Coins.
Sue is the current player
They have rolled a 5
Sue's new location is 1
The category is Science
Science Question 3
Answer was corrent!!!!
Sue now has 3 Gold Coins.
Chet is the current player
They have rolled a 5
Chet's new location is 3
The category is Rock
Rock Question 3
Answer was corrent!!!!
Chet now has 4 Gold Coins.
Pat is the current player
They have rolled a 5
Pat's new location is 6
The category is Sports
Sports Question 2
Answer was corrent!!!!
Pat now has 5 Gold Coins.
Sue is the current player
They have rolled a 4
Sue's new location is 5
The category is Science
Science Question 4
Answer was corrent!!!!
Sue now has 4 Gold Coins.
Chet is the current player
They have rolled a 3
Chet's new location is 6
The category is Sports
Sports Question 3
Answer was corrent!!!!
Chet now has 5 Gold Coins.
Pat is the current player
They have rolled a 2
Pat's new location is 8
The category is Pop
Pop Question 3
Answer was corrent!!!!
Pat now has 6 Gold Coins.


Output 30:
Chet was added
They are player number 1
Pat was added
They are player number 2
Sue was added
They are player number 3
Chet is the current player
They have rolled a 5
Chet's new location is 5
The category is Science
Science Question 0
Answer was corrent!!!!
Chet now has 1 Gold Coins.
Pat is the current player
They have rolled a 4
Pat's new location is 4
The category is Pop
Pop Question 0
Answer was corrent!!!!
Pat now has 1 Gold Coins.
Sue is the current player
They have rolled a 3
Sue's new location is 3
The category is Rock
Rock Question 0
Answer was corrent!!!!
Sue now has 1 Gold Coins.
Chet is the current player
They have rolled a 3
Chet's new location is 8
The category is Pop
Pop Question 1
Answer was corrent!!!!
Chet now has 2 Gold Coins.
Pat is the current player
They have rolled a 2
Pat's new location is 6
The category is Sports
Sports Question 0
Question was incorrectly answered
Pat was sent to the penalty box
Sue is the current player
They have rolled a 1
Sue's new location is 4
The category is Pop
Pop Question 2
Answer was corrent!!!!
Sue now has 2 Gold Coins.
Chet is the current player
They have rolled a 1
Chet's new location is 9
The category is Science
Science Question 1
Answer was corrent!!!!
Chet now has 3 Gold Coins.
Pat is the current player
They have rolled a 2
Pat is not getting out of the penalty box
Answer was corrent!!!!
Pat now has 2 Gold Coins.
Sue is the current player
They have rolled a 3
Sue's new location is 7
The category is Rock
Rock Question 1
Answer was corrent!!!!
Sue now has 3 Gold Coins.
Chet is the current player
They have rolled a 5
Chet's new location is 2
The category is Sports
Sports Question 1
Answer was corrent!!!!
Chet now has 4 Gold Coins.
Pat is the current player
They have rolled a 4
Pat is not getting out of the penalty box
Answer was corrent!!!!
Pat now has 3 Gold Coins.
Sue is the current player
They have rolled a 5
Sue's new location is 0
The category is Pop
Pop Question 3
Answer was corrent!!!!
Sue now has 4 Gold Coins.
Chet is the current player
They have rolled a 5
Chet's new location is 7
The category is Rock
Rock Question 2
Question was incorrectly answered
Chet was sent to the penalty box
Pat is the current player
They have rolled a 2
Pat is not getting out of the penalty box
Answer was corrent!!!!
Pat now has 4 Gold Coins.
Sue is the current player
They have rolled a 5
Sue's new location is 5
The category is Science
Science Question 2
Answer was corrent!!!!
Sue now has 5 Gold Coins.
Chet is the current player
They have rolled a 1
Chet is getting out of the penalty box
Chet's new location is 8
The category is Pop
Pop Question 4
Answer was corrent!!!!
Chet now has 5 Gold Coins.
Pat is the current player
They have rolled a 2
Pat is not getting out of the penalty box
Answer was corrent!!!!
Pat now has 5 Gold Coins.
Sue is the current player
They have rolled a 3
Sue's new location is 8
The category is Pop
Pop Question 5
Answer was corrent!!!!
Sue now has 6 Gold Coins.


Output 31:
Chet was added
They are player number 1
Pat was added
They are player number 2
Sue was added
They are player number 3
Chet is the current player
They have rolled a 5
Chet's new location is 5
The category is Science
Science Question 0
Answer was corrent!!!!
Chet now has 1 Gold Coins.
Pat is the current player
They have rolled a 1
Pat's new location is 1
The category is Science
Science Question 1
Answer was corrent!!!!
Pat now has 1 Gold Coins.
Sue is the current player
They have rolled a 1
Sue's new location is 1
The category is Science
Science Question 2
Answer was corrent!!!!
Sue now has 1 Gold Coins.
Chet is the current player
They have rolled a 4
Chet's new location is 9
The category is Science
Science Question 3
Question was incorrectly answered
Chet was sent to the penalty box
Pat is the current player
They have rolled a 2
Pat's new location is 3
The category is Rock
Rock Question 0
Answer was corrent!!!!
Pat now has 2 Gold Coins.
Sue is the current player
They have rolled a 5
Sue's new location is 6
The category is Sports
Sports Question 0
Answer was corrent!!!!
Sue now has 2 Gold Coins.
Chet is the current player
They have rolled a 2
Chet is not getting out of the penalty box
Question was incorrectly answered
Chet was sent to the penalty box
Pat is the current player
They have rolled a 2
Pat's new location is 5
The category is Science
Science Question 4
Question was incorrectly answered
Pat was sent to the penalty box
Sue is the current player
They have rolled a 3
Sue's new location is 9
The category is Science
Science Question 5
Answer was corrent!!!!
Sue now has 3 Gold Coins.
Chet is the current player
They have rolled a 3
Chet is getting out of the penalty box
Chet's new location is 0
The category is Pop
Pop Question 0
Answer was corrent!!!!
Chet now has 2 Gold Coins.
Pat is the current player
They have rolled a 3
Pat is getting out of the penalty box
Pat's new location is 8
The category is Pop
Pop Question 1
Answer was corrent!!!!
Pat now has 3 Gold Coins.
Sue is the current player
They have rolled a 5
Sue's new location is 2
The category is Sports
Sports Question 1
Answer was corrent!!!!
Sue now has 4 Gold Coins.
Chet is the current player
They have rolled a 3
Chet's new location is 3
The category is Rock
Rock Question 1
Answer was corrent!!!!
Chet now has 3 Gold Coins.
Pat is the current player
They have rolled a 4
Pat's new location is 0
The category is Pop
Pop Question 2
Answer was corrent!!!!
Pat now has 4 Gold Coins.
Sue is the current player
They have rolled a 2
Sue's new location is 4
The category is Pop
Pop Question 3
Answer was corrent!!!!
Sue now has 5 Gold Coins.
Chet is the current player
They have rolled a 5
Chet's new location is 8
The category is Pop
Pop Question 4
Answer was corrent!!!!
Chet now has 4 Gold Coins.
Pat is the current player
They have rolled a 1
Pat's new location is 1
The category is Science
Science Question 6
Answer was corrent!!!!
Pat now has 5 Gold Coins.
Sue is the current player
They have rolled a 1
Sue's new location is 5
The category is Science
Science Question 7
Answer was corrent!!!!
Sue now has 6 Gold Coins.


Output 32:
Chet was added
They are player number 1
Pat was added
They are player number 2
Sue was added
They are player number 3
Chet is the current player
They have rolled a 3
Chet's new location is 3
The category is Rock
Rock Question 0
Answer was corrent!!!!
Chet now has 1 Gold Coins.
Pat is the current player
They have rolled a 4
Pat's new location is 4
The category is Pop
Pop Question 0
Question was incorrectly answered
Pat was sent to the penalty box
Sue is the current player
They have rolled a 5
Sue's new location is 5
The category is Science
Science Question 0
Answer was corrent!!!!
Sue now has 1 Gold Coins.
Chet is the current player
They have rolled a 3
Chet's new location is 6
The category is Sports
Sports Question 0
Question was incorrectly answered
Chet was sent to the penalty box
Pat is the current player
They have rolled a 4
Pat is not getting out of the penalty box
Answer was corrent!!!!
Pat now has 1 Gold Coins.
Sue is the current player
They have rolled a 1
Sue's new location is 6
The category is Sports
Sports Question 1
Answer was corrent!!!!
Sue now has 2 Gold Coins.
Chet is the current player
They have rolled a 5
Chet is getting out of the penalty box
Chet's new location is 11
The category is Rock
Rock Question 1
Question was incorrectly answered
Chet was sent to the penalty box
Pat is the current player
They have rolled a 2
Pat is not getting out of the penalty box
Answer was corrent!!!!
Pat now has 2 Gold Coins.
Sue is the current player
They have rolled a 5
Sue's new location is 11
The category is Rock
Rock Question 2
Answer was corrent!!!!
Sue now has 3 Gold Coins.
Chet is the current player
They have rolled a 5
Chet is getting out of the penalty box
Chet's new location is 4
The category is Pop
Pop Question 1
Answer was corrent!!!!
Chet now has 2 Gold Coins.
Pat is the current player
They have rolled a 3
Pat is getting out of the penalty box
Pat's new location is 7
The category is Rock
Rock Question 3
Answer was corrent!!!!
Pat now has 3 Gold Coins.
Sue is the current player
They have rolled a 4
Sue's new location is 3
The category is Rock
Rock Question 4
Answer was corrent!!!!
Sue now has 4 Gold Coins.
Chet is the current player
They have rolled a 4
Chet's new location is 8
The category is Pop
Pop Question 2
Answer was corrent!!!!
Chet now has 3 Gold Coins.
Pat is the current player
They have rolled a 5
Pat's new location is 0
The category is Pop
Pop Question 3
Answer was corrent!!!!
Pat now has 4 Gold Coins.
Sue is the current player
They have rolled a 2
Sue's new location is 5
The category is Science
Science Question 1
Question was incorrectly answered
Sue was sent to the penalty box
Chet is the current player
They have rolled a 2
Chet's new location is 10
The category is Sports
Sports Question 2
Answer was corrent!!!!
Chet now has 4 Gold Coins.
Pat is the current player
They have rolled a 4
Pat's new location is 4
The category is Pop
Pop Question 4
Answer was corrent!!!!
Pat now has 5 Gold Coins.
Sue is the current player
They have rolled a 2
Sue is not getting out of the penalty box
Answer was corrent!!!!
Sue now has 5 Gold Coins.
Chet is the current player
They have rolled a 2
Chet's new location is 0
The category is Pop
Pop Question 5
Answer was corrent!!!!
Chet now has 5 Gold Coins.
Pat is the current player
They have rolled a 2
Pat's new location is 6
The category is Sports
Sports Question 3
Answer was corrent!!!!
Pat now has 6 Gold Coins.


Output 33:
Chet was added
They are player number 1
Pat was added
They are player number 2
Sue was added
They are player number 3
Chet is the current player
They have rolled a 5
Chet's new location is 5
The category is Science
Science Question 0
Question was incorrectly answered
Chet was sent to the penalty box
Pat is the current player
They have rolled a 3
Pat's new location is 3
The category is Rock
Rock Question 0
Answer was corrent!!!!
Pat now has 1 Gold Coins.
Sue is the current player
They have rolled a 5
Sue's new location is 5
The category is Science
Science Question 1
Question was incorrectly answered
Sue was sent to the penalty box
Chet is the current player
They have rolled a 2
Chet is not getting out of the penalty box
Answer was corrent!!!!
Chet now has 1 Gold Coins.
Pat is the current player
They have rolled a 4
Pat's new location is 7
The category is Rock
Rock Question 1
Answer was corrent!!!!
Pat now has 2 Gold Coins.
Sue is the current player
They have rolled a 1
Sue is getting out of the penalty box
Sue's new location is 6
The category is Sports
Sports Question 0
Answer was corrent!!!!
Sue now has 1 Gold Coins.
Chet is the current player
They have rolled a 5
Chet is getting out of the penalty box
Chet's new location is 10
The category is Sports
Sports Question 1
Answer was corrent!!!!
Chet now has 2 Gold Coins.
Pat is the current player
They have rolled a 1
Pat's new location is 8
The category is Pop
Pop Question 0
Answer was corrent!!!!
Pat now has 3 Gold Coins.
Sue is the current player
They have rolled a 1
Sue's new location is 7
The category is Rock
Rock Question 2
Answer was corrent!!!!
Sue now has 2 Gold Coins.
Chet is the current player
They have rolled a 2
Chet's new location is 0
The category is Pop
Pop Question 1
Answer was corrent!!!!
Chet now has 3 Gold Coins.
Pat is the current player
They have rolled a 2
Pat's new location is 10
The category is Sports
Sports Question 2
Answer was corrent!!!!
Pat now has 4 Gold Coins.
Sue is the current player
They have rolled a 1
Sue's new location is 8
The category is Pop
Pop Question 2
Answer was corrent!!!!
Sue now has 3 Gold Coins.
Chet is the current player
They have rolled a 3
Chet's new location is 3
The category is Rock
Rock Question 3
Answer was corrent!!!!
Chet now has 4 Gold Coins.
Pat is the current player
They have rolled a 2
Pat's new location is 0
The category is Pop
Pop Question 3
Answer was corrent!!!!
Pat now has 5 Gold Coins.
Sue is the current player
They have rolled a 2
Sue's new location is 10
The category is Sports
Sports Question 3
Question was incorrectly answered
Sue was sent to the penalty box
Chet is the current player
They have rolled a 1
Chet's new location is 4
The category is Pop
Pop Question 4
Answer was corrent!!!!
Chet now has 5 Gold Coins.
Pat is the current player
They have rolled a 4
Pat's new location is 4
The category is Pop
Pop Question 5
Answer was corrent!!!!
Pat now has 6 Gold Coins.


Output 34:
Chet was added
They are player number 1
Pat was added
They are player number 2
Sue was added
They are player number 3
Chet is the current player
They have rolled a 4
Chet's new location is 4
The category is Pop
Pop Question 0
Answer was corrent!!!!
Chet now has 1 Gold Coins.
Pat is the current player
They have rolled a 4
Pat's new location is 4
The category is Pop
Pop Question 1
Answer was corrent!!!!
Pat now has 1 Gold Coins.
Sue is the current player
They have rolled a 2
Sue's new location is 2
The category is Sports
Sports Question 0
Answer was corrent!!!!
Sue now has 1 Gold Coins.
Chet is the current player
They have rolled a 4
Chet's new location is 8
The category is Pop
Pop Question 2
Answer was corrent!!!!
Chet now has 2 Gold Coins.
Pat is the current player
They have rolled a 4
Pat's new location is 8
The category is Pop
Pop Question 3
Question was incorrectly answered
Pat was sent to the penalty box
Sue is the current player
They have rolled a 1
Sue's new location is 3
The category is Rock
Rock Question 0
Answer was corrent!!!!
Sue now has 2 Gold Coins.
Chet is the current player
They have rolled a 4
Chet's new location is 0
The category is Pop
Pop Question 4
Answer was corrent!!!!
Chet now has 3 Gold Coins.
Pat is the current player
They have rolled a 3
Pat is getting out of the penalty box
Pat's new location is 11
The category is Rock
Rock Question 1
Answer was corrent!!!!
Pat now has 2 Gold Coins.
Sue is the current player
They have rolled a 4
Sue's new location is 7
The category is Rock
Rock Question 2
Question was incorrectly answered
Sue was sent to the penalty box
Chet is the current player
They have rolled a 1
Chet's new location is 1
The category is Science
Science Question 0
Answer was corrent!!!!
Chet now has 4 Gold Coins.
Pat is the current player
They have rolled a 2
Pat's new location is 1
The category is Science
Science Question 1
Answer was corrent!!!!
Pat now has 3 Gold Coins.
Sue is the current player
They have rolled a 3
Sue is getting out of the penalty box
Sue's new location is 10
The category is Sports
Sports Question 1
Answer was corrent!!!!
Sue now has 3 Gold Coins.
Chet is the current player
They have rolled a 5
Chet's new location is 6
The category is Sports
Sports Question 2
Answer was corrent!!!!
Chet now has 5 Gold Coins.
Pat is the current player
They have rolled a 5
Pat's new location is 6
The category is Sports
Sports Question 3
Question was incorrectly answered
Pat was sent to the penalty box
Sue is the current player
They have rolled a 1
Sue's new location is 11
The category is Rock
Rock Question 3
Answer was corrent!!!!
Sue now has 4 Gold Coins.
Chet is the current player
They have rolled a 1
Chet's new location is 7
The category is Rock
Rock Question 4
Answer was corrent!!!!
Chet now has 6 Gold Coins.


Output 35:
Chet was added
They are player number 1
Pat was added
They are player number 2
Sue was added
They are player number 3
Chet is the current player
They have rolled a 3
Chet's new location is 3
The category is Rock
Rock Question 0
Answer was corrent!!!!
Chet now has 1 Gold Coins.
Pat is the current player
They have rolled a 4
Pat's new location is 4
The category is Pop
Pop Question 0
Answer was corrent!!!!
Pat now has 1 Gold Coins.
Sue is the current player
They have rolled a 3
Sue's new location is 3
The category is Rock
Rock Question 1
Answer was corrent!!!!
Sue now has 1 Gold Coins.
Chet is the current player
They have rolled a 4
Chet's new location is 7
The category is Rock
Rock Question 2
Question was incorrectly answered
Chet was sent to the penalty box
Pat is the current player
They have rolled a 1
Pat's new location is 5
The category is Science
Science Question 0
Answer was corrent!!!!
Pat now has 2 Gold Coins.
Sue is the current player
They have rolled a 2
Sue's new location is 5
The category is Science
Science Question 1
Answer was corrent!!!!
Sue now has 2 Gold Coins.
Chet is the current player
They have rolled a 3
Chet is getting out of the penalty box
Chet's new location is 10
The category is Sports
Sports Question 0
Answer was corrent!!!!
Chet now has 2 Gold Coins.
Pat is the current player
They have rolled a 1
Pat's new location is 6
The category is Sports
Sports Question 1
Answer was corrent!!!!
Pat now has 3 Gold Coins.
Sue is the current player
They have rolled a 3
Sue's new location is 8
The category is Pop
Pop Question 1
Answer was corrent!!!!
Sue now has 3 Gold Coins.
Chet is the current player
They have rolled a 1
Chet's new location is 11
The category is Rock
Rock Question 3
Answer was corrent!!!!
Chet now has 3 Gold Coins.
Pat is the current player
They have rolled a 4
Pat's new location is 10
The category is Sports
Sports Question 2
Answer was corrent!!!!
Pat now has 4 Gold Coins.
Sue is the current player
They have rolled a 5
Sue's new location is 1
The category is Science
Science Question 2
Answer was corrent!!!!
Sue now has 4 Gold Coins.
Chet is the current player
They have rolled a 2
Chet's new location is 1
The category is Science
Science Question 3
Answer was corrent!!!!
Chet now has 4 Gold Coins.
Pat is the current player
They have rolled a 5
Pat's new location is 3
The category is Rock
Rock Question 4
Answer was corrent!!!!
Pat now has 5 Gold Coins.
Sue is the current player
They have rolled a 4
Sue's new location is 5
The category is Science
Science Question 4
Answer was corrent!!!!
Sue now has 5 Gold Coins.
Chet is the current player
They have rolled a 4
Chet's new location is 5
The category is Science
Science Question 5
Question was incorrectly answered
Chet was sent to the penalty box
Pat is the current player
They have rolled a 4
Pat's new location is 7
The category is Rock
Rock Question 5
Answer was corrent!!!!
Pat now has 6 Gold Coins.


Output 36:
Chet was added
They are player number 1
Pat was added
They are player number 2
Sue was added
They are player number 3
Chet is the current player
They have rolled a 2
Chet's new location is 2
The category is Sports
Sports Question 0
Answer was corrent!!!!
Chet now has 1 Gold Coins.
Pat is the current player
They have rolled a 1
Pat's new location is 1
The category is Science
Science Question 0
Answer was corrent!!!!
Pat now has 1 Gold Coins.
Sue is the current player
They have rolled a 3
Sue's new location is 3
The category is Rock
Rock Question 0
Answer was corrent!!!!
Sue now has 1 Gold Coins.
Chet is the current player
They have rolled a 3
Chet's new location is 5
The category is Science
Science Question 1
Answer was corrent!!!!
Chet now has 2 Gold Coins.
Pat is the current player
They have rolled a 3
Pat's new location is 4
The category is Pop
Pop Question 0
Answer was corrent!!!!
Pat now has 2 Gold Coins.
Sue is the current player
They have rolled a 3
Sue's new location is 6
The category is Sports
Sports Question 1
Answer was corrent!!!!
Sue now has 2 Gold Coins.
Chet is the current player
They have rolled a 3
Chet's new location is 8
The category is Pop
Pop Question 1
Question was incorrectly answered
Chet was sent to the penalty box
Pat is the current player
They have rolled a 1
Pat's new location is 5
The category is Science
Science Question 2
Answer was corrent!!!!
Pat now has 3 Gold Coins.
Sue is the current player
They have rolled a 3
Sue's new location is 9
The category is Science
Science Question 3
Answer was corrent!!!!
Sue now has 3 Gold Coins.
Chet is the current player
They have rolled a 2
Chet is not getting out of the penalty box
Question was incorrectly answered
Chet was sent to the penalty box
Pat is the current player
They have rolled a 3
Pat's new location is 8
The category is Pop
Pop Question 2
Answer was corrent!!!!
Pat now has 4 Gold Coins.
Sue is the current player
They have rolled a 1
Sue's new location is 10
The category is Sports
Sports Question 2
Question was incorrectly answered
Sue was sent to the penalty box
Chet is the current player
They have rolled a 1
Chet is getting out of the penalty box
Chet's new location is 9
The category is Science
Science Question 4
Answer was corrent!!!!
Chet now has 3 Gold Coins.
Pat is the current player
They have rolled a 3
Pat's new location is 11
The category is Rock
Rock Question 1
Answer was corrent!!!!
Pat now has 5 Gold Coins.
Sue is the current player
They have rolled a 2
Sue is not getting out of the penalty box
Question was incorrectly answered
Sue was sent to the penalty box
Chet is the current player
They have rolled a 5
Chet's new location is 2
The category is Sports
Sports Question 3
Answer was corrent!!!!
Chet now has 4 Gold Coins.
Pat is the current player
They have rolled a 3
Pat's new location is 2
The category is Sports
Sports Question 4
Answer was corrent!!!!
Pat now has 6 Gold Coins.


Output 37:
Chet was added
They are player number 1
Pat was added
They are player number 2
Sue was added
They are player number 3
Chet is the current player
They have rolled a 4
Chet's new location is 4
The category is Pop
Pop Question 0
Answer was corrent!!!!
Chet now has 1 Gold Coins.
Pat is the current player
They have rolled a 5
Pat's new location is 5
The category is Science
Science Question 0
Answer was corrent!!!!
Pat now has 1 Gold Coins.
Sue is the current player
They have rolled a 3
Sue's new location is 3
The category is Rock
Rock Question 0
Answer was corrent!!!!
Sue now has 1 Gold Coins.
Chet is the current player
They have rolled a 1
Chet's new location is 5
The category is Science
Science Question 1
Answer was corrent!!!!
Chet now has 2 Gold Coins.
Pat is the current player
They have rolled a 3
Pat's new location is 8
The category is Pop
Pop Question 1
Answer was corrent!!!!
Pat now has 2 Gold Coins.
Sue is the current player
They have rolled a 2
Sue's new location is 5
The category is Science
Science Question 2
Answer was corrent!!!!
Sue now has 2 Gold Coins.
Chet is the current player
They have rolled a 3
Chet's new location is 8
The category is Pop
Pop Question 2
Answer was corrent!!!!
Chet now has 3 Gold Coins.
Pat is the current player
They have rolled a 3
Pat's new location is 11
The category is Rock
Rock Question 1
Answer was corrent!!!!
Pat now has 3 Gold Coins.
Sue is the current player
They have rolled a 5
Sue's new location is 10
The category is Sports
Sports Question 0
Answer was corrent!!!!
Sue now has 3 Gold Coins.
Chet is the current player
They have rolled a 1
Chet's new location is 9
The category is Science
Science Question 3
Question was incorrectly answered
Chet was sent to the penalty box
Pat is the current player
They have rolled a 5
Pat's new location is 4
The category is Pop
Pop Question 3
Answer was corrent!!!!
Pat now has 4 Gold Coins.
Sue is the current player
They have rolled a 4
Sue's new location is 2
The category is Sports
Sports Question 1
Answer was corrent!!!!
Sue now has 4 Gold Coins.
Chet is the current player
They have rolled a 5
Chet is getting out of the penalty box
Chet's new location is 2
The category is Sports
Sports Question 2
Answer was corrent!!!!
Chet now has 4 Gold Coins.
Pat is the current player
They have rolled a 2
Pat's new location is 6
The category is Sports
Sports Question 3
Answer was corrent!!!!
Pat now has 5 Gold Coins.
Sue is the current player
They have rolled a 4
Sue's new location is 6
The category is Sports
Sports Question 4
Answer was corrent!!!!
Sue now has 5 Gold Coins.
Chet is the current player
They have rolled a 3
Chet's new location is 5
The category is Science
Science Question 4
Answer was corrent!!!!
Chet now has 5 Gold Coins.
Pat is the current player
They have rolled a 5
Pat's new location is 11
The category is Rock
Rock Question 2
Answer was corrent!!!!
Pat now has 6 Gold Coins.


Output 38:
Chet was added
They are player number 1
Pat was added
They are player number 2
Sue was added
They are player number 3
Chet is the current player
They have rolled a 1
Chet's new location is 1
The category is Science
Science Question 0
Answer was corrent!!!!
Chet now has 1 Gold Coins.
Pat is the current player
They have rolled a 4
Pat's new location is 4
The category is Pop
Pop Question 0
Answer was corrent!!!!
Pat now has 1 Gold Coins.
Sue is the current player
They have rolled a 4
Sue's new location is 4
The category is Pop
Pop Question 1
Answer was corrent!!!!
Sue now has 1 Gold Coins.
Chet is the current player
They have rolled a 1
Chet's new location is 2
The category is Sports
Sports Question 0
Answer was corrent!!!!
Chet now has 2 Gold Coins.
Pat is the current player
They have rolled a 5
Pat's new location is 9
The category is Science
Science Question 1
Answer was corrent!!!!
Pat now has 2 Gold Coins.
Sue is the current player
They have rolled a 2
Sue's new location is 6
The category is Sports
Sports Question 1
Answer was corrent!!!!
Sue now has 2 Gold Coins.
Chet is the current player
They have rolled a 4
Chet's new location is 6
The category is Sports
Sports Question 2
Answer was corrent!!!!
Chet now has 3 Gold Coins.
Pat is the current player
They have rolled a 4
Pat's new location is 1
The category is Science
Science Question 2
Answer was corrent!!!!
Pat now has 3 Gold Coins.
Sue is the current player
They have rolled a 3
Sue's new location is 9
The category is Science
Science Question 3
Answer was corrent!!!!
Sue now has 3 Gold Coins.
Chet is the current player
They have rolled a 4
Chet's new location is 10
The category is Sports
Sports Question 3
Question was incorrectly answered
Chet was sent to the penalty box
Pat is the current player
They have rolled a 5
Pat's new location is 6
The category is Sports
Sports Question 4
Answer was corrent!!!!
Pat now has 4 Gold Coins.
Sue is the current player
They have rolled a 1
Sue's new location is 10
The category is Sports
Sports Question 5
Answer was corrent!!!!
Sue now has 4 Gold Coins.
Chet is the current player
They have rolled a 1
Chet is getting out of the penalty box
Chet's new location is 11
The category is Rock
Rock Question 0
Question was incorrectly answered
Chet was sent to the penalty box
Pat is the current player
They have rolled a 1
Pat's new location is 7
The category is Rock
Rock Question 1
Answer was corrent!!!!
Pat now has 5 Gold Coins.
Sue is the current player
They have rolled a 1
Sue's new location is 11
The category is Rock
Rock Question 2
Answer was corrent!!!!
Sue now has 5 Gold Coins.
Chet is the current player
They have rolled a 2
Chet is not getting out of the penalty box
Answer was corrent!!!!
Chet now has 4 Gold Coins.
Pat is the current player
They have rolled a 2
Pat's new location is 9
The category is Science
Science Question 4
Answer was corrent!!!!
Pat now has 6 Gold Coins.


Output 39:
Chet was added
They are player number 1
Pat was added
They are player number 2
Sue was added
They are player number 3
Chet is the current player
They have rolled a 4
Chet's new location is 4
The category is Pop
Pop Question 0
Answer was corrent!!!!
Chet now has 1 Gold Coins.
Pat is the current player
They have rolled a 1
Pat's new location is 1
The category is Science
Science Question 0
Question was incorrectly answered
Pat was sent to the penalty box
Sue is the current player
They have rolled a 3
Sue's new location is 3
The category is Rock
Rock Question 0
Answer was corrent!!!!
Sue now has 1 Gold Coins.
Chet is the current player
They have rolled a 2
Chet's new location is 6
The category is Sports
Sports Question 0
Answer was corrent!!!!
Chet now has 2 Gold Coins.
Pat is the current player
They have rolled a 2
Pat is not getting out of the penalty box
Answer was corrent!!!!
Pat now has 1 Gold Coins.
Sue is the current player
They have rolled a 4
Sue's new location is 7
The category is Rock
Rock Question 1
Answer was corrent!!!!
Sue now has 2 Gold Coins.
Chet is the current player
They have rolled a 5
Chet's new location is 11
The category is Rock
Rock Question 2
Question was incorrectly answered
Chet was sent to the penalty box
Pat is the current player
They have rolled a 4
Pat is not getting out of the penalty box
Answer was corrent!!!!
Pat now has 2 Gold Coins.
Sue is the current player
They have rolled a 4
Sue's new location is 11
The category is Rock
Rock Question 3
Answer was corrent!!!!
Sue now has 3 Gold Coins.
Chet is the current player
They have rolled a 2
Chet is not getting out of the penalty box
Answer was corrent!!!!
Chet now has 3 Gold Coins.
Pat is the current player
They have rolled a 5
Pat is getting out of the penalty box
Pat's new location is 6
The category is Sports
Sports Question 1
Answer was corrent!!!!
Pat now has 3 Gold Coins.
Sue is the current player
They have rolled a 1
Sue's new location is 0
The category is Pop
Pop Question 1
Answer was corrent!!!!
Sue now has 4 Gold Coins.
Chet is the current player
They have rolled a 5
Chet is getting out of the penalty box
Chet's new location is 4
The category is Pop
Pop Question 2
Answer was corrent!!!!
Chet now has 4 Gold Coins.
Pat is the current player
They have rolled a 2
Pat's new location is 8
The category is Pop
Pop Question 3
Answer was corrent!!!!
Pat now has 4 Gold Coins.
Sue is the current player
They have rolled a 5
Sue's new location is 5
The category is Science
Science Question 1
Answer was corrent!!!!
Sue now has 5 Gold Coins.
Chet is the current player
They have rolled a 2
Chet's new location is 6
The category is Sports
Sports Question 2
Answer was corrent!!!!
Chet now has 5 Gold Coins.
Pat is the current player
They have rolled a 1
Pat's new location is 9
The category is Science
Science Question 2
Answer was corrent!!!!
Pat now has 5 Gold Coins.
Sue is the current player
They have rolled a 1
Sue's new location is 6
The category is Sports
Sports Question 3
Answer was corrent!!!!
Sue now has 6 Gold Coins.


Output 40:
Chet was added
They are player number 1
Pat was added
They are player number 2
Sue was added
They are player number 3
Chet is the current player
They have rolled a 4
Chet's new location is 4
The category is Pop
Pop Question 0
Answer was corrent!!!!
Chet now has 1 Gold Coins.
Pat is the current player
They have rolled a 1
Pat's new location is 1
The category is Science
Science Question 0
Answer was corrent!!!!
Pat now has 1 Gold Coins.
Sue is the current player
They have rolled a 1
Sue's new location is 1
The category is Science
Science Question 1
Question was incorrectly answered
Sue was sent to the penalty box
Chet is the current player
They have rolled a 2
Chet's new location is 6
The category is Sports
Sports Question 0
Answer was corrent!!!!
Chet now has 2 Gold Coins.
Pat is the current player
They have rolled a 5
Pat's new location is 6
The category is Sports
Sports Question 1
Answer was corrent!!!!
Pat now has 2 Gold Coins.
Sue is the current player
They have rolled a 2
Sue is not getting out of the penalty box
Question was incorrectly answered
Sue was sent to the penalty box
Chet is the current player
They have rolled a 5
Chet's new location is 11
The category is Rock
Rock Question 0
Question was incorrectly answered
Chet was sent to the penalty box
Pat is the current player
They have rolled a 1
Pat's new location is 7
The category is Rock
Rock Question 1
Answer was corrent!!!!
Pat now has 3 Gold Coins.
Sue is the current player
They have rolled a 2
Sue is not getting out of the penalty box
Answer was corrent!!!!
Sue now has 1 Gold Coins.
Chet is the current player
They have rolled a 3
Chet is getting out of the penalty box
Chet's new location is 2
The category is Sports
Sports Question 2
Answer was corrent!!!!
Chet now has 3 Gold Coins.
Pat is the current player
They have rolled a 4
Pat's new location is 11
The category is Rock
Rock Question 2
Answer was corrent!!!!
Pat now has 4 Gold Coins.
Sue is the current player
They have rolled a 2
Sue is not getting out of the penalty box
Question was incorrectly answered
Sue was sent to the penalty box
Chet is the current player
They have rolled a 3
Chet's new location is 5
The category is Science
Science Question 2
Answer was corrent!!!!
Chet now has 4 Gold Coins.
Pat is the current player
They have rolled a 5
Pat's new location is 4
The category is Pop
Pop Question 1
Answer was corrent!!!!
Pat now has 5 Gold Coins.
Sue is the current player
They have rolled a 2
Sue is not getting out of the penalty box
Answer was corrent!!!!
Sue now has 2 Gold Coins.
Chet is the current player
They have rolled a 1
Chet's new location is 6
The category is Sports
Sports Question 3
Answer was corrent!!!!
Chet now has 5 Gold Coins.
Pat is the current player
They have rolled a 4
Pat's new location is 8
The category is Pop
Pop Question 2
Answer was corrent!!!!
Pat now has 6 Gold Coins.


Output 41:
Chet was added
They are player number 1
Pat was added
They are player number 2
Sue was added
They are player number 3
Chet is the current player
They have rolled a 5
Chet's new location is 5
The category is Science
Science Question 0
Answer was corrent!!!!
Chet now has 1 Gold Coins.
Pat is the current player
They have rolled a 4
Pat's new location is 4
The category is Pop
Pop Question 0
Answer was corrent!!!!
Pat now has 1 Gold Coins.
Sue is the current player
They have rolled a 3
Sue's new location is 3
The category is Rock
Rock Question 0
Answer was corrent!!!!
Sue now has 1 Gold Coins.
Chet is the current player
They have rolled a 3
Chet's new location is 8
The category is Pop
Pop Question 1
Question was incorrectly answered
Chet was sent to the penalty box
Pat is the current player
They have rolled a 4
Pat's new location is 8
The category is Pop
Pop Question 2
Answer was corrent!!!!
Pat now has 2 Gold Coins.
Sue is the current player
They have rolled a 2
Sue's new location is 5
The category is Science
Science Question 1
Answer was corrent!!!!
Sue now has 2 Gold Coins.
Chet is the current player
They have rolled a 2
Chet is not getting out of the penalty box
Question was incorrectly answered
Chet was sent to the penalty box
Pat is the current player
They have rolled a 5
Pat's new location is 1
The category is Science
Science Question 2
Answer was corrent!!!!
Pat now has 3 Gold Coins.
Sue is the current player
They have rolled a 4
Sue's new location is 9
The category is Science
Science Question 3
Question was incorrectly answered
Sue was sent to the penalty box
Chet is the current player
They have rolled a 4
Chet is not getting out of the penalty box
Question was incorrectly answered
Chet was sent to the penalty box
Pat is the current player
They have rolled a 4
Pat's new location is 5
The category is Science
Science Question 4
Question was incorrectly answered
Pat was sent to the penalty box
Sue is the current player
They have rolled a 3
Sue is getting out of the penalty box
Sue's new location is 0
The category is Pop
Pop Question 3
Question was incorrectly answered
Sue was sent to the penalty box
Chet is the current player
They have rolled a 3
Chet is getting out of the penalty box
Chet's new location is 11
The category is Rock
Rock Question 1
Answer was corrent!!!!
Chet now has 2 Gold Coins.
Pat is the current player
They have rolled a 2
Pat is not getting out of the penalty box
Answer was corrent!!!!
Pat now has 4 Gold Coins.
Sue is the current player
They have rolled a 2
Sue is not getting out of the penalty box
Answer was corrent!!!!
Sue now has 3 Gold Coins.
Chet is the current player
They have rolled a 1
Chet's new location is 0
The category is Pop
Pop Question 4
Answer was corrent!!!!
Chet now has 3 Gold Coins.
Pat is the current player
They have rolled a 4
Pat is not getting out of the penalty box
Question was incorrectly answered
Pat was sent to the penalty box
Sue is the current player
They have rolled a 5
Sue is getting out of the penalty box
Sue's new location is 5
The category is Science
Science Question 5
Answer was corrent!!!!
Sue now has 4 Gold Coins.
Chet is the current player
They have rolled a 5
Chet's new location is 5
The category is Science
Science Question 6
Answer was corrent!!!!
Chet now has 4 Gold Coins.
Pat is the current player
They have rolled a 3
Pat is getting out of the penalty box
Pat's new location is 8
The category is Pop
Pop Question 5
Answer was corrent!!!!
Pat now has 5 Gold Coins.
Sue is the current player
They have rolled a 4
Sue's new location is 9
The category is Science
Science Question 7
Answer was corrent!!!!
Sue now has 5 Gold Coins.
Chet is the current player
They have rolled a 3
Chet's new location is 8
The category is Pop
Pop Question 6
Answer was corrent!!!!
Chet now has 5 Gold Coins.
Pat is the current player
They have rolled a 2
Pat's new location is 10
The category is Sports
Sports Question 0
Answer was corrent!!!!
Pat now has 6 Gold Coins.


Output 42:
Chet was added
They are player number 1
Pat was added
They are player number 2
Sue was added
They are player number 3
Chet is the current player
They have rolled a 2
Chet's new location is 2
The category is Sports
Sports Question 0
Answer was corrent!!!!
Chet now has 1 Gold Coins.
Pat is the current player
They have rolled a 1
Pat's new location is 1
The category is Science
Science Question 0
Answer was corrent!!!!
Pat now has 1 Gold Coins.
Sue is the current player
They have rolled a 1
Sue's new location is 1
The category is Science
Science Question 1
Answer was corrent!!!!
Sue now has 1 Gold Coins.
Chet is the current player
They have rolled a 3
Chet's new location is 5
The category is Science
Science Question 2
Answer was corrent!!!!
Chet now has 2 Gold Coins.
Pat is the current player
They have rolled a 5
Pat's new location is 6
The category is Sports
Sports Question 1
Question was incorrectly answered
Pat was sent to the penalty box
Sue is the current player
They have rolled a 2
Sue's new location is 3
The category is Rock
Rock Question 0
Answer was corrent!!!!
Sue now has 2 Gold Coins.
Chet is the current player
They have rolled a 3
Chet's new location is 8
The category is Pop
Pop Question 0
Answer was corrent!!!!
Chet now has 3 Gold Coins.
Pat is the current player
They have rolled a 2
Pat is not getting out of the penalty box
Answer was corrent!!!!
Pat now has 2 Gold Coins.
Sue is the current player
They have rolled a 5
Sue's new location is 8
The category is Pop
Pop Question 1
Answer was corrent!!!!
Sue now has 3 Gold Coins.
Chet is the current player
They have rolled a 4
Chet's new location is 0
The category is Pop
Pop Question 2
Question was incorrectly answered
Chet was sent to the penalty box
Pat is the current player
They have rolled a 4
Pat is not getting out of the penalty box
Answer was corrent!!!!
Pat now has 3 Gold Coins.
Sue is the current player
They have rolled a 1
Sue's new location is 9
The category is Science
Science Question 3
Answer was corrent!!!!
Sue now has 4 Gold Coins.
Chet is the current player
They have rolled a 3
Chet is getting out of the penalty box
Chet's new location is 3
The category is Rock
Rock Question 1
Answer was corrent!!!!
Chet now has 4 Gold Coins.
Pat is the current player
They have rolled a 3
Pat is getting out of the penalty box
Pat's new location is 9
The category is Science
Science Question 4
Answer was corrent!!!!
Pat now has 4 Gold Coins.
Sue is the current player
They have rolled a 1
Sue's new location is 10
The category is Sports
Sports Question 2
Answer was corrent!!!!
Sue now has 5 Gold Coins.
Chet is the current player
They have rolled a 3
Chet's new location is 6
The category is Sports
Sports Question 3
Answer was corrent!!!!
Chet now has 5 Gold Coins.
Pat is the current player
They have rolled a 4
Pat's new location is 1
The category is Science
Science Question 5
Answer was corrent!!!!
Pat now has 5 Gold Coins.
Sue is the current player
They have rolled a 4
Sue's new location is 2
The category is Sports
Sports Question 4
Answer was corrent!!!!
Sue now has 6 Gold Coins.


Output 43:
Chet was added
They are player number 1
Pat was added
They are player number 2
Sue was added
They are player number 3
Chet is the current player
They have rolled a 4
Chet's new location is 4
The category is Pop
Pop Question 0
Question was incorrectly answered
Chet was sent to the penalty box
Pat is the current player
They have rolled a 3
Pat's new location is 3
The category is Rock
Rock Question 0
Answer was corrent!!!!
Pat now has 1 Gold Coins.
Sue is the current player
They have rolled a 1
Sue's new location is 1
The category is Science
Science Question 0
Answer was corrent!!!!
Sue now has 1 Gold Coins.
Chet is the current player
They have rolled a 5
Chet is getting out of the penalty box
Chet's new location is 9
The category is Science
Science Question 1
Question was incorrectly answered
Chet was sent to the penalty box
Pat is the current player
They have rolled a 2
Pat's new location is 5
The category is Science
Science Question 2
Answer was corrent!!!!
Pat now has 2 Gold Coins.
Sue is the current player
They have rolled a 4
Sue's new location is 5
The category is Science
Science Question 3
Answer was corrent!!!!
Sue now has 2 Gold Coins.
Chet is the current player
They have rolled a 4
Chet is not getting out of the penalty box
Answer was corrent!!!!
Chet now has 1 Gold Coins.
Pat is the current player
They have rolled a 2
Pat's new location is 7
The category is Rock
Rock Question 1
Answer was corrent!!!!
Pat now has 3 Gold Coins.
Sue is the current player
They have rolled a 3
Sue's new location is 8
The category is Pop
Pop Question 1
Answer was corrent!!!!
Sue now has 3 Gold Coins.
Chet is the current player
They have rolled a 1
Chet is getting out of the penalty box
Chet's new location is 10
The category is Sports
Sports Question 0
Answer was corrent!!!!
Chet now has 2 Gold Coins.
Pat is the current player
They have rolled a 5
Pat's new location is 0
The category is Pop
Pop Question 2
Answer was corrent!!!!
Pat now has 4 Gold Coins.
Sue is the current player
They have rolled a 2
Sue's new location is 10
The category is Sports
Sports Question 1
Answer was corrent!!!!
Sue now has 4 Gold Coins.
Chet is the current player
They have rolled a 3
Chet's new location is 1
The category is Science
Science Question 4
Answer was corrent!!!!
Chet now has 3 Gold Coins.
Pat is the current player
They have rolled a 5
Pat's new location is 5
The category is Science
Science Question 5
Answer was corrent!!!!
Pat now has 5 Gold Coins.
Sue is the current player
They have rolled a 2
Sue's new location is 0
The category is Pop
Pop Question 3
Answer was corrent!!!!
Sue now has 5 Gold Coins.
Chet is the current player
They have rolled a 4
Chet's new location is 5
The category is Science
Science Question 6
Answer was corrent!!!!
Chet now has 4 Gold Coins.
Pat is the current player
They have rolled a 3
Pat's new location is 8
The category is Pop
Pop Question 4
Answer was corrent!!!!
Pat now has 6 Gold Coins.


Output 44:
Chet was added
They are player number 1
Pat was added
They are player number 2
Sue was added
They are player number 3
Chet is the current player
They have rolled a 4
Chet's new location is 4
The category is Pop
Pop Question 0
Question was incorrectly answered
Chet was sent to the penalty box
Pat is the current player
They have rolled a 4
Pat's new location is 4
The category is Pop
Pop Question 1
Answer was corrent!!!!
Pat now has 1 Gold Coins.
Sue is the current player
They have rolled a 3
Sue's new location is 3
The category is Rock
Rock Question 0
Answer was corrent!!!!
Sue now has 1 Gold Coins.
Chet is the current player
They have rolled a 5
Chet is getting out of the penalty box
Chet's new location is 9
The category is Science
Science Question 0
Answer was corrent!!!!
Chet now has 1 Gold Coins.
Pat is the current player
They have rolled a 2
Pat's new location is 6
The category is Sports
Sports Question 0
Answer was corrent!!!!
Pat now has 2 Gold Coins.
Sue is the current player
They have rolled a 5
Sue's new location is 8
The category is Pop
Pop Question 2
Answer was corrent!!!!
Sue now has 2 Gold Coins.
Chet is the current player
They have rolled a 2
Chet's new location is 11
The category is Rock
Rock Question 1
Answer was corrent!!!!
Chet now has 2 Gold Coins.
Pat is the current player
They have rolled a 1
Pat's new location is 7
The category is Rock
Rock Question 2
Answer was corrent!!!!
Pat now has 3 Gold Coins.
Sue is the current player
They have rolled a 5
Sue's new location is 1
The category is Science
Science Question 1
Answer was corrent!!!!
Sue now has 3 Gold Coins.
Chet is the current player
They have rolled a 1
Chet's new location is 0
The category is Pop
Pop Question 3
Answer was corrent!!!!
Chet now has 3 Gold Coins.
Pat is the current player
They have rolled a 1
Pat's new location is 8
The category is Pop
Pop Question 4
Answer was corrent!!!!
Pat now has 4 Gold Coins.
Sue is the current player
They have rolled a 5
Sue's new location is 6
The category is Sports
Sports Question 1
Answer was corrent!!!!
Sue now has 4 Gold Coins.
Chet is the current player
They have rolled a 3
Chet's new location is 3
The category is Rock
Rock Question 3
Question was incorrectly answered
Chet was sent to the penalty box
Pat is the current player
They have rolled a 4
Pat's new location is 0
The category is Pop
Pop Question 5
Question was incorrectly answered
Pat was sent to the penalty box
Sue is the current player
They have rolled a 4
Sue's new location is 10
The category is Sports
Sports Question 2
Answer was corrent!!!!
Sue now has 5 Gold Coins.
Chet is the current player
They have rolled a 4
Chet is not getting out of the penalty box
Answer was corrent!!!!
Chet now has 4 Gold Coins.
Pat is the current player
They have rolled a 1
Pat is getting out of the penalty box
Pat's new location is 1
The category is Science
Science Question 2
Answer was corrent!!!!
Pat now has 5 Gold Coins.
Sue is the current player
They have rolled a 4
Sue's new location is 2
The category is Sports
Sports Question 3
Answer was corrent!!!!
Sue now has 6 Gold Coins.


Output 45:
Chet was added
They are player number 1
Pat was added
They are player number 2
Sue was added
They are player number 3
Chet is the current player
They have rolled a 4
Chet's new location is 4
The category is Pop
Pop Question 0
Answer was corrent!!!!
Chet now has 1 Gold Coins.
Pat is the current player
They have rolled a 2
Pat's new location is 2
The category is Sports
Sports Question 0
Answer was corrent!!!!
Pat now has 1 Gold Coins.
Sue is the current player
They have rolled a 4
Sue's new location is 4
The category is Pop
Pop Question 1
Answer was corrent!!!!
Sue now has 1 Gold Coins.
Chet is the current player
They have rolled a 1
Chet's new location is 5
The category is Science
Science Question 0
Answer was corrent!!!!
Chet now has 2 Gold Coins.
Pat is the current player
They have rolled a 4
Pat's new location is 6
The category is Sports
Sports Question 1
Answer was corrent!!!!
Pat now has 2 Gold Coins.
Sue is the current player
They have rolled a 5
Sue's new location is 9
The category is Science
Science Question 1
Answer was corrent!!!!
Sue now has 2 Gold Coins.
Chet is the current player
They have rolled a 1
Chet's new location is 6
The category is Sports
Sports Question 2
Answer was corrent!!!!
Chet now has 3 Gold Coins.
Pat is the current player
They have rolled a 4
Pat's new location is 10
The category is Sports
Sports Question 3
Question was incorrectly answered
Pat was sent to the penalty box
Sue is the current player
They have rolled a 2
Sue's new location is 11
The category is Rock
Rock Question 0
Answer was corrent!!!!
Sue now has 3 Gold Coins.
Chet is the current player
They have rolled a 5
Chet's new location is 11
The category is Rock
Rock Question 1
Answer was corrent!!!!
Chet now has 4 Gold Coins.
Pat is the current player
They have rolled a 4
Pat is not getting out of the penalty box
Answer was corrent!!!!
Pat now has 3 Gold Coins.
Sue is the current player
They have rolled a 3
Sue's new location is 2
The category is Sports
Sports Question 4
Answer was corrent!!!!
Sue now has 4 Gold Coins.
Chet is the current player
They have rolled a 1
Chet's new location is 0
The category is Pop
Pop Question 2
Question was incorrectly answered
Chet was sent to the penalty box
Pat is the current player
They have rolled a 4
Pat is not getting out of the penalty box
Answer was corrent!!!!
Pat now has 4 Gold Coins.
Sue is the current player
They have rolled a 5
Sue's new location is 7
The category is Rock
Rock Question 2
Answer was corrent!!!!
Sue now has 5 Gold Coins.
Chet is the current player
They have rolled a 5
Chet is getting out of the penalty box
Chet's new location is 5
The category is Science
Science Question 2
Answer was corrent!!!!
Chet now has 5 Gold Coins.
Pat is the current player
They have rolled a 3
Pat is getting out of the penalty box
Pat's new location is 1
The category is Science
Science Question 3
Answer was corrent!!!!
Pat now has 5 Gold Coins.
Sue is the current player
They have rolled a 3
Sue's new location is 10
The category is Sports
Sports Question 5
Answer was corrent!!!!
Sue now has 6 Gold Coins.


Output 46:
Chet was added
They are player number 1
Pat was added
They are player number 2
Sue was added
They are player number 3
Chet is the current player
They have rolled a 2
Chet's new location is 2
The category is Sports
Sports Question 0
Answer was corrent!!!!
Chet now has 1 Gold Coins.
Pat is the current player
They have rolled a 4
Pat's new location is 4
The category is Pop
Pop Question 0
Question was incorrectly answered
Pat was sent to the penalty box
Sue is the current player
They have rolled a 4
Sue's new location is 4
The category is Pop
Pop Question 1
Answer was corrent!!!!
Sue now has 1 Gold Coins.
Chet is the current player
They have rolled a 2
Chet's new location is 4
The category is Pop
Pop Question 2
Answer was corrent!!!!
Chet now has 2 Gold Coins.
Pat is the current player
They have rolled a 1
Pat is getting out of the penalty box
Pat's new location is 5
The category is Science
Science Question 0
Answer was corrent!!!!
Pat now has 1 Gold Coins.
Sue is the current player
They have rolled a 3
Sue's new location is 7
The category is Rock
Rock Question 0
Answer was corrent!!!!
Sue now has 2 Gold Coins.
Chet is the current player
They have rolled a 2
Chet's new location is 6
The category is Sports
Sports Question 1
Question was incorrectly answered
Chet was sent to the penalty box
Pat is the current player
They have rolled a 2
Pat's new location is 7
The category is Rock
Rock Question 1
Answer was corrent!!!!
Pat now has 2 Gold Coins.
Sue is the current player
They have rolled a 1
Sue's new location is 8
The category is Pop
Pop Question 3
Answer was corrent!!!!
Sue now has 3 Gold Coins.
Chet is the current player
They have rolled a 3
Chet is getting out of the penalty box
Chet's new location is 9
The category is Science
Science Question 1
Answer was corrent!!!!
Chet now has 3 Gold Coins.
Pat is the current player
They have rolled a 2
Pat's new location is 9
The category is Science
Science Question 2
Question was incorrectly answered
Pat was sent to the penalty box
Sue is the current player
They have rolled a 2
Sue's new location is 10
The category is Sports
Sports Question 2
Answer was corrent!!!!
Sue now has 4 Gold Coins.
Chet is the current player
They have rolled a 4
Chet's new location is 1
The category is Science
Science Question 3
Question was incorrectly answered
Chet was sent to the penalty box
Pat is the current player
They have rolled a 3
Pat is getting out of the penalty box
Pat's new location is 0
The category is Pop
Pop Question 4
Answer was corrent!!!!
Pat now has 3 Gold Coins.
Sue is the current player
They have rolled a 1
Sue's new location is 11
The category is Rock
Rock Question 2
Answer was corrent!!!!
Sue now has 5 Gold Coins.
Chet is the current player
They have rolled a 4
Chet is not getting out of the penalty box
Answer was corrent!!!!
Chet now has 4 Gold Coins.
Pat is the current player
They have rolled a 4
Pat's new location is 4
The category is Pop
Pop Question 5
Answer was corrent!!!!
Pat now has 4 Gold Coins.
Sue is the current player
They have rolled a 5
Sue's new location is 4
The category is Pop
Pop Question 6
Answer was corrent!!!!
Sue now has 6 Gold Coins.


Output 47:
Chet was added
They are player number 1
Pat was added
They are player number 2
Sue was added
They are player number 3
Chet is the current player
They have rolled a 4
Chet's new location is 4
The category is Pop
Pop Question 0
Answer was corrent!!!!
Chet now has 1 Gold Coins.
Pat is the current player
They have rolled a 4
Pat's new location is 4
The category is Pop
Pop Question 1
Answer was corrent!!!!
Pat now has 1 Gold Coins.
Sue is the current player
They have rolled a 4
Sue's new location is 4
The category is Pop
Pop Question 2
Answer was corrent!!!!
Sue now has 1 Gold Coins.
Chet is the current player
They have rolled a 2
Chet's new location is 6
The category is Sports
Sports Question 0
Answer was corrent!!!!
Chet now has 2 Gold Coins.
Pat is the current player
They have rolled a 3
Pat's new location is 7
The category is Rock
Rock Question 0
Answer was corrent!!!!
Pat now has 2 Gold Coins.
Sue is the current player
They have rolled a 1
Sue's new location is 5
The category is Science
Science Question 0
Answer was corrent!!!!
Sue now has 2 Gold Coins.
Chet is the current player
They have rolled a 2
Chet's new location is 8
The category is Pop
Pop Question 3
Answer was corrent!!!!
Chet now has 3 Gold Coins.
Pat is the current player
They have rolled a 5
Pat's new location is 0
The category is Pop
Pop Question 4
Answer was corrent!!!!
Pat now has 3 Gold Coins.
Sue is the current player
They have rolled a 1
Sue's new location is 6
The category is Sports
Sports Question 1
Question was incorrectly answered
Sue was sent to the penalty box
Chet is the current player
They have rolled a 1
Chet's new location is 9
The category is Science
Science Question 1
Question was incorrectly answered
Chet was sent to the penalty box
Pat is the current player
They have rolled a 5
Pat's new location is 5
The category is Science
Science Question 2
Answer was corrent!!!!
Pat now has 4 Gold Coins.
Sue is the current player
They have rolled a 5
Sue is getting out of the penalty box
Sue's new location is 11
The category is Rock
Rock Question 1
Answer was corrent!!!!
Sue now has 3 Gold Coins.
Chet is the current player
They have rolled a 1
Chet is getting out of the penalty box
Chet's new location is 10
The category is Sports
Sports Question 2
Answer was corrent!!!!
Chet now has 4 Gold Coins.
Pat is the current player
They have rolled a 4
Pat's new location is 9
The category is Science
Science Question 3
Question was incorrectly answered
Pat was sent to the penalty box
Sue is the current player
They have rolled a 4
Sue's new location is 3
The category is Rock
Rock Question 2
Answer was corrent!!!!
Sue now has 4 Gold Coins.
Chet is the current player
They have rolled a 2
Chet's new location is 0
The category is Pop
Pop Question 5
Answer was corrent!!!!
Chet now has 5 Gold Coins.
Pat is the current player
They have rolled a 3
Pat is getting out of the penalty box
Pat's new location is 0
The category is Pop
Pop Question 6
Answer was corrent!!!!
Pat now has 5 Gold Coins.
Sue is the current player
They have rolled a 4
Sue's new location is 7
The category is Rock
Rock Question 3
Answer was corrent!!!!
Sue now has 5 Gold Coins.
Chet is the current player
They have rolled a 3
Chet's new location is 3
The category is Rock
Rock Question 4
Answer was corrent!!!!
Chet now has 6 Gold Coins.


Output 48:
Chet was added
They are player number 1
Pat was added
They are player number 2
Sue was added
They are player number 3
Chet is the current player
They have rolled a 3
Chet's new location is 3
The category is Rock
Rock Question 0
Answer was corrent!!!!
Chet now has 1 Gold Coins.
Pat is the current player
They have rolled a 3
Pat's new location is 3
The category is Rock
Rock Question 1
Answer was corrent!!!!
Pat now has 1 Gold Coins.
Sue is the current player
They have rolled a 4
Sue's new location is 4
The category is Pop
Pop Question 0
Answer was corrent!!!!
Sue now has 1 Gold Coins.
Chet is the current player
They have rolled a 1
Chet's new location is 4
The category is Pop
Pop Question 1
Answer was corrent!!!!
Chet now has 2 Gold Coins.
Pat is the current player
They have rolled a 3
Pat's new location is 6
The category is Sports
Sports Question 0
Answer was corrent!!!!
Pat now has 2 Gold Coins.
Sue is the current player
They have rolled a 1
Sue's new location is 5
The category is Science
Science Question 0
Answer was corrent!!!!
Sue now has 2 Gold Coins.
Chet is the current player
They have rolled a 1
Chet's new location is 5
The category is Science
Science Question 1
Answer was corrent!!!!
Chet now has 3 Gold Coins.
Pat is the current player
They have rolled a 3
Pat's new location is 9
The category is Science
Science Question 2
Question was incorrectly answered
Pat was sent to the penalty box
Sue is the current player
They have rolled a 2
Sue's new location is 7
The category is Rock
Rock Question 2
Answer was corrent!!!!
Sue now has 3 Gold Coins.
Chet is the current player
They have rolled a 4
Chet's new location is 9
The category is Science
Science Question 3
Answer was corrent!!!!
Chet now has 4 Gold Coins.
Pat is the current player
They have rolled a 3
Pat is getting out of the penalty box
Pat's new location is 0
The category is Pop
Pop Question 2
Question was incorrectly answered
Pat was sent to the penalty box
Sue is the current player
They have rolled a 1
Sue's new location is 8
The category is Pop
Pop Question 3
Answer was corrent!!!!
Sue now has 4 Gold Coins.
Chet is the current player
They have rolled a 1
Chet's new location is 10
The category is Sports
Sports Question 1
Answer was corrent!!!!
Chet now has 5 Gold Coins.
Pat is the current player
They have rolled a 1
Pat is getting out of the penalty box
Pat's new location is 1
The category is Science
Science Question 4
Answer was corrent!!!!
Pat now has 3 Gold Coins.
Sue is the current player
They have rolled a 4
Sue's new location is 0
The category is Pop
Pop Question 4
Answer was corrent!!!!
Sue now has 5 Gold Coins.
Chet is the current player
They have rolled a 5
Chet's new location is 3
The category is Rock
Rock Question 3
Answer was corrent!!!!
Chet now has 6 Gold Coins.


Output 49:
Chet was added
They are player number 1
Pat was added
They are player number 2
Sue was added
They are player number 3
Chet is the current player
They have rolled a 3
Chet's new location is 3
The category is Rock
Rock Question 0
Answer was corrent!!!!
Chet now has 1 Gold Coins.
Pat is the current player
They have rolled a 5
Pat's new location is 5
The category is Science
Science Question 0
Answer was corrent!!!!
Pat now has 1 Gold Coins.
Sue is the current player
They have rolled a 1
Sue's new location is 1
The category is Science
Science Question 1
Answer was corrent!!!!
Sue now has 1 Gold Coins.
Chet is the current player
They have rolled a 1
Chet's new location is 4
The category is Pop
Pop Question 0
Answer was corrent!!!!
Chet now has 2 Gold Coins.
Pat is the current player
They have rolled a 4
Pat's new location is 9
The category is Science
Science Question 2
Question was incorrectly answered
Pat was sent to the penalty box
Sue is the current player
They have rolled a 5
Sue's new location is 6
The category is Sports
Sports Question 0
Answer was corrent!!!!
Sue now has 2 Gold Coins.
Chet is the current player
They have rolled a 5
Chet's new location is 9
The category is Science
Science Question 3
Answer was corrent!!!!
Chet now has 3 Gold Coins.
Pat is the current player
They have rolled a 3
Pat is getting out of the penalty box
Pat's new location is 0
The category is Pop
Pop Question 1
Question was incorrectly answered
Pat was sent to the penalty box
Sue is the current player
They have rolled a 5
Sue's new location is 11
The category is Rock
Rock Question 1
Answer was corrent!!!!
Sue now has 3 Gold Coins.
Chet is the current player
They have rolled a 5
Chet's new location is 2
The category is Sports
Sports Question 1
Answer was corrent!!!!
Chet now has 4 Gold Coins.
Pat is the current player
They have rolled a 3
Pat is getting out of the penalty box
Pat's new location is 3
The category is Rock
Rock Question 2
Answer was corrent!!!!
Pat now has 2 Gold Coins.
Sue is the current player
They have rolled a 5
Sue's new location is 4
The category is Pop
Pop Question 2
Answer was corrent!!!!
Sue now has 4 Gold Coins.
Chet is the current player
They have rolled a 4
Chet's new location is 6
The category is Sports
Sports Question 2
Answer was corrent!!!!
Chet now has 5 Gold Coins.
Pat is the current player
They have rolled a 3
Pat's new location is 6
The category is Sports
Sports Question 3
Answer was corrent!!!!
Pat now has 3 Gold Coins.
Sue is the current player
They have rolled a 1
Sue's new location is 5
The category is Science
Science Question 4
Question was incorrectly answered
Sue was sent to the penalty box
Chet is the current player
They have rolled a 5
Chet's new location is 11
The category is Rock
Rock Question 3
Question was incorrectly answered
Chet was sent to the penalty box
Pat is the current player
They have rolled a 2
Pat's new location is 8
The category is Pop
Pop Question 3
Answer was corrent!!!!
Pat now has 4 Gold Coins.
Sue is the current player
They have rolled a 5
Sue is getting out of the penalty box
Sue's new location is 10
The category is Sports
Sports Question 4
Answer was corrent!!!!
Sue now has 5 Gold Coins.
Chet is the current player
They have rolled a 1
Chet is getting out of the penalty box
Chet's new location is 0
The category is Pop
Pop Question 4
Answer was corrent!!!!
Chet now has 6 Gold Coins.


Output 50:
Chet was added
They are player number 1
Pat was added
They are player number 2
Sue was added
They are player number 3
Chet is the current player
They have rolled a 1
Chet's new location is 1
The category is Science
Science Question 0
Answer was corrent!!!!
Chet now has 1 Gold Coins.
Pat is the current player
They have rolled a 2
Pat's new location is 2
The category is Sports
Sports Question 0
Question was incorrectly answered
Pat was sent to the penalty box
Sue is the current player
They have rolled a 1
Sue's new location is 1
The category is Science
Science Question 1
Answer was corrent!!!!
Sue now has 1 Gold Coins.
Chet is the current player
They have rolled a 2
Chet's new location is 3
The category is Rock
Rock Question 0
Answer was corrent!!!!
Chet now has 2 Gold Coins.
Pat is the current player
They have rolled a 5
Pat is getting out of the penalty box
Pat's new location is 7
The category is Rock
Rock Question 1
Answer was corrent!!!!
Pat now has 1 Gold Coins.
Sue is the current player
They have rolled a 4
Sue's new location is 5
The category is Science
Science Question 2
Answer was corrent!!!!
Sue now has 2 Gold Coins.
Chet is the current player
They have rolled a 3
Chet's new location is 6
The category is Sports
Sports Question 1
Answer was corrent!!!!
Chet now has 3 Gold Coins.
Pat is the current player
They have rolled a 2
Pat's new location is 9
The category is Science
Science Question 3
Question was incorrectly answered
Pat was sent to the penalty box
Sue is the current player
They have rolled a 3
Sue's new location is 8
The category is Pop
Pop Question 0
Answer was corrent!!!!
Sue now has 3 Gold Coins.
Chet is the current player
They have rolled a 3
Chet's new location is 9
The category is Science
Science Question 4
Answer was corrent!!!!
Chet now has 4 Gold Coins.
Pat is the current player
They have rolled a 2
Pat is not getting out of the penalty box
Answer was corrent!!!!
Pat now has 2 Gold Coins.
Sue is the current player
They have rolled a 4
Sue's new location is 0
The category is Pop
Pop Question 1
Answer was corrent!!!!
Sue now has 4 Gold Coins.
Chet is the current player
They have rolled a 4
Chet's new location is 1
The category is Science
Science Question 5
Answer was corrent!!!!
Chet now has 5 Gold Coins.
Pat is the current player
They have rolled a 2
Pat is not getting out of the penalty box
Answer was corrent!!!!
Pat now has 3 Gold Coins.
Sue is the current player
They have rolled a 3
Sue's new location is 3
The category is Rock
Rock Question 2
Answer was corrent!!!!
Sue now has 5 Gold Coins.
Chet is the current player
They have rolled a 3
Chet's new location is 4
The category is Pop
Pop Question 2
Answer was corrent!!!!
Chet now has 6 Gold Coins.


Output 51:
Chet was added
They are player number 1
Pat was added
They are player number 2
Sue was added
They are player number 3
Chet is the current player
They have rolled a 3
Chet's new location is 3
The category is Rock
Rock Question 0
Answer was corrent!!!!
Chet now has 1 Gold Coins.
Pat is the current player
They have rolled a 5
Pat's new location is 5
The category is Science
Science Question 0
Answer was corrent!!!!
Pat now has 1 Gold Coins.
Sue is the current player
They have rolled a 2
Sue's new location is 2
The category is Sports
Sports Question 0
Answer was corrent!!!!
Sue now has 1 Gold Coins.
Chet is the current player
They have rolled a 1
Chet's new location is 4
The category is Pop
Pop Question 0
Answer was corrent!!!!
Chet now has 2 Gold Coins.
Pat is the current player
They have rolled a 5
Pat's new location is 10
The category is Sports
Sports Question 1
Answer was corrent!!!!
Pat now has 2 Gold Coins.
Sue is the current player
They have rolled a 1
Sue's new location is 3
The category is Rock
Rock Question 1
Answer was corrent!!!!
Sue now has 2 Gold Coins.
Chet is the current player
They have rolled a 3
Chet's new location is 7
The category is Rock
Rock Question 2
Answer was corrent!!!!
Chet now has 3 Gold Coins.
Pat is the current player
They have rolled a 5
Pat's new location is 3
The category is Rock
Rock Question 3
Question was incorrectly answered
Pat was sent to the penalty box
Sue is the current player
They have rolled a 3
Sue's new location is 6
The category is Sports
Sports Question 2
Answer was corrent!!!!
Sue now has 3 Gold Coins.
Chet is the current player
They have rolled a 3
Chet's new location is 10
The category is Sports
Sports Question 3
Answer was corrent!!!!
Chet now has 4 Gold Coins.
Pat is the current player
They have rolled a 3
Pat is getting out of the penalty box
Pat's new location is 6
The category is Sports
Sports Question 4
Answer was corrent!!!!
Pat now has 3 Gold Coins.
Sue is the current player
They have rolled a 3
Sue's new location is 9
The category is Science
Science Question 1
Answer was corrent!!!!
Sue now has 4 Gold Coins.
Chet is the current player
They have rolled a 1
Chet's new location is 11
The category is Rock
Rock Question 4
Answer was corrent!!!!
Chet now has 5 Gold Coins.
Pat is the current player
They have rolled a 5
Pat's new location is 11
The category is Rock
Rock Question 5
Answer was corrent!!!!
Pat now has 4 Gold Coins.
Sue is the current player
They have rolled a 4
Sue's new location is 1
The category is Science
Science Question 2
Answer was corrent!!!!
Sue now has 5 Gold Coins.
Chet is the current player
They have rolled a 3
Chet's new location is 2
The category is Sports
Sports Question 5
Answer was corrent!!!!
Chet now has 6 Gold Coins.


Output 52:
Chet was added
They are player number 1
Pat was added
They are player number 2
Sue was added
They are player number 3
Chet is the current player
They have rolled a 5
Chet's new location is 5
The category is Science
Science Question 0
Answer was corrent!!!!
Chet now has 1 Gold Coins.
Pat is the current player
They have rolled a 4
Pat's new location is 4
The category is Pop
Pop Question 0
Answer was corrent!!!!
Pat now has 1 Gold Coins.
Sue is the current player
They have rolled a 5
Sue's new location is 5
The category is Science
Science Question 1
Answer was corrent!!!!
Sue now has 1 Gold Coins.
Chet is the current player
They have rolled a 2
Chet's new location is 7
The category is Rock
Rock Question 0
Answer was corrent!!!!
Chet now has 2 Gold Coins.
Pat is the current player
They have rolled a 1
Pat's new location is 5
The category is Science
Science Question 2
Answer was corrent!!!!
Pat now has 2 Gold Coins.
Sue is the current player
They have rolled a 3
Sue's new location is 8
The category is Pop
Pop Question 1
Answer was corrent!!!!
Sue now has 2 Gold Coins.
Chet is the current player
They have rolled a 1
Chet's new location is 8
The category is Pop
Pop Question 2
Answer was corrent!!!!
Chet now has 3 Gold Coins.
Pat is the current player
They have rolled a 3
Pat's new location is 8
The category is Pop
Pop Question 3
Question was incorrectly answered
Pat was sent to the penalty box
Sue is the current player
They have rolled a 3
Sue's new location is 11
The category is Rock
Rock Question 1
Answer was corrent!!!!
Sue now has 3 Gold Coins.
Chet is the current player
They have rolled a 1
Chet's new location is 9
The category is Science
Science Question 3
Answer was corrent!!!!
Chet now has 4 Gold Coins.
Pat is the current player
They have rolled a 3
Pat is getting out of the penalty box
Pat's new location is 11
The category is Rock
Rock Question 2
Answer was corrent!!!!
Pat now has 3 Gold Coins.
Sue is the current player
They have rolled a 5
Sue's new location is 4
The category is Pop
Pop Question 4
Answer was corrent!!!!
Sue now has 4 Gold Coins.
Chet is the current player
They have rolled a 1
Chet's new location is 10
The category is Sports
Sports Question 0
Answer was corrent!!!!
Chet now has 5 Gold Coins.
Pat is the current player
They have rolled a 2
Pat's new location is 1
The category is Science
Science Question 4
Question was incorrectly answered
Pat was sent to the penalty box
Sue is the current player
They have rolled a 1
Sue's new location is 5
The category is Science
Science Question 5
Answer was corrent!!!!
Sue now has 5 Gold Coins.
Chet is the current player
They have rolled a 3
Chet's new location is 1
The category is Science
Science Question 6
Answer was corrent!!!!
Chet now has 6 Gold Coins.


Output 53:
Chet was added
They are player number 1
Pat was added
They are player number 2
Sue was added
They are player number 3
Chet is the current player
They have rolled a 4
Chet's new location is 4
The category is Pop
Pop Question 0
Answer was corrent!!!!
Chet now has 1 Gold Coins.
Pat is the current player
They have rolled a 1
Pat's new location is 1
The category is Science
Science Question 0
Answer was corrent!!!!
Pat now has 1 Gold Coins.
Sue is the current player
They have rolled a 4
Sue's new location is 4
The category is Pop
Pop Question 1
Answer was corrent!!!!
Sue now has 1 Gold Coins.
Chet is the current player
They have rolled a 4
Chet's new location is 8
The category is Pop
Pop Question 2
Answer was corrent!!!!
Chet now has 2 Gold Coins.
Pat is the current player
They have rolled a 1
Pat's new location is 2
The category is Sports
Sports Question 0
Answer was corrent!!!!
Pat now has 2 Gold Coins.
Sue is the current player
They have rolled a 1
Sue's new location is 5
The category is Science
Science Question 1
Answer was corrent!!!!
Sue now has 2 Gold Coins.
Chet is the current player
They have rolled a 5
Chet's new location is 1
The category is Science
Science Question 2
Answer was corrent!!!!
Chet now has 3 Gold Coins.
Pat is the current player
They have rolled a 1
Pat's new location is 3
The category is Rock
Rock Question 0
Answer was corrent!!!!
Pat now has 3 Gold Coins.
Sue is the current player
They have rolled a 2
Sue's new location is 7
The category is Rock
Rock Question 1
Answer was corrent!!!!
Sue now has 3 Gold Coins.
Chet is the current player
They have rolled a 3
Chet's new location is 4
The category is Pop
Pop Question 3
Answer was corrent!!!!
Chet now has 4 Gold Coins.
Pat is the current player
They have rolled a 3
Pat's new location is 6
The category is Sports
Sports Question 1
Answer was corrent!!!!
Pat now has 4 Gold Coins.
Sue is the current player
They have rolled a 2
Sue's new location is 9
The category is Science
Science Question 3
Answer was corrent!!!!
Sue now has 4 Gold Coins.
Chet is the current player
They have rolled a 2
Chet's new location is 6
The category is Sports
Sports Question 2
Answer was corrent!!!!
Chet now has 5 Gold Coins.
Pat is the current player
They have rolled a 5
Pat's new location is 11
The category is Rock
Rock Question 2
Answer was corrent!!!!
Pat now has 5 Gold Coins.
Sue is the current player
They have rolled a 5
Sue's new location is 2
The category is Sports
Sports Question 3
Question was incorrectly answered
Sue was sent to the penalty box
Chet is the current player
They have rolled a 2
Chet's new location is 8
The category is Pop
Pop Question 4
Answer was corrent!!!!
Chet now has 6 Gold Coins.


Output 54:
Chet was added
They are player number 1
Pat was added
They are player number 2
Sue was added
They are player number 3
Chet is the current player
They have rolled a 1
Chet's new location is 1
The category is Science
Science Question 0
Answer was corrent!!!!
Chet now has 1 Gold Coins.
Pat is the current player
They have rolled a 4
Pat's new location is 4
The category is Pop
Pop Question 0
Answer was corrent!!!!
Pat now has 1 Gold Coins.
Sue is the current player
They have rolled a 4
Sue's new location is 4
The category is Pop
Pop Question 1
Answer was corrent!!!!
Sue now has 1 Gold Coins.
Chet is the current player
They have rolled a 3
Chet's new location is 4
The category is Pop
Pop Question 2
Answer was corrent!!!!
Chet now has 2 Gold Coins.
Pat is the current player
They have rolled a 1
Pat's new location is 5
The category is Science
Science Question 1
Answer was corrent!!!!
Pat now has 2 Gold Coins.
Sue is the current player
They have rolled a 2
Sue's new location is 6
The category is Sports
Sports Question 0
Answer was corrent!!!!
Sue now has 2 Gold Coins.
Chet is the current player
They have rolled a 4
Chet's new location is 8
The category is Pop
Pop Question 3
Answer was corrent!!!!
Chet now has 3 Gold Coins.
Pat is the current player
They have rolled a 3
Pat's new location is 8
The category is Pop
Pop Question 4
Answer was corrent!!!!
Pat now has 3 Gold Coins.
Sue is the current player
They have rolled a 3
Sue's new location is 9
The category is Science
Science Question 2
Answer was corrent!!!!
Sue now has 3 Gold Coins.
Chet is the current player
They have rolled a 3
Chet's new location is 11
The category is Rock
Rock Question 0
Answer was corrent!!!!
Chet now has 4 Gold Coins.
Pat is the current player
They have rolled a 4
Pat's new location is 0
The category is Pop
Pop Question 5
Question was incorrectly answered
Pat was sent to the penalty box
Sue is the current player
They have rolled a 1
Sue's new location is 10
The category is Sports
Sports Question 1
Answer was corrent!!!!
Sue now has 4 Gold Coins.
Chet is the current player
They have rolled a 1
Chet's new location is 0
The category is Pop
Pop Question 6
Answer was corrent!!!!
Chet now has 5 Gold Coins.
Pat is the current player
They have rolled a 4
Pat is not getting out of the penalty box
Answer was corrent!!!!
Pat now has 4 Gold Coins.
Sue is the current player
They have rolled a 2
Sue's new location is 0
The category is Pop
Pop Question 7
Answer was corrent!!!!
Sue now has 5 Gold Coins.
Chet is the current player
They have rolled a 1
Chet's new location is 1
The category is Science
Science Question 3
Answer was corrent!!!!
Chet now has 6 Gold Coins.


Output 55:
Chet was added
They are player number 1
Pat was added
They are player number 2
Sue was added
They are player number 3
Chet is the current player
They have rolled a 2
Chet's new location is 2
The category is Sports
Sports Question 0
Answer was corrent!!!!
Chet now has 1 Gold Coins.
Pat is the current player
They have rolled a 5
Pat's new location is 5
The category is Science
Science Question 0
Answer was corrent!!!!
Pat now has 1 Gold Coins.
Sue is the current player
They have rolled a 2
Sue's new location is 2
The category is Sports
Sports Question 1
Answer was corrent!!!!
Sue now has 1 Gold Coins.
Chet is the current player
They have rolled a 2
Chet's new location is 4
The category is Pop
Pop Question 0
Answer was corrent!!!!
Chet now has 2 Gold Coins.
Pat is the current player
They have rolled a 2
Pat's new location is 7
The category is Rock
Rock Question 0
Answer was corrent!!!!
Pat now has 2 Gold Coins.
Sue is the current player
They have rolled a 2
Sue's new location is 4
The category is Pop
Pop Question 1
Answer was corrent!!!!
Sue now has 2 Gold Coins.
Chet is the current player
They have rolled a 3
Chet's new location is 7
The category is Rock
Rock Question 1
Question was incorrectly answered
Chet was sent to the penalty box
Pat is the current player
They have rolled a 3
Pat's new location is 10
The category is Sports
Sports Question 2
Answer was corrent!!!!
Pat now has 3 Gold Coins.
Sue is the current player
They have rolled a 1
Sue's new location is 5
The category is Science
Science Question 1
Answer was corrent!!!!
Sue now has 3 Gold Coins.
Chet is the current player
They have rolled a 4
Chet is not getting out of the penalty box
Answer was corrent!!!!
Chet now has 3 Gold Coins.
Pat is the current player
They have rolled a 5
Pat's new location is 3
The category is Rock
Rock Question 2
Question was incorrectly answered
Pat was sent to the penalty box
Sue is the current player
They have rolled a 1
Sue's new location is 6
The category is Sports
Sports Question 3
Question was incorrectly answered
Sue was sent to the penalty box
Chet is the current player
They have rolled a 4
Chet is not getting out of the penalty box
Question was incorrectly answered
Chet was sent to the penalty box
Pat is the current player
They have rolled a 5
Pat is getting out of the penalty box
Pat's new location is 8
The category is Pop
Pop Question 2
Answer was corrent!!!!
Pat now has 4 Gold Coins.
Sue is the current player
They have rolled a 4
Sue is not getting out of the penalty box
Answer was corrent!!!!
Sue now has 4 Gold Coins.
Chet is the current player
They have rolled a 4
Chet is not getting out of the penalty box
Answer was corrent!!!!
Chet now has 4 Gold Coins.
Pat is the current player
They have rolled a 1
Pat's new location is 9
The category is Science
Science Question 2
Answer was corrent!!!!
Pat now has 5 Gold Coins.
Sue is the current player
They have rolled a 3
Sue is getting out of the penalty box
Sue's new location is 9
The category is Science
Science Question 3
Answer was corrent!!!!
Sue now has 5 Gold Coins.
Chet is the current player
They have rolled a 5
Chet is getting out of the penalty box
Chet's new location is 0
The category is Pop
Pop Question 3
Answer was corrent!!!!
Chet now has 5 Gold Coins.
Pat is the current player
They have rolled a 3
Pat's new location is 0
The category is Pop
Pop Question 4
Answer was corrent!!!!
Pat now has 6 Gold Coins.


Output 56:
Chet was added
They are player number 1
Pat was added
They are player number 2
Sue was added
They are player number 3
Chet is the current player
They have rolled a 1
Chet's new location is 1
The category is Science
Science Question 0
Answer was corrent!!!!
Chet now has 1 Gold Coins.
Pat is the current player
They have rolled a 4
Pat's new location is 4
The category is Pop
Pop Question 0
Answer was corrent!!!!
Pat now has 1 Gold Coins.
Sue is the current player
They have rolled a 5
Sue's new location is 5
The category is Science
Science Question 1
Answer was corrent!!!!
Sue now has 1 Gold Coins.
Chet is the current player
They have rolled a 3
Chet's new location is 4
The category is Pop
Pop Question 1
Answer was corrent!!!!
Chet now has 2 Gold Coins.
Pat is the current player
They have rolled a 2
Pat's new location is 6
The category is Sports
Sports Question 0
Answer was corrent!!!!
Pat now has 2 Gold Coins.
Sue is the current player
They have rolled a 1
Sue's new location is 6
The category is Sports
Sports Question 1
Answer was corrent!!!!
Sue now has 2 Gold Coins.
Chet is the current player
They have rolled a 1
Chet's new location is 5
The category is Science
Science Question 2
Answer was corrent!!!!
Chet now has 3 Gold Coins.
Pat is the current player
They have rolled a 5
Pat's new location is 11
The category is Rock
Rock Question 0
Answer was corrent!!!!
Pat now has 3 Gold Coins.
Sue is the current player
They have rolled a 5
Sue's new location is 11
The category is Rock
Rock Question 1
Answer was corrent!!!!
Sue now has 3 Gold Coins.
Chet is the current player
They have rolled a 5
Chet's new location is 10
The category is Sports
Sports Question 2
Answer was corrent!!!!
Chet now has 4 Gold Coins.
Pat is the current player
They have rolled a 5
Pat's new location is 4
The category is Pop
Pop Question 2
Answer was corrent!!!!
Pat now has 4 Gold Coins.
Sue is the current player
They have rolled a 5
Sue's new location is 4
The category is Pop
Pop Question 3
Answer was corrent!!!!
Sue now has 4 Gold Coins.
Chet is the current player
They have rolled a 1
Chet's new location is 11
The category is Rock
Rock Question 2
Answer was corrent!!!!
Chet now has 5 Gold Coins.
Pat is the current player
They have rolled a 2
Pat's new location is 6
The category is Sports
Sports Question 3
Answer was corrent!!!!
Pat now has 5 Gold Coins.
Sue is the current player
They have rolled a 4
Sue's new location is 8
The category is Pop
Pop Question 4
Answer was corrent!!!!
Sue now has 5 Gold Coins.
Chet is the current player
They have rolled a 1
Chet's new location is 0
The category is Pop
Pop Question 5
Answer was corrent!!!!
Chet now has 6 Gold Coins.


Output 57:
Chet was added
They are player number 1
Pat was added
They are player number 2
Sue was added
They are player number 3
Chet is the current player
They have rolled a 4
Chet's new location is 4
The category is Pop
Pop Question 0
Question was incorrectly answered
Chet was sent to the penalty box
Pat is the current player
They have rolled a 3
Pat's new location is 3
The category is Rock
Rock Question 0
Answer was corrent!!!!
Pat now has 1 Gold Coins.
Sue is the current player
They have rolled a 3
Sue's new location is 3
The category is Rock
Rock Question 1
Answer was corrent!!!!
Sue now has 1 Gold Coins.
Chet is the current player
They have rolled a 1
Chet is getting out of the penalty box
Chet's new location is 5
The category is Science
Science Question 0
Answer was corrent!!!!
Chet now has 1 Gold Coins.
Pat is the current player
They have rolled a 5
Pat's new location is 8
The category is Pop
Pop Question 1
Answer was corrent!!!!
Pat now has 2 Gold Coins.
Sue is the current player
They have rolled a 5
Sue's new location is 8
The category is Pop
Pop Question 2
Answer was corrent!!!!
Sue now has 2 Gold Coins.
Chet is the current player
They have rolled a 3
Chet's new location is 8
The category is Pop
Pop Question 3
Answer was corrent!!!!
Chet now has 2 Gold Coins.
Pat is the current player
They have rolled a 2
Pat's new location is 10
The category is Sports
Sports Question 0
Answer was corrent!!!!
Pat now has 3 Gold Coins.
Sue is the current player
They have rolled a 3
Sue's new location is 11
The category is Rock
Rock Question 2
Answer was corrent!!!!
Sue now has 3 Gold Coins.
Chet is the current player
They have rolled a 5
Chet's new location is 1
The category is Science
Science Question 1
Answer was corrent!!!!
Chet now has 3 Gold Coins.
Pat is the current player
They have rolled a 4
Pat's new location is 2
The category is Sports
Sports Question 1
Answer was corrent!!!!
Pat now has 4 Gold Coins.
Sue is the current player
They have rolled a 4
Sue's new location is 3
The category is Rock
Rock Question 3
Answer was corrent!!!!
Sue now has 4 Gold Coins.
Chet is the current player
They have rolled a 4
Chet's new location is 5
The category is Science
Science Question 2
Answer was corrent!!!!
Chet now has 4 Gold Coins.
Pat is the current player
They have rolled a 1
Pat's new location is 3
The category is Rock
Rock Question 4
Answer was corrent!!!!
Pat now has 5 Gold Coins.
Sue is the current player
They have rolled a 1
Sue's new location is 4
The category is Pop
Pop Question 4
Answer was corrent!!!!
Sue now has 5 Gold Coins.
Chet is the current player
They have rolled a 1
Chet's new location is 6
The category is Sports
Sports Question 2
Answer was corrent!!!!
Chet now has 5 Gold Coins.
Pat is the current player
They have rolled a 1
Pat's new location is 4
The category is Pop
Pop Question 5
Answer was corrent!!!!
Pat now has 6 Gold Coins.


Output 58:
Chet was added
They are player number 1
Pat was added
They are player number 2
Sue was added
They are player number 3
Chet is the current player
They have rolled a 4
Chet's new location is 4
The category is Pop
Pop Question 0
Answer was corrent!!!!
Chet now has 1 Gold Coins.
Pat is the current player
They have rolled a 2
Pat's new location is 2
The category is Sports
Sports Question 0
Answer was corrent!!!!
Pat now has 1 Gold Coins.
Sue is the current player
They have rolled a 3
Sue's new location is 3
The category is Rock
Rock Question 0
Answer was corrent!!!!
Sue now has 1 Gold Coins.
Chet is the current player
They have rolled a 4
Chet's new location is 8
The category is Pop
Pop Question 1
Answer was corrent!!!!
Chet now has 2 Gold Coins.
Pat is the current player
They have rolled a 1
Pat's new location is 3
The category is Rock
Rock Question 1
Answer was corrent!!!!
Pat now has 2 Gold Coins.
Sue is the current player
They have rolled a 1
Sue's new location is 4
The category is Pop
Pop Question 2
Question was incorrectly answered
Sue was sent to the penalty box
Chet is the current player
They have rolled a 3
Chet's new location is 11
The category is Rock
Rock Question 2
Question was incorrectly answered
Chet was sent to the penalty box
Pat is the current player
They have rolled a 5
Pat's new location is 8
The category is Pop
Pop Question 3
Answer was corrent!!!!
Pat now has 3 Gold Coins.
Sue is the current player
They have rolled a 1
Sue is getting out of the penalty box
Sue's new location is 5
The category is Science
Science Question 0
Question was incorrectly answered
Sue was sent to the penalty box
Chet is the current player
They have rolled a 3
Chet is getting out of the penalty box
Chet's new location is 2
The category is Sports
Sports Question 1
Answer was corrent!!!!
Chet now has 3 Gold Coins.
Pat is the current player
They have rolled a 4
Pat's new location is 0
The category is Pop
Pop Question 4
Answer was corrent!!!!
Pat now has 4 Gold Coins.
Sue is the current player
They have rolled a 3
Sue is getting out of the penalty box
Sue's new location is 8
The category is Pop
Pop Question 5
Answer was corrent!!!!
Sue now has 2 Gold Coins.
Chet is the current player
They have rolled a 1
Chet's new location is 3
The category is Rock
Rock Question 3
Answer was corrent!!!!
Chet now has 4 Gold Coins.
Pat is the current player
They have rolled a 4
Pat's new location is 4
The category is Pop
Pop Question 6
Answer was corrent!!!!
Pat now has 5 Gold Coins.
Sue is the current player
They have rolled a 4
Sue's new location is 0
The category is Pop
Pop Question 7
Answer was corrent!!!!
Sue now has 3 Gold Coins.
Chet is the current player
They have rolled a 3
Chet's new location is 6
The category is Sports
Sports Question 2
Answer was corrent!!!!
Chet now has 5 Gold Coins.
Pat is the current player
They have rolled a 4
Pat's new location is 8
The category is Pop
Pop Question 8
Answer was corrent!!!!
Pat now has 6 Gold Coins.


Output 59:
Chet was added
They are player number 1
Pat was added
They are player number 2
Sue was added
They are player number 3
Chet is the current player
They have rolled a 5
Chet's new location is 5
The category is Science
Science Question 0
Answer was corrent!!!!
Chet now has 1 Gold Coins.
Pat is the current player
They have rolled a 5
Pat's new location is 5
The category is Science
Science Question 1
Answer was corrent!!!!
Pat now has 1 Gold Coins.
Sue is the current player
They have rolled a 4
Sue's new location is 4
The category is Pop
Pop Question 0
Answer was corrent!!!!
Sue now has 1 Gold Coins.
Chet is the current player
They have rolled a 3
Chet's new location is 8
The category is Pop
Pop Question 1
Answer was corrent!!!!
Chet now has 2 Gold Coins.
Pat is the current player
They have rolled a 2
Pat's new location is 7
The category is Rock
Rock Question 0
Answer was corrent!!!!
Pat now has 2 Gold Coins.
Sue is the current player
They have rolled a 5
Sue's new location is 9
The category is Science
Science Question 2
Answer was corrent!!!!
Sue now has 2 Gold Coins.
Chet is the current player
They have rolled a 2
Chet's new location is 10
The category is Sports
Sports Question 0
Answer was corrent!!!!
Chet now has 3 Gold Coins.
Pat is the current player
They have rolled a 3
Pat's new location is 10
The category is Sports
Sports Question 1
Answer was corrent!!!!
Pat now has 3 Gold Coins.
Sue is the current player
They have rolled a 3
Sue's new location is 0
The category is Pop
Pop Question 2
Answer was corrent!!!!
Sue now has 3 Gold Coins.
Chet is the current player
They have rolled a 5
Chet's new location is 3
The category is Rock
Rock Question 1
Answer was corrent!!!!
Chet now has 4 Gold Coins.
Pat is the current player
They have rolled a 4
Pat's new location is 2
The category is Sports
Sports Question 2
Answer was corrent!!!!
Pat now has 4 Gold Coins.
Sue is the current player
They have rolled a 3
Sue's new location is 3
The category is Rock
Rock Question 2
Answer was corrent!!!!
Sue now has 4 Gold Coins.
Chet is the current player
They have rolled a 3
Chet's new location is 6
The category is Sports
Sports Question 3
Answer was corrent!!!!
Chet now has 5 Gold Coins.
Pat is the current player
They have rolled a 3
Pat's new location is 5
The category is Science
Science Question 3
Answer was corrent!!!!
Pat now has 5 Gold Coins.
Sue is the current player
They have rolled a 2
Sue's new location is 5
The category is Science
Science Question 4
Answer was corrent!!!!
Sue now has 5 Gold Coins.
Chet is the current player
They have rolled a 5
Chet's new location is 11
The category is Rock
Rock Question 3
Answer was corrent!!!!
Chet now has 6 Gold Coins.


Output 60:
Chet was added
They are player number 1
Pat was added
They are player number 2
Sue was added
They are player number 3
Chet is the current player
They have rolled a 4
Chet's new location is 4
The category is Pop
Pop Question 0
Answer was corrent!!!!
Chet now has 1 Gold Coins.
Pat is the current player
They have rolled a 5
Pat's new location is 5
The category is Science
Science Question 0
Answer was corrent!!!!
Pat now has 1 Gold Coins.
Sue is the current player
They have rolled a 5
Sue's new location is 5
The category is Science
Science Question 1
Answer was corrent!!!!
Sue now has 1 Gold Coins.
Chet is the current player
They have rolled a 2
Chet's new location is 6
The category is Sports
Sports Question 0
Answer was corrent!!!!
Chet now has 2 Gold Coins.
Pat is the current player
They have rolled a 1
Pat's new location is 6
The category is Sports
Sports Question 1
Answer was corrent!!!!
Pat now has 2 Gold Coins.
Sue is the current player
They have rolled a 5
Sue's new location is 10
The category is Sports
Sports Question 2
Answer was corrent!!!!
Sue now has 2 Gold Coins.
Chet is the current player
They have rolled a 1
Chet's new location is 7
The category is Rock
Rock Question 0
Answer was corrent!!!!
Chet now has 3 Gold Coins.
Pat is the current player
They have rolled a 3
Pat's new location is 9
The category is Science
Science Question 2
Answer was corrent!!!!
Pat now has 3 Gold Coins.
Sue is the current player
They have rolled a 2
Sue's new location is 0
The category is Pop
Pop Question 1
Answer was corrent!!!!
Sue now has 3 Gold Coins.
Chet is the current player
They have rolled a 2
Chet's new location is 9
The category is Science
Science Question 3
Answer was corrent!!!!
Chet now has 4 Gold Coins.
Pat is the current player
They have rolled a 5
Pat's new location is 2
The category is Sports
Sports Question 3
Answer was corrent!!!!
Pat now has 4 Gold Coins.
Sue is the current player
They have rolled a 1
Sue's new location is 1
The category is Science
Science Question 4
Answer was corrent!!!!
Sue now has 4 Gold Coins.
Chet is the current player
They have rolled a 3
Chet's new location is 0
The category is Pop
Pop Question 2
Answer was corrent!!!!
Chet now has 5 Gold Coins.
Pat is the current player
They have rolled a 5
Pat's new location is 7
The category is Rock
Rock Question 1
Answer was corrent!!!!
Pat now has 5 Gold Coins.
Sue is the current player
They have rolled a 5
Sue's new location is 6
The category is Sports
Sports Question 4
Answer was corrent!!!!
Sue now has 5 Gold Coins.
Chet is the current player
They have rolled a 4
Chet's new location is 4
The category is Pop
Pop Question 3
Answer was corrent!!!!
Chet now has 6 Gold Coins.


Output 61:
Chet was added
They are player number 1
Pat was added
They are player number 2
Sue was added
They are player number 3
Chet is the current player
They have rolled a 3
Chet's new location is 3
The category is Rock
Rock Question 0
Answer was corrent!!!!
Chet now has 1 Gold Coins.
Pat is the current player
They have rolled a 2
Pat's new location is 2
The category is Sports
Sports Question 0
Answer was corrent!!!!
Pat now has 1 Gold Coins.
Sue is the current player
They have rolled a 1
Sue's new location is 1
The category is Science
Science Question 0
Answer was corrent!!!!
Sue now has 1 Gold Coins.
Chet is the current player
They have rolled a 1
Chet's new location is 4
The category is Pop
Pop Question 0
Answer was corrent!!!!
Chet now has 2 Gold Coins.
Pat is the current player
They have rolled a 5
Pat's new location is 7
The category is Rock
Rock Question 1
Answer was corrent!!!!
Pat now has 2 Gold Coins.
Sue is the current player
They have rolled a 1
Sue's new location is 2
The category is Sports
Sports Question 1
Answer was corrent!!!!
Sue now has 2 Gold Coins.
Chet is the current player
They have rolled a 5
Chet's new location is 9
The category is Science
Science Question 1
Answer was corrent!!!!
Chet now has 3 Gold Coins.
Pat is the current player
They have rolled a 1
Pat's new location is 8
The category is Pop
Pop Question 1
Question was incorrectly answered
Pat was sent to the penalty box
Sue is the current player
They have rolled a 4
Sue's new location is 6
The category is Sports
Sports Question 2
Answer was corrent!!!!
Sue now has 3 Gold Coins.
Chet is the current player
They have rolled a 4
Chet's new location is 1
The category is Science
Science Question 2
Answer was corrent!!!!
Chet now has 4 Gold Coins.
Pat is the current player
They have rolled a 4
Pat is not getting out of the penalty box
Answer was corrent!!!!
Pat now has 3 Gold Coins.
Sue is the current player
They have rolled a 2
Sue's new location is 8
The category is Pop
Pop Question 2
Answer was corrent!!!!
Sue now has 4 Gold Coins.
Chet is the current player
They have rolled a 2
Chet's new location is 3
The category is Rock
Rock Question 2
Answer was corrent!!!!
Chet now has 5 Gold Coins.
Pat is the current player
They have rolled a 5
Pat is getting out of the penalty box
Pat's new location is 1
The category is Science
Science Question 3
Answer was corrent!!!!
Pat now has 4 Gold Coins.
Sue is the current player
They have rolled a 1
Sue's new location is 9
The category is Science
Science Question 4
Answer was corrent!!!!
Sue now has 5 Gold Coins.
Chet is the current player
They have rolled a 4
Chet's new location is 7
The category is Rock
Rock Question 3
Answer was corrent!!!!
Chet now has 6 Gold Coins.


Output 62:
Chet was added
They are player number 1
Pat was added
They are player number 2
Sue was added
They are player number 3
Chet is the current player
They have rolled a 4
Chet's new location is 4
The category is Pop
Pop Question 0
Answer was corrent!!!!
Chet now has 1 Gold Coins.
Pat is the current player
They have rolled a 4
Pat's new location is 4
The category is Pop
Pop Question 1
Answer was corrent!!!!
Pat now has 1 Gold Coins.
Sue is the current player
They have rolled a 5
Sue's new location is 5
The category is Science
Science Question 0
Answer was corrent!!!!
Sue now has 1 Gold Coins.
Chet is the current player
They have rolled a 2
Chet's new location is 6
The category is Sports
Sports Question 0
Answer was corrent!!!!
Chet now has 2 Gold Coins.
Pat is the current player
They have rolled a 3
Pat's new location is 7
The category is Rock
Rock Question 0
Answer was corrent!!!!
Pat now has 2 Gold Coins.
Sue is the current player
They have rolled a 3
Sue's new location is 8
The category is Pop
Pop Question 2
Question was incorrectly answered
Sue was sent to the penalty box
Chet is the current player
They have rolled a 3
Chet's new location is 9
The category is Science
Science Question 1
Answer was corrent!!!!
Chet now has 3 Gold Coins.
Pat is the current player
They have rolled a 5
Pat's new location is 0
The category is Pop
Pop Question 3
Answer was corrent!!!!
Pat now has 3 Gold Coins.
Sue is the current player
They have rolled a 5
Sue is getting out of the penalty box
Sue's new location is 1
The category is Science
Science Question 2
Question was incorrectly answered
Sue was sent to the penalty box
Chet is the current player
They have rolled a 2
Chet's new location is 11
The category is Rock
Rock Question 1
Answer was corrent!!!!
Chet now has 4 Gold Coins.
Pat is the current player
They have rolled a 3
Pat's new location is 3
The category is Rock
Rock Question 2
Question was incorrectly answered
Pat was sent to the penalty box
Sue is the current player
They have rolled a 4
Sue is not getting out of the penalty box
Answer was corrent!!!!
Sue now has 2 Gold Coins.
Chet is the current player
They have rolled a 3
Chet's new location is 2
The category is Sports
Sports Question 1
Answer was corrent!!!!
Chet now has 5 Gold Coins.
Pat is the current player
They have rolled a 5
Pat is getting out of the penalty box
Pat's new location is 8
The category is Pop
Pop Question 4
Answer was corrent!!!!
Pat now has 4 Gold Coins.
Sue is the current player
They have rolled a 1
Sue is getting out of the penalty box
Sue's new location is 2
The category is Sports
Sports Question 2
Answer was corrent!!!!
Sue now has 3 Gold Coins.
Chet is the current player
They have rolled a 5
Chet's new location is 7
The category is Rock
Rock Question 3
Answer was corrent!!!!
Chet now has 6 Gold Coins.


Output 63:
Chet was added
They are player number 1
Pat was added
They are player number 2
Sue was added
They are player number 3
Chet is the current player
They have rolled a 4
Chet's new location is 4
The category is Pop
Pop Question 0
Answer was corrent!!!!
Chet now has 1 Gold Coins.
Pat is the current player
They have rolled a 3
Pat's new location is 3
The category is Rock
Rock Question 0
Answer was corrent!!!!
Pat now has 1 Gold Coins.
Sue is the current player
They have rolled a 4
Sue's new location is 4
The category is Pop
Pop Question 1
Answer was corrent!!!!
Sue now has 1 Gold Coins.
Chet is the current player
They have rolled a 2
Chet's new location is 6
The category is Sports
Sports Question 0
Answer was corrent!!!!
Chet now has 2 Gold Coins.
Pat is the current player
They have rolled a 1
Pat's new location is 4
The category is Pop
Pop Question 2
Answer was corrent!!!!
Pat now has 2 Gold Coins.
Sue is the current player
They have rolled a 3
Sue's new location is 7
The category is Rock
Rock Question 1
Answer was corrent!!!!
Sue now has 2 Gold Coins.
Chet is the current player
They have rolled a 3
Chet's new location is 9
The category is Science
Science Question 0
Answer was corrent!!!!
Chet now has 3 Gold Coins.
Pat is the current player
They have rolled a 1
Pat's new location is 5
The category is Science
Science Question 1
Answer was corrent!!!!
Pat now has 3 Gold Coins.
Sue is the current player
They have rolled a 3
Sue's new location is 10
The category is Sports
Sports Question 1
Answer was corrent!!!!
Sue now has 3 Gold Coins.
Chet is the current player
They have rolled a 2
Chet's new location is 11
The category is Rock
Rock Question 2
Answer was corrent!!!!
Chet now has 4 Gold Coins.
Pat is the current player
They have rolled a 2
Pat's new location is 7
The category is Rock
Rock Question 3
Answer was corrent!!!!
Pat now has 4 Gold Coins.
Sue is the current player
They have rolled a 5
Sue's new location is 3
The category is Rock
Rock Question 4
Question was incorrectly answered
Sue was sent to the penalty box
Chet is the current player
They have rolled a 4
Chet's new location is 3
The category is Rock
Rock Question 5
Answer was corrent!!!!
Chet now has 5 Gold Coins.
Pat is the current player
They have rolled a 1
Pat's new location is 8
The category is Pop
Pop Question 3
Question was incorrectly answered
Pat was sent to the penalty box
Sue is the current player
They have rolled a 3
Sue is getting out of the penalty box
Sue's new location is 6
The category is Sports
Sports Question 2
Question was incorrectly answered
Sue was sent to the penalty box
Chet is the current player
They have rolled a 3
Chet's new location is 6
The category is Sports
Sports Question 3
Question was incorrectly answered
Chet was sent to the penalty box
Pat is the current player
They have rolled a 3
Pat is getting out of the penalty box
Pat's new location is 11
The category is Rock
Rock Question 6
Answer was corrent!!!!
Pat now has 5 Gold Coins.
Sue is the current player
They have rolled a 5
Sue is getting out of the penalty box
Sue's new location is 11
The category is Rock
Rock Question 7
Answer was corrent!!!!
Sue now has 4 Gold Coins.
Chet is the current player
They have rolled a 3
Chet is getting out of the penalty box
Chet's new location is 9
The category is Science
Science Question 2
Question was incorrectly answered
Chet was sent to the penalty box
Pat is the current player
They have rolled a 5
Pat's new location is 4
The category is Pop
Pop Question 4
Answer was corrent!!!!
Pat now has 6 Gold Coins.


Output 64:
Chet was added
They are player number 1
Pat was added
They are player number 2
Sue was added
They are player number 3
Chet is the current player
They have rolled a 4
Chet's new location is 4
The category is Pop
Pop Question 0
Answer was corrent!!!!
Chet now has 1 Gold Coins.
Pat is the current player
They have rolled a 3
Pat's new location is 3
The category is Rock
Rock Question 0
Answer was corrent!!!!
Pat now has 1 Gold Coins.
Sue is the current player
They have rolled a 2
Sue's new location is 2
The category is Sports
Sports Question 0
Answer was corrent!!!!
Sue now has 1 Gold Coins.
Chet is the current player
They have rolled a 5
Chet's new location is 9
The category is Science
Science Question 0
Answer was corrent!!!!
Chet now has 2 Gold Coins.
Pat is the current player
They have rolled a 1
Pat's new location is 4
The category is Pop
Pop Question 1
Answer was corrent!!!!
Pat now has 2 Gold Coins.
Sue is the current player
They have rolled a 2
Sue's new location is 4
The category is Pop
Pop Question 2
Answer was corrent!!!!
Sue now has 2 Gold Coins.
Chet is the current player
They have rolled a 2
Chet's new location is 11
The category is Rock
Rock Question 1
Answer was corrent!!!!
Chet now has 3 Gold Coins.
Pat is the current player
They have rolled a 2
Pat's new location is 6
The category is Sports
Sports Question 1
Answer was corrent!!!!
Pat now has 3 Gold Coins.
Sue is the current player
They have rolled a 5
Sue's new location is 9
The category is Science
Science Question 1
Answer was corrent!!!!
Sue now has 3 Gold Coins.
Chet is the current player
They have rolled a 2
Chet's new location is 1
The category is Science
Science Question 2
Answer was corrent!!!!
Chet now has 4 Gold Coins.
Pat is the current player
They have rolled a 1
Pat's new location is 7
The category is Rock
Rock Question 2
Answer was corrent!!!!
Pat now has 4 Gold Coins.
Sue is the current player
They have rolled a 1
Sue's new location is 10
The category is Sports
Sports Question 2
Answer was corrent!!!!
Sue now has 4 Gold Coins.
Chet is the current player
They have rolled a 1
Chet's new location is 2
The category is Sports
Sports Question 3
Answer was corrent!!!!
Chet now has 5 Gold Coins.
Pat is the current player
They have rolled a 1
Pat's new location is 8
The category is Pop
Pop Question 3
Answer was corrent!!!!
Pat now has 5 Gold Coins.
Sue is the current player
They have rolled a 1
Sue's new location is 11
The category is Rock
Rock Question 3
Answer was corrent!!!!
Sue now has 5 Gold Coins.
Chet is the current player
They have rolled a 5
Chet's new location is 7
The category is Rock
Rock Question 4
Answer was corrent!!!!
Chet now has 6 Gold Coins.


Output 65:
Chet was added
They are player number 1
Pat was added
They are player number 2
Sue was added
They are player number 3
Chet is the current player
They have rolled a 4
Chet's new location is 4
The category is Pop
Pop Question 0
Answer was corrent!!!!
Chet now has 1 Gold Coins.
Pat is the current player
They have rolled a 1
Pat's new location is 1
The category is Science
Science Question 0
Question was incorrectly answered
Pat was sent to the penalty box
Sue is the current player
They have rolled a 3
Sue's new location is 3
The category is Rock
Rock Question 0
Answer was corrent!!!!
Sue now has 1 Gold Coins.
Chet is the current player
They have rolled a 3
Chet's new location is 7
The category is Rock
Rock Question 1
Answer was corrent!!!!
Chet now has 2 Gold Coins.
Pat is the current player
They have rolled a 1
Pat is getting out of the penalty box
Pat's new location is 2
The category is Sports
Sports Question 0
Answer was corrent!!!!
Pat now has 1 Gold Coins.
Sue is the current player
They have rolled a 4
Sue's new location is 7
The category is Rock
Rock Question 2
Answer was corrent!!!!
Sue now has 2 Gold Coins.
Chet is the current player
They have rolled a 4
Chet's new location is 11
The category is Rock
Rock Question 3
Answer was corrent!!!!
Chet now has 3 Gold Coins.
Pat is the current player
They have rolled a 2
Pat's new location is 4
The category is Pop
Pop Question 1
Answer was corrent!!!!
Pat now has 2 Gold Coins.
Sue is the current player
They have rolled a 1
Sue's new location is 8
The category is Pop
Pop Question 2
Answer was corrent!!!!
Sue now has 3 Gold Coins.
Chet is the current player
They have rolled a 4
Chet's new location is 3
The category is Rock
Rock Question 4
Answer was corrent!!!!
Chet now has 4 Gold Coins.
Pat is the current player
They have rolled a 4
Pat's new location is 8
The category is Pop
Pop Question 3
Answer was corrent!!!!
Pat now has 3 Gold Coins.
Sue is the current player
They have rolled a 4
Sue's new location is 0
The category is Pop
Pop Question 4
Question was incorrectly answered
Sue was sent to the penalty box
Chet is the current player
They have rolled a 1
Chet's new location is 4
The category is Pop
Pop Question 5
Answer was corrent!!!!
Chet now has 5 Gold Coins.
Pat is the current player
They have rolled a 1
Pat's new location is 9
The category is Science
Science Question 1
Answer was corrent!!!!
Pat now has 4 Gold Coins.
Sue is the current player
They have rolled a 5
Sue is getting out of the penalty box
Sue's new location is 5
The category is Science
Science Question 2
Answer was corrent!!!!
Sue now has 4 Gold Coins.
Chet is the current player
They have rolled a 4
Chet's new location is 8
The category is Pop
Pop Question 6
Answer was corrent!!!!
Chet now has 6 Gold Coins.


Output 66:
Chet was added
They are player number 1
Pat was added
They are player number 2
Sue was added
They are player number 3
Chet is the current player
They have rolled a 2
Chet's new location is 2
The category is Sports
Sports Question 0
Answer was corrent!!!!
Chet now has 1 Gold Coins.
Pat is the current player
They have rolled a 3
Pat's new location is 3
The category is Rock
Rock Question 0
Answer was corrent!!!!
Pat now has 1 Gold Coins.
Sue is the current player
They have rolled a 3
Sue's new location is 3
The category is Rock
Rock Question 1
Answer was corrent!!!!
Sue now has 1 Gold Coins.
Chet is the current player
They have rolled a 5
Chet's new location is 7
The category is Rock
Rock Question 2
Answer was corrent!!!!
Chet now has 2 Gold Coins.
Pat is the current player
They have rolled a 3
Pat's new location is 6
The category is Sports
Sports Question 1
Answer was corrent!!!!
Pat now has 2 Gold Coins.
Sue is the current player
They have rolled a 1
Sue's new location is 4
The category is Pop
Pop Question 0
Answer was corrent!!!!
Sue now has 2 Gold Coins.
Chet is the current player
They have rolled a 2
Chet's new location is 9
The category is Science
Science Question 0
Answer was corrent!!!!
Chet now has 3 Gold Coins.
Pat is the current player
They have rolled a 5
Pat's new location is 11
The category is Rock
Rock Question 3
Answer was corrent!!!!
Pat now has 3 Gold Coins.
Sue is the current player
They have rolled a 1
Sue's new location is 5
The category is Science
Science Question 1
Answer was corrent!!!!
Sue now has 3 Gold Coins.
Chet is the current player
They have rolled a 3
Chet's new location is 0
The category is Pop
Pop Question 1
Answer was corrent!!!!
Chet now has 4 Gold Coins.
Pat is the current player
They have rolled a 4
Pat's new location is 3
The category is Rock
Rock Question 4
Answer was corrent!!!!
Pat now has 4 Gold Coins.
Sue is the current player
They have rolled a 4
Sue's new location is 9
The category is Science
Science Question 2
Answer was corrent!!!!
Sue now has 4 Gold Coins.
Chet is the current player
They have rolled a 1
Chet's new location is 1
The category is Science
Science Question 3
Answer was corrent!!!!
Chet now has 5 Gold Coins.
Pat is the current player
They have rolled a 1
Pat's new location is 4
The category is Pop
Pop Question 2
Question was incorrectly answered
Pat was sent to the penalty box
Sue is the current player
They have rolled a 4
Sue's new location is 1
The category is Science
Science Question 4
Question was incorrectly answered
Sue was sent to the penalty box
Chet is the current player
They have rolled a 2
Chet's new location is 3
The category is Rock
Rock Question 5
Question was incorrectly answered
Chet was sent to the penalty box
Pat is the current player
They have rolled a 2
Pat is not getting out of the penalty box
Answer was corrent!!!!
Pat now has 5 Gold Coins.
Sue is the current player
They have rolled a 4
Sue is not getting out of the penalty box
Answer was corrent!!!!
Sue now has 5 Gold Coins.
Chet is the current player
They have rolled a 4
Chet is not getting out of the penalty box
Answer was corrent!!!!
Chet now has 6 Gold Coins.


Output 67:
Chet was added
They are player number 1
Pat was added
They are player number 2
Sue was added
They are player number 3
Chet is the current player
They have rolled a 5
Chet's new location is 5
The category is Science
Science Question 0
Answer was corrent!!!!
Chet now has 1 Gold Coins.
Pat is the current player
They have rolled a 1
Pat's new location is 1
The category is Science
Science Question 1
Answer was corrent!!!!
Pat now has 1 Gold Coins.
Sue is the current player
They have rolled a 3
Sue's new location is 3
The category is Rock
Rock Question 0
Answer was corrent!!!!
Sue now has 1 Gold Coins.
Chet is the current player
They have rolled a 4
Chet's new location is 9
The category is Science
Science Question 2
Answer was corrent!!!!
Chet now has 2 Gold Coins.
Pat is the current player
They have rolled a 2
Pat's new location is 3
The category is Rock
Rock Question 1
Answer was corrent!!!!
Pat now has 2 Gold Coins.
Sue is the current player
They have rolled a 1
Sue's new location is 4
The category is Pop
Pop Question 0
Answer was corrent!!!!
Sue now has 2 Gold Coins.
Chet is the current player
They have rolled a 1
Chet's new location is 10
The category is Sports
Sports Question 0
Answer was corrent!!!!
Chet now has 3 Gold Coins.
Pat is the current player
They have rolled a 2
Pat's new location is 5
The category is Science
Science Question 3
Answer was corrent!!!!
Pat now has 3 Gold Coins.
Sue is the current player
They have rolled a 1
Sue's new location is 5
The category is Science
Science Question 4
Answer was corrent!!!!
Sue now has 3 Gold Coins.
Chet is the current player
They have rolled a 2
Chet's new location is 0
The category is Pop
Pop Question 1
Answer was corrent!!!!
Chet now has 4 Gold Coins.
Pat is the current player
They have rolled a 4
Pat's new location is 9
The category is Science
Science Question 5
Answer was corrent!!!!
Pat now has 4 Gold Coins.
Sue is the current player
They have rolled a 4
Sue's new location is 9
The category is Science
Science Question 6
Answer was corrent!!!!
Sue now has 4 Gold Coins.
Chet is the current player
They have rolled a 5
Chet's new location is 5
The category is Science
Science Question 7
Answer was corrent!!!!
Chet now has 5 Gold Coins.
Pat is the current player
They have rolled a 4
Pat's new location is 1
The category is Science
Science Question 8
Answer was corrent!!!!
Pat now has 5 Gold Coins.
Sue is the current player
They have rolled a 4
Sue's new location is 1
The category is Science
Science Question 9
Answer was corrent!!!!
Sue now has 5 Gold Coins.
Chet is the current player
They have rolled a 3
Chet's new location is 8
The category is Pop
Pop Question 2
Answer was corrent!!!!
Chet now has 6 Gold Coins.


Output 68:
Chet was added
They are player number 1
Pat was added
They are player number 2
Sue was added
They are player number 3
Chet is the current player
They have rolled a 2
Chet's new location is 2
The category is Sports
Sports Question 0
Answer was corrent!!!!
Chet now has 1 Gold Coins.
Pat is the current player
They have rolled a 5
Pat's new location is 5
The category is Science
Science Question 0
Answer was corrent!!!!
Pat now has 1 Gold Coins.
Sue is the current player
They have rolled a 3
Sue's new location is 3
The category is Rock
Rock Question 0
Answer was corrent!!!!
Sue now has 1 Gold Coins.
Chet is the current player
They have rolled a 2
Chet's new location is 4
The category is Pop
Pop Question 0
Question was incorrectly answered
Chet was sent to the penalty box
Pat is the current player
They have rolled a 1
Pat's new location is 6
The category is Sports
Sports Question 1
Answer was corrent!!!!
Pat now has 2 Gold Coins.
Sue is the current player
They have rolled a 3
Sue's new location is 6
The category is Sports
Sports Question 2
Answer was corrent!!!!
Sue now has 2 Gold Coins.
Chet is the current player
They have rolled a 1
Chet is getting out of the penalty box
Chet's new location is 5
The category is Science
Science Question 1
Answer was corrent!!!!
Chet now has 2 Gold Coins.
Pat is the current player
They have rolled a 2
Pat's new location is 8
The category is Pop
Pop Question 1
Answer was corrent!!!!
Pat now has 3 Gold Coins.
Sue is the current player
They have rolled a 5
Sue's new location is 11
The category is Rock
Rock Question 1
Answer was corrent!!!!
Sue now has 3 Gold Coins.
Chet is the current player
They have rolled a 1
Chet's new location is 6
The category is Sports
Sports Question 3
Answer was corrent!!!!
Chet now has 3 Gold Coins.
Pat is the current player
They have rolled a 5
Pat's new location is 1
The category is Science
Science Question 2
Answer was corrent!!!!
Pat now has 4 Gold Coins.
Sue is the current player
They have rolled a 1
Sue's new location is 0
The category is Pop
Pop Question 2
Answer was corrent!!!!
Sue now has 4 Gold Coins.
Chet is the current player
They have rolled a 1
Chet's new location is 7
The category is Rock
Rock Question 2
Answer was corrent!!!!
Chet now has 4 Gold Coins.
Pat is the current player
They have rolled a 2
Pat's new location is 3
The category is Rock
Rock Question 3
Question was incorrectly answered
Pat was sent to the penalty box
Sue is the current player
They have rolled a 2
Sue's new location is 2
The category is Sports
Sports Question 4
Answer was corrent!!!!
Sue now has 5 Gold Coins.
Chet is the current player
They have rolled a 5
Chet's new location is 0
The category is Pop
Pop Question 3
Answer was corrent!!!!
Chet now has 5 Gold Coins.
Pat is the current player
They have rolled a 3
Pat is getting out of the penalty box
Pat's new location is 6
The category is Sports
Sports Question 5
Answer was corrent!!!!
Pat now has 5 Gold Coins.
Sue is the current player
They have rolled a 3
Sue's new location is 5
The category is Science
Science Question 3
Answer was corrent!!!!
Sue now has 6 Gold Coins.


Output 69:
Chet was added
They are player number 1
Pat was added
They are player number 2
Sue was added
They are player number 3
Chet is the current player
They have rolled a 5
Chet's new location is 5
The category is Science
Science Question 0
Answer was corrent!!!!
Chet now has 1 Gold Coins.
Pat is the current player
They have rolled a 3
Pat's new location is 3
The category is Rock
Rock Question 0
Answer was corrent!!!!
Pat now has 1 Gold Coins.
Sue is the current player
They have rolled a 1
Sue's new location is 1
The category is Science
Science Question 1
Answer was corrent!!!!
Sue now has 1 Gold Coins.
Chet is the current player
They have rolled a 2
Chet's new location is 7
The category is Rock
Rock Question 1
Answer was corrent!!!!
Chet now has 2 Gold Coins.
Pat is the current player
They have rolled a 1
Pat's new location is 4
The category is Pop
Pop Question 0
Answer was corrent!!!!
Pat now has 2 Gold Coins.
Sue is the current player
They have rolled a 2
Sue's new location is 3
The category is Rock
Rock Question 2
Answer was corrent!!!!
Sue now has 2 Gold Coins.
Chet is the current player
They have rolled a 3
Chet's new location is 10
The category is Sports
Sports Question 0
Answer was corrent!!!!
Chet now has 3 Gold Coins.
Pat is the current player
They have rolled a 2
Pat's new location is 6
The category is Sports
Sports Question 1
Answer was corrent!!!!
Pat now has 3 Gold Coins.
Sue is the current player
They have rolled a 1
Sue's new location is 4
The category is Pop
Pop Question 1
Answer was corrent!!!!
Sue now has 3 Gold Coins.
Chet is the current player
They have rolled a 1
Chet's new location is 11
The category is Rock
Rock Question 3
Question was incorrectly answered
Chet was sent to the penalty box
Pat is the current player
They have rolled a 4
Pat's new location is 10
The category is Sports
Sports Question 2
Question was incorrectly answered
Pat was sent to the penalty box
Sue is the current player
They have rolled a 2
Sue's new location is 6
The category is Sports
Sports Question 3
Answer was corrent!!!!
Sue now has 4 Gold Coins.
Chet is the current player
They have rolled a 1
Chet is getting out of the penalty box
Chet's new location is 0
The category is Pop
Pop Question 2
Question was incorrectly answered
Chet was sent to the penalty box
Pat is the current player
They have rolled a 3
Pat is getting out of the penalty box
Pat's new location is 1
The category is Science
Science Question 2
Answer was corrent!!!!
Pat now has 4 Gold Coins.
Sue is the current player
They have rolled a 1
Sue's new location is 7
The category is Rock
Rock Question 4
Answer was corrent!!!!
Sue now has 5 Gold Coins.
Chet is the current player
They have rolled a 1
Chet is getting out of the penalty box
Chet's new location is 1
The category is Science
Science Question 3
Answer was corrent!!!!
Chet now has 4 Gold Coins.
Pat is the current player
They have rolled a 4
Pat's new location is 5
The category is Science
Science Question 4
Answer was corrent!!!!
Pat now has 5 Gold Coins.
Sue is the current player
They have rolled a 2
Sue's new location is 9
The category is Science
Science Question 5
Answer was corrent!!!!
Sue now has 6 Gold Coins.


Output 70:
Chet was added
They are player number 1
Pat was added
They are player number 2
Sue was added
They are player number 3
Chet is the current player
They have rolled a 5
Chet's new location is 5
The category is Science
Science Question 0
Answer was corrent!!!!
Chet now has 1 Gold Coins.
Pat is the current player
They have rolled a 2
Pat's new location is 2
The category is Sports
Sports Question 0
Question was incorrectly answered
Pat was sent to the penalty box
Sue is the current player
They have rolled a 2
Sue's new location is 2
The category is Sports
Sports Question 1
Question was incorrectly answered
Sue was sent to the penalty box
Chet is the current player
They have rolled a 5
Chet's new location is 10
The category is Sports
Sports Question 2
Answer was corrent!!!!
Chet now has 2 Gold Coins.
Pat is the current player
They have rolled a 2
Pat is not getting out of the penalty box
Answer was corrent!!!!
Pat now has 1 Gold Coins.
Sue is the current player
They have rolled a 1
Sue is getting out of the penalty box
Sue's new location is 3
The category is Rock
Rock Question 0
Question was incorrectly answered
Sue was sent to the penalty box
Chet is the current player
They have rolled a 2
Chet's new location is 0
The category is Pop
Pop Question 0
Answer was corrent!!!!
Chet now has 3 Gold Coins.
Pat is the current player
They have rolled a 5
Pat is getting out of the penalty box
Pat's new location is 7
The category is Rock
Rock Question 1
Answer was corrent!!!!
Pat now has 2 Gold Coins.
Sue is the current player
They have rolled a 3
Sue is getting out of the penalty box
Sue's new location is 6
The category is Sports
Sports Question 3
Answer was corrent!!!!
Sue now has 1 Gold Coins.
Chet is the current player
They have rolled a 1
Chet's new location is 1
The category is Science
Science Question 1
Answer was corrent!!!!
Chet now has 4 Gold Coins.
Pat is the current player
They have rolled a 5
Pat's new location is 0
The category is Pop
Pop Question 1
Answer was corrent!!!!
Pat now has 3 Gold Coins.
Sue is the current player
They have rolled a 4
Sue's new location is 10
The category is Sports
Sports Question 4
Answer was corrent!!!!
Sue now has 2 Gold Coins.
Chet is the current player
They have rolled a 1
Chet's new location is 2
The category is Sports
Sports Question 5
Answer was corrent!!!!
Chet now has 5 Gold Coins.
Pat is the current player
They have rolled a 1
Pat's new location is 1
The category is Science
Science Question 2
Answer was corrent!!!!
Pat now has 4 Gold Coins.
Sue is the current player
They have rolled a 3
Sue's new location is 1
The category is Science
Science Question 3
Answer was corrent!!!!
Sue now has 3 Gold Coins.
Chet is the current player
They have rolled a 5
Chet's new location is 7
The category is Rock
Rock Question 2
Answer was corrent!!!!
Chet now has 6 Gold Coins.


Output 71:
Chet was added
They are player number 1
Pat was added
They are player number 2
Sue was added
They are player number 3
Chet is the current player
They have rolled a 3
Chet's new location is 3
The category is Rock
Rock Question 0
Question was incorrectly answered
Chet was sent to the penalty box
Pat is the current player
They have rolled a 5
Pat's new location is 5
The category is Science
Science Question 0
Question was incorrectly answered
Pat was sent to the penalty box
Sue is the current player
They have rolled a 5
Sue's new location is 5
The category is Science
Science Question 1
Answer was corrent!!!!
Sue now has 1 Gold Coins.
Chet is the current player
They have rolled a 3
Chet is getting out of the penalty box
Chet's new location is 6
The category is Sports
Sports Question 0
Answer was corrent!!!!
Chet now has 1 Gold Coins.
Pat is the current player
They have rolled a 1
Pat is getting out of the penalty box
Pat's new location is 6
The category is Sports
Sports Question 1
Question was incorrectly answered
Pat was sent to the penalty box
Sue is the current player
They have rolled a 3
Sue's new location is 8
The category is Pop
Pop Question 0
Answer was corrent!!!!
Sue now has 2 Gold Coins.
Chet is the current player
They have rolled a 3
Chet's new location is 9
The category is Science
Science Question 2
Answer was corrent!!!!
Chet now has 2 Gold Coins.
Pat is the current player
They have rolled a 3
Pat is getting out of the penalty box
Pat's new location is 9
The category is Science
Science Question 3
Answer was corrent!!!!
Pat now has 1 Gold Coins.
Sue is the current player
They have rolled a 5
Sue's new location is 1
The category is Science
Science Question 4
Answer was corrent!!!!
Sue now has 3 Gold Coins.
Chet is the current player
They have rolled a 3
Chet's new location is 0
The category is Pop
Pop Question 1
Answer was corrent!!!!
Chet now has 3 Gold Coins.
Pat is the current player
They have rolled a 4
Pat's new location is 1
The category is Science
Science Question 5
Answer was corrent!!!!
Pat now has 2 Gold Coins.
Sue is the current player
They have rolled a 4
Sue's new location is 5
The category is Science
Science Question 6
Answer was corrent!!!!
Sue now has 4 Gold Coins.
Chet is the current player
They have rolled a 5
Chet's new location is 5
The category is Science
Science Question 7
Answer was corrent!!!!
Chet now has 4 Gold Coins.
Pat is the current player
They have rolled a 3
Pat's new location is 4
The category is Pop
Pop Question 2
Answer was corrent!!!!
Pat now has 3 Gold Coins.
Sue is the current player
They have rolled a 5
Sue's new location is 10
The category is Sports
Sports Question 2
Question was incorrectly answered
Sue was sent to the penalty box
Chet is the current player
They have rolled a 2
Chet's new location is 7
The category is Rock
Rock Question 1
Answer was corrent!!!!
Chet now has 5 Gold Coins.
Pat is the current player
They have rolled a 4
Pat's new location is 8
The category is Pop
Pop Question 3
Answer was corrent!!!!
Pat now has 4 Gold Coins.
Sue is the current player
They have rolled a 1
Sue is getting out of the penalty box
Sue's new location is 11
The category is Rock
Rock Question 2
Answer was corrent!!!!
Sue now has 5 Gold Coins.
Chet is the current player
They have rolled a 4
Chet's new location is 11
The category is Rock
Rock Question 3
Answer was corrent!!!!
Chet now has 6 Gold Coins.


Output 72:
Chet was added
They are player number 1
Pat was added
They are player number 2
Sue was added
They are player number 3
Chet is the current player
They have rolled a 2
Chet's new location is 2
The category is Sports
Sports Question 0
Answer was corrent!!!!
Chet now has 1 Gold Coins.
Pat is the current player
They have rolled a 4
Pat's new location is 4
The category is Pop
Pop Question 0
Question was incorrectly answered
Pat was sent to the penalty box
Sue is the current player
They have rolled a 2
Sue's new location is 2
The category is Sports
Sports Question 1
Answer was corrent!!!!
Sue now has 1 Gold Coins.
Chet is the current player
They have rolled a 2
Chet's new location is 4
The category is Pop
Pop Question 1
Answer was corrent!!!!
Chet now has 2 Gold Coins.
Pat is the current player
They have rolled a 4
Pat is not getting out of the penalty box
Question was incorrectly answered
Pat was sent to the penalty box
Sue is the current player
They have rolled a 5
Sue's new location is 7
The category is Rock
Rock Question 0
Answer was corrent!!!!
Sue now has 2 Gold Coins.
Chet is the current player
They have rolled a 5
Chet's new location is 9
The category is Science
Science Question 0
Question was incorrectly answered
Chet was sent to the penalty box
Pat is the current player
They have rolled a 5
Pat is getting out of the penalty box
Pat's new location is 9
The category is Science
Science Question 1
Answer was corrent!!!!
Pat now has 1 Gold Coins.
Sue is the current player
They have rolled a 5
Sue's new location is 0
The category is Pop
Pop Question 2
Answer was corrent!!!!
Sue now has 3 Gold Coins.
Chet is the current player
They have rolled a 3
Chet is getting out of the penalty box
Chet's new location is 0
The category is Pop
Pop Question 3
Answer was corrent!!!!
Chet now has 3 Gold Coins.
Pat is the current player
They have rolled a 2
Pat's new location is 11
The category is Rock
Rock Question 1
Question was incorrectly answered
Pat was sent to the penalty box
Sue is the current player
They have rolled a 1
Sue's new location is 1
The category is Science
Science Question 2
Answer was corrent!!!!
Sue now has 4 Gold Coins.
Chet is the current player
They have rolled a 2
Chet's new location is 2
The category is Sports
Sports Question 2
Answer was corrent!!!!
Chet now has 4 Gold Coins.
Pat is the current player
They have rolled a 2
Pat is not getting out of the penalty box
Answer was corrent!!!!
Pat now has 2 Gold Coins.
Sue is the current player
They have rolled a 5
Sue's new location is 6
The category is Sports
Sports Question 3
Answer was corrent!!!!
Sue now has 5 Gold Coins.
Chet is the current player
They have rolled a 3
Chet's new location is 5
The category is Science
Science Question 3
Answer was corrent!!!!
Chet now has 5 Gold Coins.
Pat is the current player
They have rolled a 1
Pat is getting out of the penalty box
Pat's new location is 0
The category is Pop
Pop Question 4
Answer was corrent!!!!
Pat now has 3 Gold Coins.
Sue is the current player
They have rolled a 4
Sue's new location is 10
The category is Sports
Sports Question 4
Answer was corrent!!!!
Sue now has 6 Gold Coins.


Output 73:
Chet was added
They are player number 1
Pat was added
They are player number 2
Sue was added
They are player number 3
Chet is the current player
They have rolled a 4
Chet's new location is 4
The category is Pop
Pop Question 0
Answer was corrent!!!!
Chet now has 1 Gold Coins.
Pat is the current player
They have rolled a 1
Pat's new location is 1
The category is Science
Science Question 0
Answer was corrent!!!!
Pat now has 1 Gold Coins.
Sue is the current player
They have rolled a 5
Sue's new location is 5
The category is Science
Science Question 1
Answer was corrent!!!!
Sue now has 1 Gold Coins.
Chet is the current player
They have rolled a 4
Chet's new location is 8
The category is Pop
Pop Question 1
Answer was corrent!!!!
Chet now has 2 Gold Coins.
Pat is the current player
They have rolled a 1
Pat's new location is 2
The category is Sports
Sports Question 0
Answer was corrent!!!!
Pat now has 2 Gold Coins.
Sue is the current player
They have rolled a 2
Sue's new location is 7
The category is Rock
Rock Question 0
Answer was corrent!!!!
Sue now has 2 Gold Coins.
Chet is the current player
They have rolled a 4
Chet's new location is 0
The category is Pop
Pop Question 2
Answer was corrent!!!!
Chet now has 3 Gold Coins.
Pat is the current player
They have rolled a 3
Pat's new location is 5
The category is Science
Science Question 2
Answer was corrent!!!!
Pat now has 3 Gold Coins.
Sue is the current player
They have rolled a 1
Sue's new location is 8
The category is Pop
Pop Question 3
Answer was corrent!!!!
Sue now has 3 Gold Coins.
Chet is the current player
They have rolled a 4
Chet's new location is 4
The category is Pop
Pop Question 4
Answer was corrent!!!!
Chet now has 4 Gold Coins.
Pat is the current player
They have rolled a 2
Pat's new location is 7
The category is Rock
Rock Question 1
Answer was corrent!!!!
Pat now has 4 Gold Coins.
Sue is the current player
They have rolled a 4
Sue's new location is 0
The category is Pop
Pop Question 5
Answer was corrent!!!!
Sue now has 4 Gold Coins.
Chet is the current player
They have rolled a 2
Chet's new location is 6
The category is Sports
Sports Question 1
Answer was corrent!!!!
Chet now has 5 Gold Coins.
Pat is the current player
They have rolled a 5
Pat's new location is 0
The category is Pop
Pop Question 6
Answer was corrent!!!!
Pat now has 5 Gold Coins.
Sue is the current player
They have rolled a 2
Sue's new location is 2
The category is Sports
Sports Question 2
Answer was corrent!!!!
Sue now has 5 Gold Coins.
Chet is the current player
They have rolled a 4
Chet's new location is 10
The category is Sports
Sports Question 3
Answer was corrent!!!!
Chet now has 6 Gold Coins.


Output 74:
Chet was added
They are player number 1
Pat was added
They are player number 2
Sue was added
They are player number 3
Chet is the current player
They have rolled a 1
Chet's new location is 1
The category is Science
Science Question 0
Answer was corrent!!!!
Chet now has 1 Gold Coins.
Pat is the current player
They have rolled a 4
Pat's new location is 4
The category is Pop
Pop Question 0
Answer was corrent!!!!
Pat now has 1 Gold Coins.
Sue is the current player
They have rolled a 4
Sue's new location is 4
The category is Pop
Pop Question 1
Question was incorrectly answered
Sue was sent to the penalty box
Chet is the current player
They have rolled a 2
Chet's new location is 3
The category is Rock
Rock Question 0
Answer was corrent!!!!
Chet now has 2 Gold Coins.
Pat is the current player
They have rolled a 5
Pat's new location is 9
The category is Science
Science Question 1
Answer was corrent!!!!
Pat now has 2 Gold Coins.
Sue is the current player
They have rolled a 2
Sue is not getting out of the penalty box
Answer was corrent!!!!
Sue now has 1 Gold Coins.
Chet is the current player
They have rolled a 4
Chet's new location is 7
The category is Rock
Rock Question 1
Answer was corrent!!!!
Chet now has 3 Gold Coins.
Pat is the current player
They have rolled a 1
Pat's new location is 10
The category is Sports
Sports Question 0
Answer was corrent!!!!
Pat now has 3 Gold Coins.
Sue is the current player
They have rolled a 4
Sue is not getting out of the penalty box
Question was incorrectly answered
Sue was sent to the penalty box
Chet is the current player
They have rolled a 3
Chet's new location is 10
The category is Sports
Sports Question 1
Answer was corrent!!!!
Chet now has 4 Gold Coins.
Pat is the current player
They have rolled a 2
Pat's new location is 0
The category is Pop
Pop Question 2
Question was incorrectly answered
Pat was sent to the penalty box
Sue is the current player
They have rolled a 1
Sue is getting out of the penalty box
Sue's new location is 5
The category is Science
Science Question 2
Question was incorrectly answered
Sue was sent to the penalty box
Chet is the current player
They have rolled a 4
Chet's new location is 2
The category is Sports
Sports Question 2
Answer was corrent!!!!
Chet now has 5 Gold Coins.
Pat is the current player
They have rolled a 1
Pat is getting out of the penalty box
Pat's new location is 1
The category is Science
Science Question 3
Answer was corrent!!!!
Pat now has 4 Gold Coins.
Sue is the current player
They have rolled a 1
Sue is getting out of the penalty box
Sue's new location is 6
The category is Sports
Sports Question 3
Question was incorrectly answered
Sue was sent to the penalty box
Chet is the current player
They have rolled a 3
Chet's new location is 5
The category is Science
Science Question 4
Answer was corrent!!!!
Chet now has 6 Gold Coins.


Output 75:
Chet was added
They are player number 1
Pat was added
They are player number 2
Sue was added
They are player number 3
Chet is the current player
They have rolled a 2
Chet's new location is 2
The category is Sports
Sports Question 0
Answer was corrent!!!!
Chet now has 1 Gold Coins.
Pat is the current player
They have rolled a 4
Pat's new location is 4
The category is Pop
Pop Question 0
Answer was corrent!!!!
Pat now has 1 Gold Coins.
Sue is the current player
They have rolled a 2
Sue's new location is 2
The category is Sports
Sports Question 1
Answer was corrent!!!!
Sue now has 1 Gold Coins.
Chet is the current player
They have rolled a 2
Chet's new location is 4
The category is Pop
Pop Question 1
Answer was corrent!!!!
Chet now has 2 Gold Coins.
Pat is the current player
They have rolled a 2
Pat's new location is 6
The category is Sports
Sports Question 2
Answer was corrent!!!!
Pat now has 2 Gold Coins.
Sue is the current player
They have rolled a 5
Sue's new location is 7
The category is Rock
Rock Question 0
Answer was corrent!!!!
Sue now has 2 Gold Coins.
Chet is the current player
They have rolled a 4
Chet's new location is 8
The category is Pop
Pop Question 2
Answer was corrent!!!!
Chet now has 3 Gold Coins.
Pat is the current player
They have rolled a 2
Pat's new location is 8
The category is Pop
Pop Question 3
Answer was corrent!!!!
Pat now has 3 Gold Coins.
Sue is the current player
They have rolled a 3
Sue's new location is 10
The category is Sports
Sports Question 3
Answer was corrent!!!!
Sue now has 3 Gold Coins.
Chet is the current player
They have rolled a 4
Chet's new location is 0
The category is Pop
Pop Question 4
Answer was corrent!!!!
Chet now has 4 Gold Coins.
Pat is the current player
They have rolled a 4
Pat's new location is 0
The category is Pop
Pop Question 5
Answer was corrent!!!!
Pat now has 4 Gold Coins.
Sue is the current player
They have rolled a 3
Sue's new location is 1
The category is Science
Science Question 0
Answer was corrent!!!!
Sue now has 4 Gold Coins.
Chet is the current player
They have rolled a 5
Chet's new location is 5
The category is Science
Science Question 1
Answer was corrent!!!!
Chet now has 5 Gold Coins.
Pat is the current player
They have rolled a 3
Pat's new location is 3
The category is Rock
Rock Question 1
Answer was corrent!!!!
Pat now has 5 Gold Coins.
Sue is the current player
They have rolled a 2
Sue's new location is 3
The category is Rock
Rock Question 2
Question was incorrectly answered
Sue was sent to the penalty box
Chet is the current player
They have rolled a 5
Chet's new location is 10
The category is Sports
Sports Question 4
Answer was corrent!!!!
Chet now has 6 Gold Coins.


Output 76:
Chet was added
They are player number 1
Pat was added
They are player number 2
Sue was added
They are player number 3
Chet is the current player
They have rolled a 4
Chet's new location is 4
The category is Pop
Pop Question 0
Answer was corrent!!!!
Chet now has 1 Gold Coins.
Pat is the current player
They have rolled a 5
Pat's new location is 5
The category is Science
Science Question 0
Answer was corrent!!!!
Pat now has 1 Gold Coins.
Sue is the current player
They have rolled a 4
Sue's new location is 4
The category is Pop
Pop Question 1
Answer was corrent!!!!
Sue now has 1 Gold Coins.
Chet is the current player
They have rolled a 2
Chet's new location is 6
The category is Sports
Sports Question 0
Answer was corrent!!!!
Chet now has 2 Gold Coins.
Pat is the current player
They have rolled a 3
Pat's new location is 8
The category is Pop
Pop Question 2
Answer was corrent!!!!
Pat now has 2 Gold Coins.
Sue is the current player
They have rolled a 4
Sue's new location is 8
The category is Pop
Pop Question 3
Answer was corrent!!!!
Sue now has 2 Gold Coins.
Chet is the current player
They have rolled a 1
Chet's new location is 7
The category is Rock
Rock Question 0
Answer was corrent!!!!
Chet now has 3 Gold Coins.
Pat is the current player
They have rolled a 1
Pat's new location is 9
The category is Science
Science Question 1
Answer was corrent!!!!
Pat now has 3 Gold Coins.
Sue is the current player
They have rolled a 5
Sue's new location is 1
The category is Science
Science Question 2
Question was incorrectly answered
Sue was sent to the penalty box
Chet is the current player
They have rolled a 5
Chet's new location is 0
The category is Pop
Pop Question 4
Answer was corrent!!!!
Chet now has 4 Gold Coins.
Pat is the current player
They have rolled a 4
Pat's new location is 1
The category is Science
Science Question 3
Answer was corrent!!!!
Pat now has 4 Gold Coins.
Sue is the current player
They have rolled a 4
Sue is not getting out of the penalty box
Answer was corrent!!!!
Sue now has 3 Gold Coins.
Chet is the current player
They have rolled a 2
Chet's new location is 2
The category is Sports
Sports Question 1
Answer was corrent!!!!
Chet now has 5 Gold Coins.
Pat is the current player
They have rolled a 4
Pat's new location is 5
The category is Science
Science Question 4
Answer was corrent!!!!
Pat now has 5 Gold Coins.
Sue is the current player
They have rolled a 2
Sue is not getting out of the penalty box
Question was incorrectly answered
Sue was sent to the penalty box
Chet is the current player
They have rolled a 5
Chet's new location is 7
The category is Rock
Rock Question 1
Answer was corrent!!!!
Chet now has 6 Gold Coins.


Output 77:
Chet was added
They are player number 1
Pat was added
They are player number 2
Sue was added
They are player number 3
Chet is the current player
They have rolled a 4
Chet's new location is 4
The category is Pop
Pop Question 0
Answer was corrent!!!!
Chet now has 1 Gold Coins.
Pat is the current player
They have rolled a 3
Pat's new location is 3
The category is Rock
Rock Question 0
Answer was corrent!!!!
Pat now has 1 Gold Coins.
Sue is the current player
They have rolled a 4
Sue's new location is 4
The category is Pop
Pop Question 1
Answer was corrent!!!!
Sue now has 1 Gold Coins.
Chet is the current player
They have rolled a 3
Chet's new location is 7
The category is Rock
Rock Question 1
Answer was corrent!!!!
Chet now has 2 Gold Coins.
Pat is the current player
They have rolled a 3
Pat's new location is 6
The category is Sports
Sports Question 0
Answer was corrent!!!!
Pat now has 2 Gold Coins.
Sue is the current player
They have rolled a 2
Sue's new location is 6
The category is Sports
Sports Question 1
Answer was corrent!!!!
Sue now has 2 Gold Coins.
Chet is the current player
They have rolled a 4
Chet's new location is 11
The category is Rock
Rock Question 2
Answer was corrent!!!!
Chet now has 3 Gold Coins.
Pat is the current player
They have rolled a 2
Pat's new location is 8
The category is Pop
Pop Question 2
Question was incorrectly answered
Pat was sent to the penalty box
Sue is the current player
They have rolled a 2
Sue's new location is 8
The category is Pop
Pop Question 3
Answer was corrent!!!!
Sue now has 3 Gold Coins.
Chet is the current player
They have rolled a 3
Chet's new location is 2
The category is Sports
Sports Question 2
Question was incorrectly answered
Chet was sent to the penalty box
Pat is the current player
They have rolled a 4
Pat is not getting out of the penalty box
Answer was corrent!!!!
Pat now has 3 Gold Coins.
Sue is the current player
They have rolled a 3
Sue's new location is 11
The category is Rock
Rock Question 3
Answer was corrent!!!!
Sue now has 4 Gold Coins.
Chet is the current player
They have rolled a 1
Chet is getting out of the penalty box
Chet's new location is 3
The category is Rock
Rock Question 4
Answer was corrent!!!!
Chet now has 4 Gold Coins.
Pat is the current player
They have rolled a 3
Pat is getting out of the penalty box
Pat's new location is 11
The category is Rock
Rock Question 5
Answer was corrent!!!!
Pat now has 4 Gold Coins.
Sue is the current player
They have rolled a 5
Sue's new location is 4
The category is Pop
Pop Question 4
Answer was corrent!!!!
Sue now has 5 Gold Coins.
Chet is the current player
They have rolled a 4
Chet's new location is 7
The category is Rock
Rock Question 6
Answer was corrent!!!!
Chet now has 5 Gold Coins.
Pat is the current player
They have rolled a 5
Pat's new location is 4
The category is Pop
Pop Question 5
Answer was corrent!!!!
Pat now has 5 Gold Coins.
Sue is the current player
They have rolled a 1
Sue's new location is 5
The category is Science
Science Question 0
Answer was corrent!!!!
Sue now has 6 Gold Coins.


Output 78:
Chet was added
They are player number 1
Pat was added
They are player number 2
Sue was added
They are player number 3
Chet is the current player
They have rolled a 5
Chet's new location is 5
The category is Science
Science Question 0
Answer was corrent!!!!
Chet now has 1 Gold Coins.
Pat is the current player
They have rolled a 1
Pat's new location is 1
The category is Science
Science Question 1
Answer was corrent!!!!
Pat now has 1 Gold Coins.
Sue is the current player
They have rolled a 4
Sue's new location is 4
The category is Pop
Pop Question 0
Answer was corrent!!!!
Sue now has 1 Gold Coins.
Chet is the current player
They have rolled a 5
Chet's new location is 10
The category is Sports
Sports Question 0
Answer was corrent!!!!
Chet now has 2 Gold Coins.
Pat is the current player
They have rolled a 4
Pat's new location is 5
The category is Science
Science Question 2
Answer was corrent!!!!
Pat now has 2 Gold Coins.
Sue is the current player
They have rolled a 3
Sue's new location is 7
The category is Rock
Rock Question 0
Answer was corrent!!!!
Sue now has 2 Gold Coins.
Chet is the current player
They have rolled a 4
Chet's new location is 2
The category is Sports
Sports Question 1
Answer was corrent!!!!
Chet now has 3 Gold Coins.
Pat is the current player
They have rolled a 4
Pat's new location is 9
The category is Science
Science Question 3
Answer was corrent!!!!
Pat now has 3 Gold Coins.
Sue is the current player
They have rolled a 5
Sue's new location is 0
The category is Pop
Pop Question 1
Answer was corrent!!!!
Sue now has 3 Gold Coins.
Chet is the current player
They have rolled a 5
Chet's new location is 7
The category is Rock
Rock Question 1
Answer was corrent!!!!
Chet now has 4 Gold Coins.
Pat is the current player
They have rolled a 4
Pat's new location is 1
The category is Science
Science Question 4
Answer was corrent!!!!
Pat now has 4 Gold Coins.
Sue is the current player
They have rolled a 1
Sue's new location is 1
The category is Science
Science Question 5
Answer was corrent!!!!
Sue now has 4 Gold Coins.
Chet is the current player
They have rolled a 5
Chet's new location is 0
The category is Pop
Pop Question 2
Answer was corrent!!!!
Chet now has 5 Gold Coins.
Pat is the current player
They have rolled a 2
Pat's new location is 3
The category is Rock
Rock Question 2
Question was incorrectly answered
Pat was sent to the penalty box
Sue is the current player
They have rolled a 1
Sue's new location is 2
The category is Sports
Sports Question 2
Answer was corrent!!!!
Sue now has 5 Gold Coins.
Chet is the current player
They have rolled a 2
Chet's new location is 2
The category is Sports
Sports Question 3
Question was incorrectly answered
Chet was sent to the penalty box
Pat is the current player
They have rolled a 3
Pat is getting out of the penalty box
Pat's new location is 6
The category is Sports
Sports Question 4
Answer was corrent!!!!
Pat now has 5 Gold Coins.
Sue is the current player
They have rolled a 1
Sue's new location is 3
The category is Rock
Rock Question 3
Answer was corrent!!!!
Sue now has 6 Gold Coins.


Output 79:
Chet was added
They are player number 1
Pat was added
They are player number 2
Sue was added
They are player number 3
Chet is the current player
They have rolled a 1
Chet's new location is 1
The category is Science
Science Question 0
Answer was corrent!!!!
Chet now has 1 Gold Coins.
Pat is the current player
They have rolled a 4
Pat's new location is 4
The category is Pop
Pop Question 0
Answer was corrent!!!!
Pat now has 1 Gold Coins.
Sue is the current player
They have rolled a 4
Sue's new location is 4
The category is Pop
Pop Question 1
Answer was corrent!!!!
Sue now has 1 Gold Coins.
Chet is the current player
They have rolled a 3
Chet's new location is 4
The category is Pop
Pop Question 2
Answer was corrent!!!!
Chet now has 2 Gold Coins.
Pat is the current player
They have rolled a 1
Pat's new location is 5
The category is Science
Science Question 1
Answer was corrent!!!!
Pat now has 2 Gold Coins.
Sue is the current player
They have rolled a 2
Sue's new location is 6
The category is Sports
Sports Question 0
Answer was corrent!!!!
Sue now has 2 Gold Coins.
Chet is the current player
They have rolled a 1
Chet's new location is 5
The category is Science
Science Question 2
Question was incorrectly answered
Chet was sent to the penalty box
Pat is the current player
They have rolled a 5
Pat's new location is 10
The category is Sports
Sports Question 1
Answer was corrent!!!!
Pat now has 3 Gold Coins.
Sue is the current player
They have rolled a 1
Sue's new location is 7
The category is Rock
Rock Question 0
Answer was corrent!!!!
Sue now has 3 Gold Coins.
Chet is the current player
They have rolled a 5
Chet is getting out of the penalty box
Chet's new location is 10
The category is Sports
Sports Question 2
Question was incorrectly answered
Chet was sent to the penalty box
Pat is the current player
They have rolled a 3
Pat's new location is 1
The category is Science
Science Question 3
Answer was corrent!!!!
Pat now has 4 Gold Coins.
Sue is the current player
They have rolled a 1
Sue's new location is 8
The category is Pop
Pop Question 3
Answer was corrent!!!!
Sue now has 4 Gold Coins.
Chet is the current player
They have rolled a 1
Chet is getting out of the penalty box
Chet's new location is 11
The category is Rock
Rock Question 1
Answer was corrent!!!!
Chet now has 3 Gold Coins.
Pat is the current player
They have rolled a 2
Pat's new location is 3
The category is Rock
Rock Question 2
Question was incorrectly answered
Pat was sent to the penalty box
Sue is the current player
They have rolled a 1
Sue's new location is 9
The category is Science
Science Question 4
Answer was corrent!!!!
Sue now has 5 Gold Coins.
Chet is the current player
They have rolled a 2
Chet's new location is 1
The category is Science
Science Question 5
Answer was corrent!!!!
Chet now has 4 Gold Coins.
Pat is the current player
They have rolled a 1
Pat is getting out of the penalty box
Pat's new location is 4
The category is Pop
Pop Question 4
Answer was corrent!!!!
Pat now has 5 Gold Coins.
Sue is the current player
They have rolled a 3
Sue's new location is 0
The category is Pop
Pop Question 5
Answer was corrent!!!!
Sue now has 6 Gold Coins.


Output 80:
Chet was added
They are player number 1
Pat was added
They are player number 2
Sue was added
They are player number 3
Chet is the current player
They have rolled a 3
Chet's new location is 3
The category is Rock
Rock Question 0
Answer was corrent!!!!
Chet now has 1 Gold Coins.
Pat is the current player
They have rolled a 4
Pat's new location is 4
The category is Pop
Pop Question 0
Answer was corrent!!!!
Pat now has 1 Gold Coins.
Sue is the current player
They have rolled a 1
Sue's new location is 1
The category is Science
Science Question 0
Question was incorrectly answered
Sue was sent to the penalty box
Chet is the current player
They have rolled a 5
Chet's new location is 8
The category is Pop
Pop Question 1
Answer was corrent!!!!
Chet now has 2 Gold Coins.
Pat is the current player
They have rolled a 1
Pat's new location is 5
The category is Science
Science Question 1
Answer was corrent!!!!
Pat now has 2 Gold Coins.
Sue is the current player
They have rolled a 1
Sue is getting out of the penalty box
Sue's new location is 2
The category is Sports
Sports Question 0
Question was incorrectly answered
Sue was sent to the penalty box
Chet is the current player
They have rolled a 2
Chet's new location is 10
The category is Sports
Sports Question 1
Answer was corrent!!!!
Chet now has 3 Gold Coins.
Pat is the current player
They have rolled a 2
Pat's new location is 7
The category is Rock
Rock Question 1
Answer was corrent!!!!
Pat now has 3 Gold Coins.
Sue is the current player
They have rolled a 5
Sue is getting out of the penalty box
Sue's new location is 7
The category is Rock
Rock Question 2
Answer was corrent!!!!
Sue now has 1 Gold Coins.
Chet is the current player
They have rolled a 5
Chet's new location is 3
The category is Rock
Rock Question 3
Answer was corrent!!!!
Chet now has 4 Gold Coins.
Pat is the current player
They have rolled a 2
Pat's new location is 9
The category is Science
Science Question 2
Answer was corrent!!!!
Pat now has 4 Gold Coins.
Sue is the current player
They have rolled a 4
Sue's new location is 11
The category is Rock
Rock Question 4
Question was incorrectly answered
Sue was sent to the penalty box
Chet is the current player
They have rolled a 3
Chet's new location is 6
The category is Sports
Sports Question 2
Answer was corrent!!!!
Chet now has 5 Gold Coins.
Pat is the current player
They have rolled a 1
Pat's new location is 10
The category is Sports
Sports Question 3
Answer was corrent!!!!
Pat now has 5 Gold Coins.
Sue is the current player
They have rolled a 4
Sue is not getting out of the penalty box
Answer was corrent!!!!
Sue now has 2 Gold Coins.
Chet is the current player
They have rolled a 2
Chet's new location is 8
The category is Pop
Pop Question 2
Answer was corrent!!!!
Chet now has 6 Gold Coins.


Output 81:
Chet was added
They are player number 1
Pat was added
They are player number 2
Sue was added
They are player number 3
Chet is the current player
They have rolled a 1
Chet's new location is 1
The category is Science
Science Question 0
Answer was corrent!!!!
Chet now has 1 Gold Coins.
Pat is the current player
They have rolled a 2
Pat's new location is 2
The category is Sports
Sports Question 0
Answer was corrent!!!!
Pat now has 1 Gold Coins.
Sue is the current player
They have rolled a 4
Sue's new location is 4
The category is Pop
Pop Question 0
Answer was corrent!!!!
Sue now has 1 Gold Coins.
Chet is the current player
They have rolled a 4
Chet's new location is 5
The category is Science
Science Question 1
Answer was corrent!!!!
Chet now has 2 Gold Coins.
Pat is the current player
They have rolled a 5
Pat's new location is 7
The category is Rock
Rock Question 0
Answer was corrent!!!!
Pat now has 2 Gold Coins.
Sue is the current player
They have rolled a 1
Sue's new location is 5
The category is Science
Science Question 2
Answer was corrent!!!!
Sue now has 2 Gold Coins.
Chet is the current player
They have rolled a 1
Chet's new location is 6
The category is Sports
Sports Question 1
Answer was corrent!!!!
Chet now has 3 Gold Coins.
Pat is the current player
They have rolled a 3
Pat's new location is 10
The category is Sports
Sports Question 2
Answer was corrent!!!!
Pat now has 3 Gold Coins.
Sue is the current player
They have rolled a 3
Sue's new location is 8
The category is Pop
Pop Question 1
Answer was corrent!!!!
Sue now has 3 Gold Coins.
Chet is the current player
They have rolled a 3
Chet's new location is 9
The category is Science
Science Question 3
Answer was corrent!!!!
Chet now has 4 Gold Coins.
Pat is the current player
They have rolled a 1
Pat's new location is 11
The category is Rock
Rock Question 1
Answer was corrent!!!!
Pat now has 4 Gold Coins.
Sue is the current player
They have rolled a 5
Sue's new location is 1
The category is Science
Science Question 4
Answer was corrent!!!!
Sue now has 4 Gold Coins.
Chet is the current player
They have rolled a 1
Chet's new location is 10
The category is Sports
Sports Question 3
Answer was corrent!!!!
Chet now has 5 Gold Coins.
Pat is the current player
They have rolled a 3
Pat's new location is 2
The category is Sports
Sports Question 4
Answer was corrent!!!!
Pat now has 5 Gold Coins.
Sue is the current player
They have rolled a 4
Sue's new location is 5
The category is Science
Science Question 5
Answer was corrent!!!!
Sue now has 5 Gold Coins.
Chet is the current player
They have rolled a 4
Chet's new location is 2
The category is Sports
Sports Question 5
Answer was corrent!!!!
Chet now has 6 Gold Coins.


Output 82:
Chet was added
They are player number 1
Pat was added
They are player number 2
Sue was added
They are player number 3
Chet is the current player
They have rolled a 2
Chet's new location is 2
The category is Sports
Sports Question 0
Question was incorrectly answered
Chet was sent to the penalty box
Pat is the current player
They have rolled a 4
Pat's new location is 4
The category is Pop
Pop Question 0
Answer was corrent!!!!
Pat now has 1 Gold Coins.
Sue is the current player
They have rolled a 4
Sue's new location is 4
The category is Pop
Pop Question 1
Question was incorrectly answered
Sue was sent to the penalty box
Chet is the current player
They have rolled a 3
Chet is getting out of the penalty box
Chet's new location is 5
The category is Science
Science Question 0
Answer was corrent!!!!
Chet now has 1 Gold Coins.
Pat is the current player
They have rolled a 1
Pat's new location is 5
The category is Science
Science Question 1
Answer was corrent!!!!
Pat now has 2 Gold Coins.
Sue is the current player
They have rolled a 2
Sue is not getting out of the penalty box
Question was incorrectly answered
Sue was sent to the penalty box
Chet is the current player
They have rolled a 1
Chet's new location is 6
The category is Sports
Sports Question 1
Answer was corrent!!!!
Chet now has 2 Gold Coins.
Pat is the current player
They have rolled a 4
Pat's new location is 9
The category is Science
Science Question 2
Answer was corrent!!!!
Pat now has 3 Gold Coins.
Sue is the current player
They have rolled a 5
Sue is getting out of the penalty box
Sue's new location is 9
The category is Science
Science Question 3
Answer was corrent!!!!
Sue now has 1 Gold Coins.
Chet is the current player
They have rolled a 2
Chet's new location is 8
The category is Pop
Pop Question 2
Answer was corrent!!!!
Chet now has 3 Gold Coins.
Pat is the current player
They have rolled a 2
Pat's new location is 11
The category is Rock
Rock Question 0
Answer was corrent!!!!
Pat now has 4 Gold Coins.
Sue is the current player
They have rolled a 1
Sue's new location is 10
The category is Sports
Sports Question 2
Answer was corrent!!!!
Sue now has 2 Gold Coins.
Chet is the current player
They have rolled a 3
Chet's new location is 11
The category is Rock
Rock Question 1
Answer was corrent!!!!
Chet now has 4 Gold Coins.
Pat is the current player
They have rolled a 2
Pat's new location is 1
The category is Science
Science Question 4
Answer was corrent!!!!
Pat now has 5 Gold Coins.
Sue is the current player
They have rolled a 3
Sue's new location is 1
The category is Science
Science Question 5
Answer was corrent!!!!
Sue now has 3 Gold Coins.
Chet is the current player
They have rolled a 1
Chet's new location is 0
The category is Pop
Pop Question 3
Answer was corrent!!!!
Chet now has 5 Gold Coins.
Pat is the current player
They have rolled a 5
Pat's new location is 6
The category is Sports
Sports Question 3
Answer was corrent!!!!
Pat now has 6 Gold Coins.


Output 83:
Chet was added
They are player number 1
Pat was added
They are player number 2
Sue was added
They are player number 3
Chet is the current player
They have rolled a 2
Chet's new location is 2
The category is Sports
Sports Question 0
Answer was corrent!!!!
Chet now has 1 Gold Coins.
Pat is the current player
They have rolled a 4
Pat's new location is 4
The category is Pop
Pop Question 0
Question was incorrectly answered
Pat was sent to the penalty box
Sue is the current player
They have rolled a 4
Sue's new location is 4
The category is Pop
Pop Question 1
Answer was corrent!!!!
Sue now has 1 Gold Coins.
Chet is the current player
They have rolled a 5
Chet's new location is 7
The category is Rock
Rock Question 0
Answer was corrent!!!!
Chet now has 2 Gold Coins.
Pat is the current player
They have rolled a 3
Pat is getting out of the penalty box
Pat's new location is 7
The category is Rock
Rock Question 1
Answer was corrent!!!!
Pat now has 1 Gold Coins.
Sue is the current player
They have rolled a 1
Sue's new location is 5
The category is Science
Science Question 0
Answer was corrent!!!!
Sue now has 2 Gold Coins.
Chet is the current player
They have rolled a 5
Chet's new location is 0
The category is Pop
Pop Question 2
Answer was corrent!!!!
Chet now has 3 Gold Coins.
Pat is the current player
They have rolled a 1
Pat's new location is 8
The category is Pop
Pop Question 3
Answer was corrent!!!!
Pat now has 2 Gold Coins.
Sue is the current player
They have rolled a 2
Sue's new location is 7
The category is Rock
Rock Question 2
Answer was corrent!!!!
Sue now has 3 Gold Coins.
Chet is the current player
They have rolled a 4
Chet's new location is 4
The category is Pop
Pop Question 4
Answer was corrent!!!!
Chet now has 4 Gold Coins.
Pat is the current player
They have rolled a 3
Pat's new location is 11
The category is Rock
Rock Question 3
Answer was corrent!!!!
Pat now has 3 Gold Coins.
Sue is the current player
They have rolled a 4
Sue's new location is 11
The category is Rock
Rock Question 4
Answer was corrent!!!!
Sue now has 4 Gold Coins.
Chet is the current player
They have rolled a 1
Chet's new location is 5
The category is Science
Science Question 1
Answer was corrent!!!!
Chet now has 5 Gold Coins.
Pat is the current player
They have rolled a 5
Pat's new location is 4
The category is Pop
Pop Question 5
Question was incorrectly answered
Pat was sent to the penalty box
Sue is the current player
They have rolled a 4
Sue's new location is 3
The category is Rock
Rock Question 5
Answer was corrent!!!!
Sue now has 5 Gold Coins.
Chet is the current player
They have rolled a 4
Chet's new location is 9
The category is Science
Science Question 2
Answer was corrent!!!!
Chet now has 6 Gold Coins.


Output 84:
Chet was added
They are player number 1
Pat was added
They are player number 2
Sue was added
They are player number 3
Chet is the current player
They have rolled a 2
Chet's new location is 2
The category is Sports
Sports Question 0
Question was incorrectly answered
Chet was sent to the penalty box
Pat is the current player
They have rolled a 1
Pat's new location is 1
The category is Science
Science Question 0
Answer was corrent!!!!
Pat now has 1 Gold Coins.
Sue is the current player
They have rolled a 2
Sue's new location is 2
The category is Sports
Sports Question 1
Answer was corrent!!!!
Sue now has 1 Gold Coins.
Chet is the current player
They have rolled a 4
Chet is not getting out of the penalty box
Answer was corrent!!!!
Chet now has 1 Gold Coins.
Pat is the current player
They have rolled a 1
Pat's new location is 2
The category is Sports
Sports Question 2
Answer was corrent!!!!
Pat now has 2 Gold Coins.
Sue is the current player
They have rolled a 3
Sue's new location is 5
The category is Science
Science Question 1
Answer was corrent!!!!
Sue now has 2 Gold Coins.
Chet is the current player
They have rolled a 1
Chet is getting out of the penalty box
Chet's new location is 3
The category is Rock
Rock Question 0
Answer was corrent!!!!
Chet now has 2 Gold Coins.
Pat is the current player
They have rolled a 1
Pat's new location is 3
The category is Rock
Rock Question 1
Answer was corrent!!!!
Pat now has 3 Gold Coins.
Sue is the current player
They have rolled a 3
Sue's new location is 8
The category is Pop
Pop Question 0
Answer was corrent!!!!
Sue now has 3 Gold Coins.
Chet is the current player
They have rolled a 4
Chet's new location is 7
The category is Rock
Rock Question 2
Answer was corrent!!!!
Chet now has 3 Gold Coins.
Pat is the current player
They have rolled a 1
Pat's new location is 4
The category is Pop
Pop Question 1
Answer was corrent!!!!
Pat now has 4 Gold Coins.
Sue is the current player
They have rolled a 2
Sue's new location is 10
The category is Sports
Sports Question 3
Answer was corrent!!!!
Sue now has 4 Gold Coins.
Chet is the current player
They have rolled a 3
Chet's new location is 10
The category is Sports
Sports Question 4
Answer was corrent!!!!
Chet now has 4 Gold Coins.
Pat is the current player
They have rolled a 3
Pat's new location is 7
The category is Rock
Rock Question 3
Answer was corrent!!!!
Pat now has 5 Gold Coins.
Sue is the current player
They have rolled a 3
Sue's new location is 1
The category is Science
Science Question 2
Answer was corrent!!!!
Sue now has 5 Gold Coins.
Chet is the current player
They have rolled a 4
Chet's new location is 2
The category is Sports
Sports Question 5
Answer was corrent!!!!
Chet now has 5 Gold Coins.
Pat is the current player
They have rolled a 5
Pat's new location is 0
The category is Pop
Pop Question 2
Answer was corrent!!!!
Pat now has 6 Gold Coins.


Output 85:
Chet was added
They are player number 1
Pat was added
They are player number 2
Sue was added
They are player number 3
Chet is the current player
They have rolled a 2
Chet's new location is 2
The category is Sports
Sports Question 0
Answer was corrent!!!!
Chet now has 1 Gold Coins.
Pat is the current player
They have rolled a 2
Pat's new location is 2
The category is Sports
Sports Question 1
Answer was corrent!!!!
Pat now has 1 Gold Coins.
Sue is the current player
They have rolled a 3
Sue's new location is 3
The category is Rock
Rock Question 0
Answer was corrent!!!!
Sue now has 1 Gold Coins.
Chet is the current player
They have rolled a 1
Chet's new location is 3
The category is Rock
Rock Question 1
Answer was corrent!!!!
Chet now has 2 Gold Coins.
Pat is the current player
They have rolled a 3
Pat's new location is 5
The category is Science
Science Question 0
Answer was corrent!!!!
Pat now has 2 Gold Coins.
Sue is the current player
They have rolled a 1
Sue's new location is 4
The category is Pop
Pop Question 0
Answer was corrent!!!!
Sue now has 2 Gold Coins.
Chet is the current player
They have rolled a 4
Chet's new location is 7
The category is Rock
Rock Question 2
Question was incorrectly answered
Chet was sent to the penalty box
Pat is the current player
They have rolled a 2
Pat's new location is 7
The category is Rock
Rock Question 3
Question was incorrectly answered
Pat was sent to the penalty box
Sue is the current player
They have rolled a 1
Sue's new location is 5
The category is Science
Science Question 1
Answer was corrent!!!!
Sue now has 3 Gold Coins.
Chet is the current player
They have rolled a 3
Chet is getting out of the penalty box
Chet's new location is 10
The category is Sports
Sports Question 2
Answer was corrent!!!!
Chet now has 3 Gold Coins.
Pat is the current player
They have rolled a 4
Pat is not getting out of the penalty box
Answer was corrent!!!!
Pat now has 3 Gold Coins.
Sue is the current player
They have rolled a 1
Sue's new location is 6
The category is Sports
Sports Question 3
Answer was corrent!!!!
Sue now has 4 Gold Coins.
Chet is the current player
They have rolled a 5
Chet's new location is 3
The category is Rock
Rock Question 4
Answer was corrent!!!!
Chet now has 4 Gold Coins.
Pat is the current player
They have rolled a 2
Pat is not getting out of the penalty box
Question was incorrectly answered
Pat was sent to the penalty box
Sue is the current player
They have rolled a 4
Sue's new location is 10
The category is Sports
Sports Question 4
Answer was corrent!!!!
Sue now has 5 Gold Coins.
Chet is the current player
They have rolled a 3
Chet's new location is 6
The category is Sports
Sports Question 5
Answer was corrent!!!!
Chet now has 5 Gold Coins.
Pat is the current player
They have rolled a 3
Pat is getting out of the penalty box
Pat's new location is 10
The category is Sports
Sports Question 6
Answer was corrent!!!!
Pat now has 4 Gold Coins.
Sue is the current player
They have rolled a 2
Sue's new location is 0
The category is Pop
Pop Question 1
Question was incorrectly answered
Sue was sent to the penalty box
Chet is the current player
They have rolled a 3
Chet's new location is 9
The category is Science
Science Question 2
Answer was corrent!!!!
Chet now has 6 Gold Coins.


Output 86:
Chet was added
They are player number 1
Pat was added
They are player number 2
Sue was added
They are player number 3
Chet is the current player
They have rolled a 1
Chet's new location is 1
The category is Science
Science Question 0
Answer was corrent!!!!
Chet now has 1 Gold Coins.
Pat is the current player
They have rolled a 5
Pat's new location is 5
The category is Science
Science Question 1
Answer was corrent!!!!
Pat now has 1 Gold Coins.
Sue is the current player
They have rolled a 2
Sue's new location is 2
The category is Sports
Sports Question 0
Answer was corrent!!!!
Sue now has 1 Gold Coins.
Chet is the current player
They have rolled a 1
Chet's new location is 2
The category is Sports
Sports Question 1
Answer was corrent!!!!
Chet now has 2 Gold Coins.
Pat is the current player
They have rolled a 1
Pat's new location is 6
The category is Sports
Sports Question 2
Answer was corrent!!!!
Pat now has 2 Gold Coins.
Sue is the current player
They have rolled a 3
Sue's new location is 5
The category is Science
Science Question 2
Question was incorrectly answered
Sue was sent to the penalty box
Chet is the current player
They have rolled a 5
Chet's new location is 7
The category is Rock
Rock Question 0
Answer was corrent!!!!
Chet now has 3 Gold Coins.
Pat is the current player
They have rolled a 3
Pat's new location is 9
The category is Science
Science Question 3
Answer was corrent!!!!
Pat now has 3 Gold Coins.
Sue is the current player
They have rolled a 3
Sue is getting out of the penalty box
Sue's new location is 8
The category is Pop
Pop Question 0
Answer was corrent!!!!
Sue now has 2 Gold Coins.
Chet is the current player
They have rolled a 2
Chet's new location is 9
The category is Science
Science Question 4
Answer was corrent!!!!
Chet now has 4 Gold Coins.
Pat is the current player
They have rolled a 2
Pat's new location is 11
The category is Rock
Rock Question 1
Answer was corrent!!!!
Pat now has 4 Gold Coins.
Sue is the current player
They have rolled a 5
Sue's new location is 1
The category is Science
Science Question 5
Answer was corrent!!!!
Sue now has 3 Gold Coins.
Chet is the current player
They have rolled a 2
Chet's new location is 11
The category is Rock
Rock Question 2
Answer was corrent!!!!
Chet now has 5 Gold Coins.
Pat is the current player
They have rolled a 5
Pat's new location is 4
The category is Pop
Pop Question 1
Answer was corrent!!!!
Pat now has 5 Gold Coins.
Sue is the current player
They have rolled a 4
Sue's new location is 5
The category is Science
Science Question 6
Answer was corrent!!!!
Sue now has 4 Gold Coins.
Chet is the current player
They have rolled a 1
Chet's new location is 0
The category is Pop
Pop Question 2
Question was incorrectly answered
Chet was sent to the penalty box
Pat is the current player
They have rolled a 3
Pat's new location is 7
The category is Rock
Rock Question 3
Answer was corrent!!!!
Pat now has 6 Gold Coins.


Output 87:
Chet was added
They are player number 1
Pat was added
They are player number 2
Sue was added
They are player number 3
Chet is the current player
They have rolled a 3
Chet's new location is 3
The category is Rock
Rock Question 0
Answer was corrent!!!!
Chet now has 1 Gold Coins.
Pat is the current player
They have rolled a 2
Pat's new location is 2
The category is Sports
Sports Question 0
Answer was corrent!!!!
Pat now has 1 Gold Coins.
Sue is the current player
They have rolled a 2
Sue's new location is 2
The category is Sports
Sports Question 1
Answer was corrent!!!!
Sue now has 1 Gold Coins.
Chet is the current player
They have rolled a 3
Chet's new location is 6
The category is Sports
Sports Question 2
Answer was corrent!!!!
Chet now has 2 Gold Coins.
Pat is the current player
They have rolled a 1
Pat's new location is 3
The category is Rock
Rock Question 1
Question was incorrectly answered
Pat was sent to the penalty box
Sue is the current player
They have rolled a 5
Sue's new location is 7
The category is Rock
Rock Question 2
Answer was corrent!!!!
Sue now has 2 Gold Coins.
Chet is the current player
They have rolled a 3
Chet's new location is 9
The category is Science
Science Question 0
Answer was corrent!!!!
Chet now has 3 Gold Coins.
Pat is the current player
They have rolled a 2
Pat is not getting out of the penalty box
Answer was corrent!!!!
Pat now has 2 Gold Coins.
Sue is the current player
They have rolled a 4
Sue's new location is 11
The category is Rock
Rock Question 3
Answer was corrent!!!!
Sue now has 3 Gold Coins.
Chet is the current player
They have rolled a 3
Chet's new location is 0
The category is Pop
Pop Question 0
Answer was corrent!!!!
Chet now has 4 Gold Coins.
Pat is the current player
They have rolled a 1
Pat is getting out of the penalty box
Pat's new location is 4
The category is Pop
Pop Question 1
Answer was corrent!!!!
Pat now has 3 Gold Coins.
Sue is the current player
They have rolled a 2
Sue's new location is 1
The category is Science
Science Question 1
Question was incorrectly answered
Sue was sent to the penalty box
Chet is the current player
They have rolled a 3
Chet's new location is 3
The category is Rock
Rock Question 4
Answer was corrent!!!!
Chet now has 5 Gold Coins.
Pat is the current player
They have rolled a 1
Pat's new location is 5
The category is Science
Science Question 2
Question was incorrectly answered
Pat was sent to the penalty box
Sue is the current player
They have rolled a 5
Sue is getting out of the penalty box
Sue's new location is 6
The category is Sports
Sports Question 3
Answer was corrent!!!!
Sue now has 4 Gold Coins.
Chet is the current player
They have rolled a 5
Chet's new location is 8
The category is Pop
Pop Question 2
Answer was corrent!!!!
Chet now has 6 Gold Coins.


Output 88:
Chet was added
They are player number 1
Pat was added
They are player number 2
Sue was added
They are player number 3
Chet is the current player
They have rolled a 3
Chet's new location is 3
The category is Rock
Rock Question 0
Answer was corrent!!!!
Chet now has 1 Gold Coins.
Pat is the current player
They have rolled a 1
Pat's new location is 1
The category is Science
Science Question 0
Answer was corrent!!!!
Pat now has 1 Gold Coins.
Sue is the current player
They have rolled a 1
Sue's new location is 1
The category is Science
Science Question 1
Answer was corrent!!!!
Sue now has 1 Gold Coins.
Chet is the current player
They have rolled a 1
Chet's new location is 4
The category is Pop
Pop Question 0
Answer was corrent!!!!
Chet now has 2 Gold Coins.
Pat is the current player
They have rolled a 3
Pat's new location is 4
The category is Pop
Pop Question 1
Answer was corrent!!!!
Pat now has 2 Gold Coins.
Sue is the current player
They have rolled a 5
Sue's new location is 6
The category is Sports
Sports Question 0
Question was incorrectly answered
Sue was sent to the penalty box
Chet is the current player
They have rolled a 3
Chet's new location is 7
The category is Rock
Rock Question 1
Answer was corrent!!!!
Chet now has 3 Gold Coins.
Pat is the current player
They have rolled a 3
Pat's new location is 7
The category is Rock
Rock Question 2
Answer was corrent!!!!
Pat now has 3 Gold Coins.
Sue is the current player
They have rolled a 3
Sue is getting out of the penalty box
Sue's new location is 9
The category is Science
Science Question 2
Answer was corrent!!!!
Sue now has 2 Gold Coins.
Chet is the current player
They have rolled a 5
Chet's new location is 0
The category is Pop
Pop Question 2
Answer was corrent!!!!
Chet now has 4 Gold Coins.
Pat is the current player
They have rolled a 3
Pat's new location is 10
The category is Sports
Sports Question 1
Answer was corrent!!!!
Pat now has 4 Gold Coins.
Sue is the current player
They have rolled a 2
Sue's new location is 11
The category is Rock
Rock Question 3
Answer was corrent!!!!
Sue now has 3 Gold Coins.
Chet is the current player
They have rolled a 5
Chet's new location is 5
The category is Science
Science Question 3
Answer was corrent!!!!
Chet now has 5 Gold Coins.
Pat is the current player
They have rolled a 1
Pat's new location is 11
The category is Rock
Rock Question 4
Question was incorrectly answered
Pat was sent to the penalty box
Sue is the current player
They have rolled a 3
Sue's new location is 2
The category is Sports
Sports Question 2
Answer was corrent!!!!
Sue now has 4 Gold Coins.
Chet is the current player
They have rolled a 5
Chet's new location is 10
The category is Sports
Sports Question 3
Answer was corrent!!!!
Chet now has 6 Gold Coins.


Output 89:
Chet was added
They are player number 1
Pat was added
They are player number 2
Sue was added
They are player number 3
Chet is the current player
They have rolled a 1
Chet's new location is 1
The category is Science
Science Question 0
Answer was corrent!!!!
Chet now has 1 Gold Coins.
Pat is the current player
They have rolled a 3
Pat's new location is 3
The category is Rock
Rock Question 0
Question was incorrectly answered
Pat was sent to the penalty box
Sue is the current player
They have rolled a 2
Sue's new location is 2
The category is Sports
Sports Question 0
Answer was corrent!!!!
Sue now has 1 Gold Coins.
Chet is the current player
They have rolled a 2
Chet's new location is 3
The category is Rock
Rock Question 1
Answer was corrent!!!!
Chet now has 2 Gold Coins.
Pat is the current player
They have rolled a 2
Pat is not getting out of the penalty box
Answer was corrent!!!!
Pat now has 1 Gold Coins.
Sue is the current player
They have rolled a 3
Sue's new location is 5
The category is Science
Science Question 1
Answer was corrent!!!!
Sue now has 2 Gold Coins.
Chet is the current player
They have rolled a 5
Chet's new location is 8
The category is Pop
Pop Question 0
Answer was corrent!!!!
Chet now has 3 Gold Coins.
Pat is the current player
They have rolled a 1
Pat is getting out of the penalty box
Pat's new location is 4
The category is Pop
Pop Question 1
Question was incorrectly answered
Pat was sent to the penalty box
Sue is the current player
They have rolled a 3
Sue's new location is 8
The category is Pop
Pop Question 2
Answer was corrent!!!!
Sue now has 3 Gold Coins.
Chet is the current player
They have rolled a 3
Chet's new location is 11
The category is Rock
Rock Question 2
Question was incorrectly answered
Chet was sent to the penalty box
Pat is the current player
They have rolled a 4
Pat is not getting out of the penalty box
Answer was corrent!!!!
Pat now has 2 Gold Coins.
Sue is the current player
They have rolled a 1
Sue's new location is 9
The category is Science
Science Question 2
Answer was corrent!!!!
Sue now has 4 Gold Coins.
Chet is the current player
They have rolled a 3
Chet is getting out of the penalty box
Chet's new location is 2
The category is Sports
Sports Question 1
Answer was corrent!!!!
Chet now has 4 Gold Coins.
Pat is the current player
They have rolled a 5
Pat is getting out of the penalty box
Pat's new location is 9
The category is Science
Science Question 3
Answer was corrent!!!!
Pat now has 3 Gold Coins.
Sue is the current player
They have rolled a 1
Sue's new location is 10
The category is Sports
Sports Question 2
Answer was corrent!!!!
Sue now has 5 Gold Coins.
Chet is the current player
They have rolled a 1
Chet's new location is 3
The category is Rock
Rock Question 3
Answer was corrent!!!!
Chet now has 5 Gold Coins.
Pat is the current player
They have rolled a 4
Pat's new location is 1
The category is Science
Science Question 4
Answer was corrent!!!!
Pat now has 4 Gold Coins.
Sue is the current player
They have rolled a 1
Sue's new location is 11
The category is Rock
Rock Question 4
Answer was corrent!!!!
Sue now has 6 Gold Coins.


Output 90:
Chet was added
They are player number 1
Pat was added
They are player number 2
Sue was added
They are player number 3
Chet is the current player
They have rolled a 1
Chet's new location is 1
The category is Science
Science Question 0
Answer was corrent!!!!
Chet now has 1 Gold Coins.
Pat is the current player
They have rolled a 5
Pat's new location is 5
The category is Science
Science Question 1
Answer was corrent!!!!
Pat now has 1 Gold Coins.
Sue is the current player
They have rolled a 5
Sue's new location is 5
The category is Science
Science Question 2
Answer was corrent!!!!
Sue now has 1 Gold Coins.
Chet is the current player
They have rolled a 1
Chet's new location is 2
The category is Sports
Sports Question 0
Answer was corrent!!!!
Chet now has 2 Gold Coins.
Pat is the current player
They have rolled a 5
Pat's new location is 10
The category is Sports
Sports Question 1
Question was incorrectly answered
Pat was sent to the penalty box
Sue is the current player
They have rolled a 2
Sue's new location is 7
The category is Rock
Rock Question 0
Answer was corrent!!!!
Sue now has 2 Gold Coins.
Chet is the current player
They have rolled a 4
Chet's new location is 6
The category is Sports
Sports Question 2
Answer was corrent!!!!
Chet now has 3 Gold Coins.
Pat is the current player
They have rolled a 4
Pat is not getting out of the penalty box
Answer was corrent!!!!
Pat now has 2 Gold Coins.
Sue is the current player
They have rolled a 2
Sue's new location is 9
The category is Science
Science Question 3
Answer was corrent!!!!
Sue now has 3 Gold Coins.
Chet is the current player
They have rolled a 5
Chet's new location is 11
The category is Rock
Rock Question 1
Answer was corrent!!!!
Chet now has 4 Gold Coins.
Pat is the current player
They have rolled a 4
Pat is not getting out of the penalty box
Question was incorrectly answered
Pat was sent to the penalty box
Sue is the current player
They have rolled a 2
Sue's new location is 11
The category is Rock
Rock Question 2
Question was incorrectly answered
Sue was sent to the penalty box
Chet is the current player
They have rolled a 4
Chet's new location is 3
The category is Rock
Rock Question 3
Answer was corrent!!!!
Chet now has 5 Gold Coins.
Pat is the current player
They have rolled a 1
Pat is getting out of the penalty box
Pat's new location is 11
The category is Rock
Rock Question 4
Answer was corrent!!!!
Pat now has 3 Gold Coins.
Sue is the current player
They have rolled a 2
Sue is not getting out of the penalty box
Answer was corrent!!!!
Sue now has 4 Gold Coins.
Chet is the current player
They have rolled a 3
Chet's new location is 6
The category is Sports
Sports Question 3
Answer was corrent!!!!
Chet now has 6 Gold Coins.


Output 91:
Chet was added
They are player number 1
Pat was added
They are player number 2
Sue was added
They are player number 3
Chet is the current player
They have rolled a 4
Chet's new location is 4
The category is Pop
Pop Question 0
Question was incorrectly answered
Chet was sent to the penalty box
Pat is the current player
They have rolled a 4
Pat's new location is 4
The category is Pop
Pop Question 1
Answer was corrent!!!!
Pat now has 1 Gold Coins.
Sue is the current player
They have rolled a 5
Sue's new location is 5
The category is Science
Science Question 0
Question was incorrectly answered
Sue was sent to the penalty box
Chet is the current player
They have rolled a 1
Chet is getting out of the penalty box
Chet's new location is 5
The category is Science
Science Question 1
Answer was corrent!!!!
Chet now has 1 Gold Coins.
Pat is the current player
They have rolled a 3
Pat's new location is 7
The category is Rock
Rock Question 0
Answer was corrent!!!!
Pat now has 2 Gold Coins.
Sue is the current player
They have rolled a 2
Sue is not getting out of the penalty box
Answer was corrent!!!!
Sue now has 1 Gold Coins.
Chet is the current player
They have rolled a 2
Chet's new location is 7
The category is Rock
Rock Question 1
Answer was corrent!!!!
Chet now has 2 Gold Coins.
Pat is the current player
They have rolled a 4
Pat's new location is 11
The category is Rock
Rock Question 2
Answer was corrent!!!!
Pat now has 3 Gold Coins.
Sue is the current player
They have rolled a 5
Sue is getting out of the penalty box
Sue's new location is 10
The category is Sports
Sports Question 0
Answer was corrent!!!!
Sue now has 2 Gold Coins.
Chet is the current player
They have rolled a 1
Chet's new location is 8
The category is Pop
Pop Question 2
Answer was corrent!!!!
Chet now has 3 Gold Coins.
Pat is the current player
They have rolled a 5
Pat's new location is 4
The category is Pop
Pop Question 3
Answer was corrent!!!!
Pat now has 4 Gold Coins.
Sue is the current player
They have rolled a 2
Sue's new location is 0
The category is Pop
Pop Question 4
Answer was corrent!!!!
Sue now has 3 Gold Coins.
Chet is the current player
They have rolled a 3
Chet's new location is 11
The category is Rock
Rock Question 3
Answer was corrent!!!!
Chet now has 4 Gold Coins.
Pat is the current player
They have rolled a 3
Pat's new location is 7
The category is Rock
Rock Question 4
Answer was corrent!!!!
Pat now has 5 Gold Coins.
Sue is the current player
They have rolled a 2
Sue's new location is 2
The category is Sports
Sports Question 1
Answer was corrent!!!!
Sue now has 4 Gold Coins.
Chet is the current player
They have rolled a 1
Chet's new location is 0
The category is Pop
Pop Question 5
Answer was corrent!!!!
Chet now has 5 Gold Coins.
Pat is the current player
They have rolled a 4
Pat's new location is 11
The category is Rock
Rock Question 5
Answer was corrent!!!!
Pat now has 6 Gold Coins.


Output 92:
Chet was added
They are player number 1
Pat was added
They are player number 2
Sue was added
They are player number 3
Chet is the current player
They have rolled a 2
Chet's new location is 2
The category is Sports
Sports Question 0
Answer was corrent!!!!
Chet now has 1 Gold Coins.
Pat is the current player
They have rolled a 1
Pat's new location is 1
The category is Science
Science Question 0
Answer was corrent!!!!
Pat now has 1 Gold Coins.
Sue is the current player
They have rolled a 4
Sue's new location is 4
The category is Pop
Pop Question 0
Answer was corrent!!!!
Sue now has 1 Gold Coins.
Chet is the current player
They have rolled a 1
Chet's new location is 3
The category is Rock
Rock Question 0
Question was incorrectly answered
Chet was sent to the penalty box
Pat is the current player
They have rolled a 2
Pat's new location is 3
The category is Rock
Rock Question 1
Answer was corrent!!!!
Pat now has 2 Gold Coins.
Sue is the current player
They have rolled a 3
Sue's new location is 7
The category is Rock
Rock Question 2
Answer was corrent!!!!
Sue now has 2 Gold Coins.
Chet is the current player
They have rolled a 4
Chet is not getting out of the penalty box
Question was incorrectly answered
Chet was sent to the penalty box
Pat is the current player
They have rolled a 5
Pat's new location is 8
The category is Pop
Pop Question 1
Answer was corrent!!!!
Pat now has 3 Gold Coins.
Sue is the current player
They have rolled a 5
Sue's new location is 0
The category is Pop
Pop Question 2
Answer was corrent!!!!
Sue now has 3 Gold Coins.
Chet is the current player
They have rolled a 3
Chet is getting out of the penalty box
Chet's new location is 6
The category is Sports
Sports Question 1
Answer was corrent!!!!
Chet now has 2 Gold Coins.
Pat is the current player
They have rolled a 4
Pat's new location is 0
The category is Pop
Pop Question 3
Answer was corrent!!!!
Pat now has 4 Gold Coins.
Sue is the current player
They have rolled a 3
Sue's new location is 3
The category is Rock
Rock Question 3
Answer was corrent!!!!
Sue now has 4 Gold Coins.
Chet is the current player
They have rolled a 3
Chet's new location is 9
The category is Science
Science Question 1
Answer was corrent!!!!
Chet now has 3 Gold Coins.
Pat is the current player
They have rolled a 1
Pat's new location is 1
The category is Science
Science Question 2
Answer was corrent!!!!
Pat now has 5 Gold Coins.
Sue is the current player
They have rolled a 4
Sue's new location is 7
The category is Rock
Rock Question 4
Answer was corrent!!!!
Sue now has 5 Gold Coins.
Chet is the current player
They have rolled a 5
Chet's new location is 2
The category is Sports
Sports Question 2
Answer was corrent!!!!
Chet now has 4 Gold Coins.
Pat is the current player
They have rolled a 2
Pat's new location is 3
The category is Rock
Rock Question 5
Answer was corrent!!!!
Pat now has 6 Gold Coins.


Output 93:
Chet was added
They are player number 1
Pat was added
They are player number 2
Sue was added
They are player number 3
Chet is the current player
They have rolled a 4
Chet's new location is 4
The category is Pop
Pop Question 0
Answer was corrent!!!!
Chet now has 1 Gold Coins.
Pat is the current player
They have rolled a 2
Pat's new location is 2
The category is Sports
Sports Question 0
Answer was corrent!!!!
Pat now has 1 Gold Coins.
Sue is the current player
They have rolled a 3
Sue's new location is 3
The category is Rock
Rock Question 0
Answer was corrent!!!!
Sue now has 1 Gold Coins.
Chet is the current player
They have rolled a 4
Chet's new location is 8
The category is Pop
Pop Question 1
Answer was corrent!!!!
Chet now has 2 Gold Coins.
Pat is the current player
They have rolled a 4
Pat's new location is 6
The category is Sports
Sports Question 1
Answer was corrent!!!!
Pat now has 2 Gold Coins.
Sue is the current player
They have rolled a 3
Sue's new location is 6
The category is Sports
Sports Question 2
Question was incorrectly answered
Sue was sent to the penalty box
Chet is the current player
They have rolled a 2
Chet's new location is 10
The category is Sports
Sports Question 3
Answer was corrent!!!!
Chet now has 3 Gold Coins.
Pat is the current player
They have rolled a 4
Pat's new location is 10
The category is Sports
Sports Question 4
Answer was corrent!!!!
Pat now has 3 Gold Coins.
Sue is the current player
They have rolled a 2
Sue is not getting out of the penalty box
Answer was corrent!!!!
Sue now has 2 Gold Coins.
Chet is the current player
They have rolled a 2
Chet's new location is 0
The category is Pop
Pop Question 2
Question was incorrectly answered
Chet was sent to the penalty box
Pat is the current player
They have rolled a 1
Pat's new location is 11
The category is Rock
Rock Question 1
Answer was corrent!!!!
Pat now has 4 Gold Coins.
Sue is the current player
They have rolled a 3
Sue is getting out of the penalty box
Sue's new location is 9
The category is Science
Science Question 0
Answer was corrent!!!!
Sue now has 3 Gold Coins.
Chet is the current player
They have rolled a 4
Chet is not getting out of the penalty box
Answer was corrent!!!!
Chet now has 4 Gold Coins.
Pat is the current player
They have rolled a 5
Pat's new location is 4
The category is Pop
Pop Question 3
Answer was corrent!!!!
Pat now has 5 Gold Coins.
Sue is the current player
They have rolled a 1
Sue's new location is 10
The category is Sports
Sports Question 5
Answer was corrent!!!!
Sue now has 4 Gold Coins.
Chet is the current player
They have rolled a 3
Chet is getting out of the penalty box
Chet's new location is 3
The category is Rock
Rock Question 2
Answer was corrent!!!!
Chet now has 5 Gold Coins.
Pat is the current player
They have rolled a 2
Pat's new location is 6
The category is Sports
Sports Question 6
Answer was corrent!!!!
Pat now has 6 Gold Coins.


Output 94:
Chet was added
They are player number 1
Pat was added
They are player number 2
Sue was added
They are player number 3
Chet is the current player
They have rolled a 2
Chet's new location is 2
The category is Sports
Sports Question 0
Answer was corrent!!!!
Chet now has 1 Gold Coins.
Pat is the current player
They have rolled a 1
Pat's new location is 1
The category is Science
Science Question 0
Answer was corrent!!!!
Pat now has 1 Gold Coins.
Sue is the current player
They have rolled a 4
Sue's new location is 4
The category is Pop
Pop Question 0
Answer was corrent!!!!
Sue now has 1 Gold Coins.
Chet is the current player
They have rolled a 5
Chet's new location is 7
The category is Rock
Rock Question 0
Answer was corrent!!!!
Chet now has 2 Gold Coins.
Pat is the current player
They have rolled a 1
Pat's new location is 2
The category is Sports
Sports Question 1
Question was incorrectly answered
Pat was sent to the penalty box
Sue is the current player
They have rolled a 2
Sue's new location is 6
The category is Sports
Sports Question 2
Answer was corrent!!!!
Sue now has 2 Gold Coins.
Chet is the current player
They have rolled a 1
Chet's new location is 8
The category is Pop
Pop Question 1
Answer was corrent!!!!
Chet now has 3 Gold Coins.
Pat is the current player
They have rolled a 3
Pat is getting out of the penalty box
Pat's new location is 5
The category is Science
Science Question 1
Answer was corrent!!!!
Pat now has 2 Gold Coins.
Sue is the current player
They have rolled a 4
Sue's new location is 10
The category is Sports
Sports Question 3
Answer was corrent!!!!
Sue now has 3 Gold Coins.
Chet is the current player
They have rolled a 3
Chet's new location is 11
The category is Rock
Rock Question 1
Question was incorrectly answered
Chet was sent to the penalty box
Pat is the current player
They have rolled a 1
Pat's new location is 6
The category is Sports
Sports Question 4
Answer was corrent!!!!
Pat now has 3 Gold Coins.
Sue is the current player
They have rolled a 1
Sue's new location is 11
The category is Rock
Rock Question 2
Answer was corrent!!!!
Sue now has 4 Gold Coins.
Chet is the current player
They have rolled a 5
Chet is getting out of the penalty box
Chet's new location is 4
The category is Pop
Pop Question 2
Answer was corrent!!!!
Chet now has 4 Gold Coins.
Pat is the current player
They have rolled a 4
Pat's new location is 10
The category is Sports
Sports Question 5
Answer was corrent!!!!
Pat now has 4 Gold Coins.
Sue is the current player
They have rolled a 3
Sue's new location is 2
The category is Sports
Sports Question 6
Answer was corrent!!!!
Sue now has 5 Gold Coins.
Chet is the current player
They have rolled a 5
Chet's new location is 9
The category is Science
Science Question 2
Question was incorrectly answered
Chet was sent to the penalty box
Pat is the current player
They have rolled a 4
Pat's new location is 2
The category is Sports
Sports Question 7
Answer was corrent!!!!
Pat now has 5 Gold Coins.
Sue is the current player
They have rolled a 2
Sue's new location is 4
The category is Pop
Pop Question 3
Answer was corrent!!!!
Sue now has 6 Gold Coins.


Output 95:
Chet was added
They are player number 1
Pat was added
They are player number 2
Sue was added
They are player number 3
Chet is the current player
They have rolled a 2
Chet's new location is 2
The category is Sports
Sports Question 0
Answer was corrent!!!!
Chet now has 1 Gold Coins.
Pat is the current player
They have rolled a 3
Pat's new location is 3
The category is Rock
Rock Question 0
Answer was corrent!!!!
Pat now has 1 Gold Coins.
Sue is the current player
They have rolled a 1
Sue's new location is 1
The category is Science
Science Question 0
Answer was corrent!!!!
Sue now has 1 Gold Coins.
Chet is the current player
They have rolled a 3
Chet's new location is 5
The category is Science
Science Question 1
Question was incorrectly answered
Chet was sent to the penalty box
Pat is the current player
They have rolled a 4
Pat's new location is 7
The category is Rock
Rock Question 1
Answer was corrent!!!!
Pat now has 2 Gold Coins.
Sue is the current player
They have rolled a 3
Sue's new location is 4
The category is Pop
Pop Question 0
Answer was corrent!!!!
Sue now has 2 Gold Coins.
Chet is the current player
They have rolled a 4
Chet is not getting out of the penalty box
Answer was corrent!!!!
Chet now has 2 Gold Coins.
Pat is the current player
They have rolled a 3
Pat's new location is 10
The category is Sports
Sports Question 1
Answer was corrent!!!!
Pat now has 3 Gold Coins.
Sue is the current player
They have rolled a 4
Sue's new location is 8
The category is Pop
Pop Question 1
Question was incorrectly answered
Sue was sent to the penalty box
Chet is the current player
They have rolled a 4
Chet is not getting out of the penalty box
Question was incorrectly answered
Chet was sent to the penalty box
Pat is the current player
They have rolled a 2
Pat's new location is 0
The category is Pop
Pop Question 2
Answer was corrent!!!!
Pat now has 4 Gold Coins.
Sue is the current player
They have rolled a 1
Sue is getting out of the penalty box
Sue's new location is 9
The category is Science
Science Question 2
Question was incorrectly answered
Sue was sent to the penalty box
Chet is the current player
They have rolled a 3
Chet is getting out of the penalty box
Chet's new location is 8
The category is Pop
Pop Question 3
Answer was corrent!!!!
Chet now has 3 Gold Coins.
Pat is the current player
They have rolled a 4
Pat's new location is 4
The category is Pop
Pop Question 4
Answer was corrent!!!!
Pat now has 5 Gold Coins.
Sue is the current player
They have rolled a 2
Sue is not getting out of the penalty box
Answer was corrent!!!!
Sue now has 3 Gold Coins.
Chet is the current player
They have rolled a 1
Chet's new location is 9
The category is Science
Science Question 3
Answer was corrent!!!!
Chet now has 4 Gold Coins.
Pat is the current player
They have rolled a 5
Pat's new location is 9
The category is Science
Science Question 4
Answer was corrent!!!!
Pat now has 6 Gold Coins.


Output 96:
Chet was added
They are player number 1
Pat was added
They are player number 2
Sue was added
They are player number 3
Chet is the current player
They have rolled a 4
Chet's new location is 4
The category is Pop
Pop Question 0
Answer was corrent!!!!
Chet now has 1 Gold Coins.
Pat is the current player
They have rolled a 5
Pat's new location is 5
The category is Science
Science Question 0
Answer was corrent!!!!
Pat now has 1 Gold Coins.
Sue is the current player
They have rolled a 1
Sue's new location is 1
The category is Science
Science Question 1
Answer was corrent!!!!
Sue now has 1 Gold Coins.
Chet is the current player
They have rolled a 4
Chet's new location is 8
The category is Pop
Pop Question 1
Answer was corrent!!!!
Chet now has 2 Gold Coins.
Pat is the current player
They have rolled a 3
Pat's new location is 8
The category is Pop
Pop Question 2
Answer was corrent!!!!
Pat now has 2 Gold Coins.
Sue is the current player
They have rolled a 2
Sue's new location is 3
The category is Rock
Rock Question 0
Question was incorrectly answered
Sue was sent to the penalty box
Chet is the current player
They have rolled a 1
Chet's new location is 9
The category is Science
Science Question 2
Answer was corrent!!!!
Chet now has 3 Gold Coins.
Pat is the current player
They have rolled a 5
Pat's new location is 1
The category is Science
Science Question 3
Answer was corrent!!!!
Pat now has 3 Gold Coins.
Sue is the current player
They have rolled a 3
Sue is getting out of the penalty box
Sue's new location is 6
The category is Sports
Sports Question 0
Answer was corrent!!!!
Sue now has 2 Gold Coins.
Chet is the current player
They have rolled a 1
Chet's new location is 10
The category is Sports
Sports Question 1
Question was incorrectly answered
Chet was sent to the penalty box
Pat is the current player
They have rolled a 1
Pat's new location is 2
The category is Sports
Sports Question 2
Answer was corrent!!!!
Pat now has 4 Gold Coins.
Sue is the current player
They have rolled a 2
Sue's new location is 8
The category is Pop
Pop Question 3
Answer was corrent!!!!
Sue now has 3 Gold Coins.
Chet is the current player
They have rolled a 1
Chet is getting out of the penalty box
Chet's new location is 11
The category is Rock
Rock Question 1
Answer was corrent!!!!
Chet now has 4 Gold Coins.
Pat is the current player
They have rolled a 4
Pat's new location is 6
The category is Sports
Sports Question 3
Answer was corrent!!!!
Pat now has 5 Gold Coins.
Sue is the current player
They have rolled a 3
Sue's new location is 11
The category is Rock
Rock Question 2
Question was incorrectly answered
Sue was sent to the penalty box
Chet is the current player
They have rolled a 2
Chet's new location is 1
The category is Science
Science Question 4
Answer was corrent!!!!
Chet now has 5 Gold Coins.
Pat is the current player
They have rolled a 3
Pat's new location is 9
The category is Science
Science Question 5
Answer was corrent!!!!
Pat now has 6 Gold Coins.


Output 97:
Chet was added
They are player number 1
Pat was added
They are player number 2
Sue was added
They are player number 3
Chet is the current player
They have rolled a 2
Chet's new location is 2
The category is Sports
Sports Question 0
Answer was corrent!!!!
Chet now has 1 Gold Coins.
Pat is the current player
They have rolled a 3
Pat's new location is 3
The category is Rock
Rock Question 0
Answer was corrent!!!!
Pat now has 1 Gold Coins.
Sue is the current player
They have rolled a 3
Sue's new location is 3
The category is Rock
Rock Question 1
Answer was corrent!!!!
Sue now has 1 Gold Coins.
Chet is the current player
They have rolled a 3
Chet's new location is 5
The category is Science
Science Question 0
Answer was corrent!!!!
Chet now has 2 Gold Coins.
Pat is the current player
They have rolled a 1
Pat's new location is 4
The category is Pop
Pop Question 0
Answer was corrent!!!!
Pat now has 2 Gold Coins.
Sue is the current player
They have rolled a 5
Sue's new location is 8
The category is Pop
Pop Question 1
Question was incorrectly answered
Sue was sent to the penalty box
Chet is the current player
They have rolled a 2
Chet's new location is 7
The category is Rock
Rock Question 2
Answer was corrent!!!!
Chet now has 3 Gold Coins.
Pat is the current player
They have rolled a 2
Pat's new location is 6
The category is Sports
Sports Question 1
Answer was corrent!!!!
Pat now has 3 Gold Coins.
Sue is the current player
They have rolled a 3
Sue is getting out of the penalty box
Sue's new location is 11
The category is Rock
Rock Question 3
Answer was corrent!!!!
Sue now has 2 Gold Coins.
Chet is the current player
They have rolled a 1
Chet's new location is 8
The category is Pop
Pop Question 2
Answer was corrent!!!!
Chet now has 4 Gold Coins.
Pat is the current player
They have rolled a 3
Pat's new location is 9
The category is Science
Science Question 1
Answer was corrent!!!!
Pat now has 4 Gold Coins.
Sue is the current player
They have rolled a 1
Sue's new location is 0
The category is Pop
Pop Question 3
Answer was corrent!!!!
Sue now has 3 Gold Coins.
Chet is the current player
They have rolled a 5
Chet's new location is 1
The category is Science
Science Question 2
Answer was corrent!!!!
Chet now has 5 Gold Coins.
Pat is the current player
They have rolled a 2
Pat's new location is 11
The category is Rock
Rock Question 4
Answer was corrent!!!!
Pat now has 5 Gold Coins.
Sue is the current player
They have rolled a 2
Sue's new location is 2
The category is Sports
Sports Question 2
Answer was corrent!!!!
Sue now has 4 Gold Coins.
Chet is the current player
They have rolled a 2
Chet's new location is 3
The category is Rock
Rock Question 5
Answer was corrent!!!!
Chet now has 6 Gold Coins.


Output 98:
Chet was added
They are player number 1
Pat was added
They are player number 2
Sue was added
They are player number 3
Chet is the current player
They have rolled a 2
Chet's new location is 2
The category is Sports
Sports Question 0
Answer was corrent!!!!
Chet now has 1 Gold Coins.
Pat is the current player
They have rolled a 3
Pat's new location is 3
The category is Rock
Rock Question 0
Answer was corrent!!!!
Pat now has 1 Gold Coins.
Sue is the current player
They have rolled a 5
Sue's new location is 5
The category is Science
Science Question 0
Answer was corrent!!!!
Sue now has 1 Gold Coins.
Chet is the current player
They have rolled a 4
Chet's new location is 6
The category is Sports
Sports Question 1
Answer was corrent!!!!
Chet now has 2 Gold Coins.
Pat is the current player
They have rolled a 3
Pat's new location is 6
The category is Sports
Sports Question 2
Answer was corrent!!!!
Pat now has 2 Gold Coins.
Sue is the current player
They have rolled a 4
Sue's new location is 9
The category is Science
Science Question 1
Answer was corrent!!!!
Sue now has 2 Gold Coins.
Chet is the current player
They have rolled a 1
Chet's new location is 7
The category is Rock
Rock Question 1
Question was incorrectly answered
Chet was sent to the penalty box
Pat is the current player
They have rolled a 1
Pat's new location is 7
The category is Rock
Rock Question 2
Answer was corrent!!!!
Pat now has 3 Gold Coins.
Sue is the current player
They have rolled a 3
Sue's new location is 0
The category is Pop
Pop Question 0
Question was incorrectly answered
Sue was sent to the penalty box
Chet is the current player
They have rolled a 4
Chet is not getting out of the penalty box
Question was incorrectly answered
Chet was sent to the penalty box
Pat is the current player
They have rolled a 2
Pat's new location is 9
The category is Science
Science Question 2
Answer was corrent!!!!
Pat now has 4 Gold Coins.
Sue is the current player
They have rolled a 1
Sue is getting out of the penalty box
Sue's new location is 1
The category is Science
Science Question 3
Answer was corrent!!!!
Sue now has 3 Gold Coins.
Chet is the current player
They have rolled a 2
Chet is not getting out of the penalty box
Question was incorrectly answered
Chet was sent to the penalty box
Pat is the current player
They have rolled a 4
Pat's new location is 1
The category is Science
Science Question 4
Answer was corrent!!!!
Pat now has 5 Gold Coins.
Sue is the current player
They have rolled a 4
Sue's new location is 5
The category is Science
Science Question 5
Answer was corrent!!!!
Sue now has 4 Gold Coins.
Chet is the current player
They have rolled a 4
Chet is not getting out of the penalty box
Answer was corrent!!!!
Chet now has 3 Gold Coins.
Pat is the current player
They have rolled a 1
Pat's new location is 2
The category is Sports
Sports Question 3
Question was incorrectly answered
Pat was sent to the penalty box
Sue is the current player
They have rolled a 2
Sue's new location is 7
The category is Rock
Rock Question 3
Answer was corrent!!!!
Sue now has 5 Gold Coins.
Chet is the current player
They have rolled a 2
Chet is not getting out of the penalty box
Answer was corrent!!!!
Chet now has 4 Gold Coins.
Pat is the current player
They have rolled a 1
Pat is getting out of the penalty box
Pat's new location is 3
The category is Rock
Rock Question 4
Answer was corrent!!!!
Pat now has 6 Gold Coins.


Output 99:
Chet was added
They are player number 1
Pat was added
They are player number 2
Sue was added
They are player number 3
Chet is the current player
They have rolled a 3
Chet's new location is 3
The category is Rock
Rock Question 0
Answer was corrent!!!!
Chet now has 1 Gold Coins.
Pat is the current player
They have rolled a 1
Pat's new location is 1
The category is Science
Science Question 0
Answer was corrent!!!!
Pat now has 1 Gold Coins.
Sue is the current player
They have rolled a 2
Sue's new location is 2
The category is Sports
Sports Question 0
Answer was corrent!!!!
Sue now has 1 Gold Coins.
Chet is the current player
They have rolled a 3
Chet's new location is 6
The category is Sports
Sports Question 1
Answer was corrent!!!!
Chet now has 2 Gold Coins.
Pat is the current player
They have rolled a 5
Pat's new location is 6
The category is Sports
Sports Question 2
Answer was corrent!!!!
Pat now has 2 Gold Coins.
Sue is the current player
They have rolled a 3
Sue's new location is 5
The category is Science
Science Question 1
Answer was corrent!!!!
Sue now has 2 Gold Coins.
Chet is the current player
They have rolled a 3
Chet's new location is 9
The category is Science
Science Question 2
Question was incorrectly answered
Chet was sent to the penalty box
Pat is the current player
They have rolled a 4
Pat's new location is 10
The category is Sports
Sports Question 3
Answer was corrent!!!!
Pat now has 3 Gold Coins.
Sue is the current player
They have rolled a 2
Sue's new location is 7
The category is Rock
Rock Question 1
Answer was corrent!!!!
Sue now has 3 Gold Coins.
Chet is the current player
They have rolled a 4
Chet is not getting out of the penalty box
Answer was corrent!!!!
Chet now has 3 Gold Coins.
Pat is the current player
They have rolled a 2
Pat's new location is 0
The category is Pop
Pop Question 0
Answer was corrent!!!!
Pat now has 4 Gold Coins.
Sue is the current player
They have rolled a 1
Sue's new location is 8
The category is Pop
Pop Question 1
Answer was corrent!!!!
Sue now has 4 Gold Coins.
Chet is the current player
They have rolled a 3
Chet is getting out of the penalty box
Chet's new location is 0
The category is Pop
Pop Question 2
Answer was corrent!!!!
Chet now has 4 Gold Coins.
Pat is the current player
They have rolled a 4
Pat's new location is 4
The category is Pop
Pop Question 3
Answer was corrent!!!!
Pat now has 5 Gold Coins.
Sue is the current player
They have rolled a 4
Sue's new location is 0
The category is Pop
Pop Question 4
Answer was corrent!!!!
Sue now has 5 Gold Coins.
Chet is the current player
They have rolled a 5
Chet's new location is 5
The category is Science
Science Question 3
Answer was corrent!!!!
Chet now has 5 Gold Coins.
Pat is the current player
They have rolled a 1
Pat's new location is 5
The category is Science
Science Question 4
Answer was corrent!!!!
Pat now has 6 Gold Coins.


Output 100:
Chet was added
They are player number 1
Pat was added
They are player number 2
Sue was added
They are player number 3
Chet is the current player
They have rolled a 1
Chet's new location is 1
The category is Science
Science Question 0
Answer was corrent!!!!
Chet now has 1 Gold Coins.
Pat is the current player
They have rolled a 1
Pat's new location is 1
The category is Science
Science Question 1
Answer was corrent!!!!
Pat now has 1 Gold Coins.
Sue is the current player
They have rolled a 3
Sue's new location is 3
The category is Rock
Rock Question 0
Answer was corrent!!!!
Sue now has 1 Gold Coins.
Chet is the current player
They have rolled a 5
Chet's new location is 6
The category is Sports
Sports Question 0
Answer was corrent!!!!
Chet now has 2 Gold Coins.
Pat is the current player
They have rolled a 4
Pat's new location is 5
The category is Science
Science Question 2
Answer was corrent!!!!
Pat now has 2 Gold Coins.
Sue is the current player
They have rolled a 3
Sue's new location is 6
The category is Sports
Sports Question 1
Answer was corrent!!!!
Sue now has 2 Gold Coins.
Chet is the current player
They have rolled a 4
Chet's new location is 10
The category is Sports
Sports Question 2
Answer was corrent!!!!
Chet now has 3 Gold Coins.
Pat is the current player
They have rolled a 3
Pat's new location is 8
The category is Pop
Pop Question 0
Answer was corrent!!!!
Pat now has 3 Gold Coins.
Sue is the current player
They have rolled a 5
Sue's new location is 11
The category is Rock
Rock Question 1
Question was incorrectly answered
Sue was sent to the penalty box
Chet is the current player
They have rolled a 4
Chet's new location is 2
The category is Sports
Sports Question 3
Answer was corrent!!!!
Chet now has 4 Gold Coins.
Pat is the current player
They have rolled a 4
Pat's new location is 0
The category is Pop
Pop Question 1
Answer was corrent!!!!
Pat now has 4 Gold Coins.
Sue is the current player
They have rolled a 2
Sue is not getting out of the penalty box
Answer was corrent!!!!
Sue now has 3 Gold Coins.
Chet is the current player
They have rolled a 2
Chet's new location is 4
The category is Pop
Pop Question 2
Answer was corrent!!!!
Chet now has 5 Gold Coins.
Pat is the current player
They have rolled a 3
Pat's new location is 3
The category is Rock
Rock Question 2
Question was incorrectly answered
Pat was sent to the penalty box
Sue is the current player
They have rolled a 5
Sue is getting out of the penalty box
Sue's new location is 4
The category is Pop
Pop Question 3
Answer was corrent!!!!
Sue now has 4 Gold Coins.
Chet is the current player
They have rolled a 3
Chet's new location is 7
The category is Rock
Rock Question 3
Answer was corrent!!!!
Chet now has 6 Gold Coins.


